Archive member included to satisfy reference by file (symbol)

c:/program files (x86)/atmel/studio/7.0/toolchain/avr8/avr8-gnu-toolchain/bin/../lib/gcc/avr/5.4.0/../../../../avr/lib/avr6\libm.a(addsf3.o)
                              DallasTemperature.o (__subsf3)
c:/program files (x86)/atmel/studio/7.0/toolchain/avr8/avr8-gnu-toolchain/bin/../lib/gcc/avr/5.4.0/../../../../avr/lib/avr6\libm.a(addsf3x.o)
                              c:/program files (x86)/atmel/studio/7.0/toolchain/avr8/avr8-gnu-toolchain/bin/../lib/gcc/avr/5.4.0/../../../../avr/lib/avr6\libm.a(addsf3.o) (__addsf3x)
c:/program files (x86)/atmel/studio/7.0/toolchain/avr8/avr8-gnu-toolchain/bin/../lib/gcc/avr/5.4.0/../../../../avr/lib/avr6\libm.a(floatsisf.o)
                              DallasTemperature.o (__floatsisf)
c:/program files (x86)/atmel/studio/7.0/toolchain/avr8/avr8-gnu-toolchain/bin/../lib/gcc/avr/5.4.0/../../../../avr/lib/avr6\libm.a(fp_inf.o)
                              c:/program files (x86)/atmel/studio/7.0/toolchain/avr8/avr8-gnu-toolchain/bin/../lib/gcc/avr/5.4.0/../../../../avr/lib/avr6\libm.a(addsf3x.o) (__fp_inf)
c:/program files (x86)/atmel/studio/7.0/toolchain/avr8/avr8-gnu-toolchain/bin/../lib/gcc/avr/5.4.0/../../../../avr/lib/avr6\libm.a(fp_nan.o)
                              c:/program files (x86)/atmel/studio/7.0/toolchain/avr8/avr8-gnu-toolchain/bin/../lib/gcc/avr/5.4.0/../../../../avr/lib/avr6\libm.a(addsf3x.o) (__fp_nan)
c:/program files (x86)/atmel/studio/7.0/toolchain/avr8/avr8-gnu-toolchain/bin/../lib/gcc/avr/5.4.0/../../../../avr/lib/avr6\libm.a(fp_pscA.o)
                              c:/program files (x86)/atmel/studio/7.0/toolchain/avr8/avr8-gnu-toolchain/bin/../lib/gcc/avr/5.4.0/../../../../avr/lib/avr6\libm.a(addsf3x.o) (__fp_pscA)
c:/program files (x86)/atmel/studio/7.0/toolchain/avr8/avr8-gnu-toolchain/bin/../lib/gcc/avr/5.4.0/../../../../avr/lib/avr6\libm.a(fp_pscB.o)
                              c:/program files (x86)/atmel/studio/7.0/toolchain/avr8/avr8-gnu-toolchain/bin/../lib/gcc/avr/5.4.0/../../../../avr/lib/avr6\libm.a(addsf3x.o) (__fp_pscB)
c:/program files (x86)/atmel/studio/7.0/toolchain/avr8/avr8-gnu-toolchain/bin/../lib/gcc/avr/5.4.0/../../../../avr/lib/avr6\libm.a(fp_round.o)
                              c:/program files (x86)/atmel/studio/7.0/toolchain/avr8/avr8-gnu-toolchain/bin/../lib/gcc/avr/5.4.0/../../../../avr/lib/avr6\libm.a(addsf3.o) (__fp_round)
c:/program files (x86)/atmel/studio/7.0/toolchain/avr8/avr8-gnu-toolchain/bin/../lib/gcc/avr/5.4.0/../../../../avr/lib/avr6\libm.a(fp_split3.o)
                              c:/program files (x86)/atmel/studio/7.0/toolchain/avr8/avr8-gnu-toolchain/bin/../lib/gcc/avr/5.4.0/../../../../avr/lib/avr6\libm.a(addsf3x.o) (__fp_split3)
c:/program files (x86)/atmel/studio/7.0/toolchain/avr8/avr8-gnu-toolchain/bin/../lib/gcc/avr/5.4.0/../../../../avr/lib/avr6\libm.a(fp_zero.o)
                              c:/program files (x86)/atmel/studio/7.0/toolchain/avr8/avr8-gnu-toolchain/bin/../lib/gcc/avr/5.4.0/../../../../avr/lib/avr6\libm.a(addsf3x.o) (__fp_zero)
c:/program files (x86)/atmel/studio/7.0/toolchain/avr8/avr8-gnu-toolchain/bin/../lib/gcc/avr/5.4.0/../../../../avr/lib/avr6\libm.a(gesf2.o)
                              BrewManager.o (__gtsf2)
c:/program files (x86)/atmel/studio/7.0/toolchain/avr8/avr8-gnu-toolchain/bin/../lib/gcc/avr/5.4.0/../../../../avr/lib/avr6\libm.a(mulsf3.o)
                              DallasTemperature.o (__mulsf3)
c:/program files (x86)/atmel/studio/7.0/toolchain/avr8/avr8-gnu-toolchain/bin/../lib/gcc/avr/5.4.0/../../../../avr/lib/avr6\libm.a(mulsf3x.o)
                              c:/program files (x86)/atmel/studio/7.0/toolchain/avr8/avr8-gnu-toolchain/bin/../lib/gcc/avr/5.4.0/../../../../avr/lib/avr6\libm.a(mulsf3.o) (__mulsf3x)
c:/program files (x86)/atmel/studio/7.0/toolchain/avr8/avr8-gnu-toolchain/bin/../lib/gcc/avr/5.4.0/../../../../avr/lib/avr6\libm.a(fp_cmp.o)
                              c:/program files (x86)/atmel/studio/7.0/toolchain/avr8/avr8-gnu-toolchain/bin/../lib/gcc/avr/5.4.0/../../../../avr/lib/avr6\libm.a(gesf2.o) (__fp_cmp)
C:\Users\NICK\Documents\Arduino Projects\TeaMachine\TeaMachine\ArduinoCore\Release\libArduinoCore.a(abi.o)
                              ATMegaApplicationBase.o (__cxa_pure_virtual)
C:\Users\NICK\Documents\Arduino Projects\TeaMachine\TeaMachine\ArduinoCore\Release\libArduinoCore.a(HardwareSerial.o)
                              TeaMachineApp.o (_ZN14HardwareSerial5beginEmh)
C:\Users\NICK\Documents\Arduino Projects\TeaMachine\TeaMachine\ArduinoCore\Release\libArduinoCore.a(HardwareSerial0.o)
                              Boiler.o (Serial)
C:\Users\NICK\Documents\Arduino Projects\TeaMachine\TeaMachine\ArduinoCore\Release\libArduinoCore.a(main.o)
                              C:/Program Files (x86)/Atmel/Studio/7.0/Packs/atmel/ATmega_DFP/1.1.130/gcc/dev/atmega2560/avr6/crtatmega2560.o (main)
[...]
Memory Configuration

Name             Origin             Length             Attributes
text             0x00000000         0x00100000         xr
data             0x00800200         0x0000fe00         rw !x
eeprom           0x00810000         0x00010000         rw !x
fuse             0x00820000         0x00000003         rw !x
lock             0x00830000         0x00000400         rw !x
signature        0x00840000         0x00000400         rw !x
user_signatures  0x00850000         0x00000400         rw !x
*default*        0x00000000         0xffffffff

Linker script and memory map

Address of section .data set to 0x800200
LOAD C:/Program Files (x86)/Atmel/Studio/7.0/Packs/atmel/ATmega_DFP/1.1.130/gcc/dev/atmega2560/avr6/crtatmega2560.o
LOAD ATMegaApplicationBase.o
LOAD BagConveyor.o
LOAD Boiler.o
LOAD BrewManager.o
LOAD ConveyorManager.o
LOAD CupConveyor.o
LOAD CupDetector.o
LOAD CupLevelProbe.o
LOAD DallasTemperature.o
LOAD Display.o
LOAD Drink.o
LOAD Extractor.o
LOAD Main.o
LOAD Masher.o
LOAD MilkDispenser.o
LOAD MilkManager.o
LOAD NewPing.o
LOAD OneWire.o
LOAD ProcessManagerBase.o
LOAD StirManager.o
LOAD Stirrer.o
LOAD System.o
LOAD TeaMachineApp.o
LOAD TeaMachineComponent.o
LOAD TeaMachineController.o
LOAD UIManager.o
LOAD UserControls.o
START GROUP
LOAD c:/program files (x86)/atmel/studio/7.0/toolchain/avr8/avr8-gnu-toolchain/bin/../lib/gcc/avr/5.4.0/../../../../avr/lib/avr6\libm.a
LOAD C:\Users\NICK\Documents\Arduino Projects\TeaMachine\TeaMachine\ArduinoCore\Release\libArduinoCore.a
END GROUP
LOAD c:/program files (x86)/atmel/studio/7.0/toolchain/avr8/avr8-gnu-toolchain/bin/../lib/gcc/avr/5.4.0/avr6\libgcc.a
LOAD c:/program files (x86)/atmel/studio/7.0/toolchain/avr8/avr8-gnu-toolchain/bin/../lib/gcc/avr/5.4.0/../../../../avr/lib/avr6\libm.a
START GROUP
LOAD c:/program files (x86)/atmel/studio/7.0/toolchain/avr8/avr8-gnu-toolchain/bin/../lib/gcc/avr/5.4.0/avr6\libgcc.a
LOAD c:/program files (x86)/atmel/studio/7.0/toolchain/avr8/avr8-gnu-toolchain/bin/../lib/gcc/avr/5.4.0/../../../../avr/lib/avr6\libm.a
LOAD c:/program files (x86)/atmel/studio/7.0/toolchain/avr8/avr8-gnu-toolchain/bin/../lib/gcc/avr/5.4.0/../../../../avr/lib/avr6\libc.a
LOAD C:/Program Files (x86)/Atmel/Studio/7.0/Packs/atmel/ATmega_DFP/1.1.130/gcc/dev/atmega2560/avr6\libatmega2560.a
END GROUP
                0x00100000                __TEXT_REGION_LENGTH__ = DEFINED (__TEXT_REGION_LENGTH__)?__TEXT_REGION_LENGTH__:0x100000
                0x0000fe00                __DATA_REGION_LENGTH__ = DEFINED (__DATA_REGION_LENGTH__)?__DATA_REGION_LENGTH__:0xfe00
                0x00010000                __EEPROM_REGION_LENGTH__ = DEFINED (__EEPROM_REGION_LENGTH__)?__EEPROM_REGION_LENGTH__:0x10000
                [0x00000003]                __FUSE_REGION_LENGTH__ = DEFINED (__FUSE_REGION_LENGTH__)?__FUSE_REGION_LENGTH__:0x400
                0x00000400                __LOCK_REGION_LENGTH__ = DEFINED (__LOCK_REGION_LENGTH__)?__LOCK_REGION_LENGTH__:0x400
                0x00000400                __SIGNATURE_REGION_LENGTH__ = DEFINED (__SIGNATURE_REGION_LENGTH__)?__SIGNATURE_REGION_LENGTH__:0x400
                0x00000400                __USER_SIGNATURE_REGION_LENGTH__ = DEFINED (__USER_SIGNATURE_REGION_LENGTH__)?__USER_SIGNATURE_REGION_LENGTH__:0x400

.hash
 *(.hash)

.dynsym
 *(.dynsym)

.dynstr
 *(.dynstr)

.gnu.version
 *(.gnu.version)

.gnu.version_d
 *(.gnu.version_d)

.gnu.version_r
 *(.gnu.version_r)

.rel.init
 *(.rel.init)

.rela.init
 *(.rela.init)

.rel.text
 *(.rel.text)
 *(.rel.text.*)
 *(.rel.gnu.linkonce.t*)

.rela.text
 *(.rela.text)
 *(.rela.text.*)
 *(.rela.gnu.linkonce.t*)

.rel.fini
 *(.rel.fini)

.rela.fini
 *(.rela.fini)

.rel.rodata
 *(.rel.rodata)
 *(.rel.rodata.*)
 *(.rel.gnu.linkonce.r*)

.rela.rodata
 *(.rela.rodata)
 *(.rela.rodata.*)
 *(.rela.gnu.linkonce.r*)

.rel.data
 *(.rel.data)
 *(.rel.data.*)
 *(.rel.gnu.linkonce.d*)

.rela.data
 *(.rela.data)
 *(.rela.data.*)
 *(.rela.gnu.linkonce.d*)

.rel.ctors
 *(.rel.ctors)

.rela.ctors
 *(.rela.ctors)

.rel.dtors
 *(.rel.dtors)

.rela.dtors
 *(.rela.dtors)

.rel.got
 *(.rel.got)

.rela.got
 *(.rela.got)

.rel.bss
 *(.rel.bss)

.rela.bss
 *(.rela.bss)

.rel.plt
 *(.rel.plt)

.rela.plt
 *(.rela.plt)

.text           0x00000000     0x6ae0
 *(.vectors)
 .vectors       0x00000000       0xe4 C:/Program Files (x86)/Atmel/Studio/7.0/Packs/atmel/ATmega_DFP/1.1.130/gcc/dev/atmega2560/avr6/crtatmega2560.o
                0x00000000                __vector_default
                0x00000000                __vectors
 *(.vectors)
 *(.progmem.gcc*)
 .progmem.gcc_sw_table._ZN11BrewManager19AdvanceStateMachineEv
                0x000000e4       0x1c BrewManager.o
 .progmem.gcc_sw_table._ZN7Display14GetSegmentCodeEc23AlphaSegmentCodePortion
                0x00000100       0x2e Display.o
 .progmem.gcc_sw_table._ZN10TeaMachine18ExecuteGroup1TestsEv
                0x0000012e       0x18 TeaMachineApp.o
 .progmem.gcc_sw_table._ZN20TeaMachineController5StartE24TeaMachineControllerMode
                0x00000146       0x10 TeaMachineController.o
 .progmem.gcc_sw_table._ZN12UserControls21GetControlStateDirectEi
                0x00000156       0x18 UserControls.o
 .progmem.gcc_sw_table.turnOffPWM
                0x0000016e       0x24 C:\Users\NICK\Documents\Arduino Projects\TeaMachine\TeaMachine\ArduinoCore\Release\libArduinoCore.a(wiring_digital.o)
                0x00000192                . = ALIGN (0x2)
                0x00000192                __trampolines_start = .
 *(.trampolines)
 .trampolines   0x00000192        0x0 linker stubs
 *(.trampolines*)
                0x00000192                __trampolines_end = .
 *libprintf_flt.a:*(.progmem.data)
 *libc.a:*(.progmem.data)
 *(.progmem*)
 .progmem.data._ZL11dscrc_table
                0x00000192      0x100 OneWire.o
 .progmem.data.digital_pin_to_timer_PGM
                0x00000292       0x46 C:\Users\NICK\Documents\Arduino Projects\TeaMachine\TeaMachine\ArduinoCore\Release\libArduinoCore.a(wiring_digital.o)
                0x00000292                digital_pin_to_timer_PGM
 .progmem.data.digital_pin_to_bit_mask_PGM
                0x000002d8       0x46 C:\Users\NICK\Documents\Arduino Projects\TeaMachine\TeaMachine\ArduinoCore\Release\libArduinoCore.a(wiring_digital.o)
                0x000002d8                digital_pin_to_bit_mask_PGM
 .progmem.data.digital_pin_to_port_PGM
                0x0000031e       0x46 C:\Users\NICK\Documents\Arduino Projects\TeaMachine\TeaMachine\ArduinoCore\Release\libArduinoCore.a(wiring_digital.o)
                0x0000031e                digital_pin_to_port_PGM
 .progmem.data.port_to_input_PGM
                0x00000364       0x1a C:\Users\NICK\Documents\Arduino Projects\TeaMachine\TeaMachine\ArduinoCore\Release\libArduinoCore.a(wiring_digital.o)
                0x00000364                port_to_input_PGM
 .progmem.data.port_to_output_PGM
                0x0000037e       0x1a C:\Users\NICK\Documents\Arduino Projects\TeaMachine\TeaMachine\ArduinoCore\Release\libArduinoCore.a(wiring_digital.o)
                0x0000037e                port_to_output_PGM
 .progmem.data.port_to_mode_PGM
                0x00000398       0x1a C:\Users\NICK\Documents\Arduino Projects\TeaMachine\TeaMachine\ArduinoCore\Release\libArduinoCore.a(wiring_digital.o)
                0x00000398                port_to_mode_PGM
                0x000003b2                . = ALIGN (0x2)
 *(.jumptables)
 *(.jumptables*)
 *(.lowtext)
 *(.lowtext*)
                0x000003b2                __ctors_start = .
 *(.ctors)
 .ctors         0x000003b2        0x2 Main.o
 .ctors         0x000003b4        0x2 C:\Users\NICK\Documents\Arduino Projects\TeaMachine\TeaMachine\ArduinoCore\Release\libArduinoCore.a(HardwareSerial0.o)
                0x000003b6                __ctors_end = .
                0x000003b6                __dtors_start = .
 *(.dtors)
 .dtors         0x000003b6        0x2 Main.o
                0x000003b8                __dtors_end = .
 SORT(*)(.ctors)
 SORT(*)(.dtors)
 *(.init0)
 .init0         0x000003b8        0x0 C:/Program Files (x86)/Atmel/Studio/7.0/Packs/atmel/ATmega_DFP/1.1.130/gcc/dev/atmega2560/avr6/crtatmega2560.o
                0x000003b8                __init
 *(.init0)
 *(.init1)
 *(.init1)
 *(.init2)
 .init2         0x000003b8       0x10 C:/Program Files (x86)/Atmel/Studio/7.0/Packs/atmel/ATmega_DFP/1.1.130/gcc/dev/atmega2560/avr6/crtatmega2560.o
 *(.init2)
 *(.init3)
 *(.init3)
 *(.init4)
 .init4         0x000003c8       0x1a c:/program files (x86)/atmel/studio/7.0/toolchain/avr8/avr8-gnu-toolchain/bin/../lib/gcc/avr/5.4.0/avr6\libgcc.a(_copy_data.o)
                0x000003c8                __do_copy_data
 .init4         0x000003e2       0x10 c:/program files (x86)/atmel/studio/7.0/toolchain/avr8/avr8-gnu-toolchain/bin/../lib/gcc/avr/5.4.0/avr6\libgcc.a(_clear_bss.o)
                0x000003e2                __do_clear_bss
 *(.init4)
 *(.init5)
 *(.init5)
 *(.init6)
 .init6         0x000003f2       0x20 c:/program files (x86)/atmel/studio/7.0/toolchain/avr8/avr8-gnu-toolchain/bin/../lib/gcc/avr/5.4.0/avr6\libgcc.a(_ctors.o)
                0x000003f2                __do_global_ctors
 *(.init6)
 *(.init7)
 *(.init7)
 *(.init8)
 *(.init8)
 *(.init9)
 .init9         0x00000412        0x8 C:/Program Files (x86)/Atmel/Studio/7.0/Packs/atmel/ATmega_DFP/1.1.130/gcc/dev/atmega2560/avr6/crtatmega2560.o
 *(.init9)
 *(.text)
 .text          0x0000041a        0x2 C:/Program Files (x86)/Atmel/Studio/7.0/Packs/atmel/ATmega_DFP/1.1.130/gcc/dev/atmega2560/avr6/crtatmega2560.o
                0x0000041a                __vector_38
                0x0000041a                __vector_22
                0x0000041a                __vector_28
                0x0000041a                __vector_1
                0x0000041a                __vector_32
                0x0000041a                __vector_34
                0x0000041a                __vector_24
                0x0000041a                __vector_12
                0x0000041a                __vector_55
                0x0000041a                __vector_46
                0x0000041a                __bad_interrupt
                0x0000041a                __vector_6
                0x0000041a                __vector_31
                0x0000041a                __vector_35
                0x0000041a                __vector_39
                0x0000041a                __vector_3
                0x0000041a                __vector_30
                0x0000041a                __vector_45
                0x0000041a                __vector_11
                0x0000041a                __vector_54
                0x0000041a                __vector_17
                0x0000041a                __vector_19
                0x0000041a                __vector_56
                0x0000041a                __vector_7
                0x0000041a                __vector_49
                0x0000041a                __vector_41
                0x0000041a                __vector_43
                0x0000041a                __vector_27
                0x0000041a                __vector_5
                0x0000041a                __vector_33
                0x0000041a                __vector_47
                0x0000041a                __vector_52
                0x0000041a                __vector_37
                0x0000041a                __vector_4
                0x0000041a                __vector_44
                0x0000041a                __vector_51
                0x0000041a                __vector_9
                0x0000041a                __vector_2
                0x0000041a                __vector_21
                0x0000041a                __vector_15
                0x0000041a                __vector_36
                0x0000041a                __vector_29
                0x0000041a                __vector_40
                0x0000041a                __vector_8
                0x0000041a                __vector_48
                0x0000041a                __vector_14
                0x0000041a                __vector_53
                0x0000041a                __vector_10
                0x0000041a                __vector_50
                0x0000041a                __vector_16
                0x0000041a                __vector_18
                0x0000041a                __vector_20
                0x0000041a                __vector_42
                0x0000041c                . = ALIGN (0x2)
 *(.text.*)
 .text._ZN21ATMegaApplicationBase10InitialiseEv
                0x0000041c        0x4 ATMegaApplicationBase.o
                0x0000041c                _ZN21ATMegaApplicationBase10InitialiseEv
 .text._ZN21ATMegaApplicationBaseC2Ev
                0x00000420       0x10 ATMegaApplicationBase.o
                0x00000420                _ZN21ATMegaApplicationBaseC2Ev
                0x00000420                _ZN21ATMegaApplicationBaseC1Ev
 .text._ZN21ATMegaApplicationBaseD2Ev
                0x00000430       0x2c ATMegaApplicationBase.o
                0x00000430                _ZN21ATMegaApplicationBaseD1Ev
                0x00000430                _ZN21ATMegaApplicationBaseD2Ev
 .text._ZN21ATMegaApplicationBase9GetSystemEv
                0x0000045c       0x32 ATMegaApplicationBase.o
                0x0000045c                _ZN21ATMegaApplicationBase9GetSystemEv
 .text._ZN11BagConveyorC2EP10TeaMachine
                0x0000048e       0x18 BagConveyor.o
                0x0000048e                _ZN11BagConveyorC1EP10TeaMachine
                0x0000048e                _ZN11BagConveyorC2EP10TeaMachine
 .text._ZN11BagConveyor12BeginAdvanceEv
                0x000004a6       0x32 BagConveyor.o
                0x000004a6                _ZN11BagConveyor12BeginAdvanceEv
 .text._ZN11BagConveyor4TestEv
                0x000004d8        0x4 BagConveyor.o
                0x000004d8                _ZN11BagConveyor4TestEv
 .text._ZN11BagConveyor12IsStationaryEv
                0x000004dc       0x18 BagConveyor.o
                0x000004dc                _ZN11BagConveyor12IsStationaryEv
 .text._ZN11BagConveyor4StopEv
                0x000004f4        0x2 BagConveyor.o
                0x000004f4                _ZN11BagConveyor4StopEv
 .text._ZN6Boiler10InitialiseEv
                0x000004f6       0x4a Boiler.o
                0x000004f6                _ZN6Boiler10InitialiseEv
 .text._ZN6BoilerC2EP10TeaMachine
                0x00000540       0x20 Boiler.o
                0x00000540                _ZN6BoilerC1EP10TeaMachine
                0x00000540                _ZN6BoilerC2EP10TeaMachine
 .text._ZN6BoilerD2Ev
                0x00000560        0xe Boiler.o
                0x00000560                _ZN6BoilerD1Ev
                0x00000560                _ZN6BoilerD2Ev
 .text._ZN6Boiler18MonitorTemperatureEv
                0x0000056e       0x44 Boiler.o
                0x0000056e                _ZN6Boiler18MonitorTemperatureEv
 .text._ZN6Boiler12EnableHeaterEb
                0x000005b2       0x2c Boiler.o
                0x000005b2                _ZN6Boiler12EnableHeaterEb
 .text._ZN6Boiler4TestEv
                0x000005de       0x40 Boiler.o
                0x000005de                _ZN6Boiler4TestEv
 .text._ZN6Boiler15EnableExitValveEb
                0x0000061e       0x20 Boiler.o
                0x0000061e                _ZN6Boiler15EnableExitValveEb
 .text._ZN6Boiler19GetWaterTemperatureEv
                0x0000063e       0x1c Boiler.o
                0x0000063e                _ZN6Boiler19GetWaterTemperatureEv
 .text._ZN6Boiler13TestExitValveEv
                0x0000065a       0x3c Boiler.o
                0x0000065a                _ZN6Boiler13TestExitValveEv
 .text._ZN11BrewManager10BeginResetEv
                0x00000696        0xa BrewManager.o
                0x00000696                _ZN11BrewManager10BeginResetEv
 .text._ZN11BrewManager4StopEv
                0x000006a0       0x36 BrewManager.o
                0x000006a0                _ZN11BrewManager4StopEv
 .text._ZN11BrewManager12BeginProcessEv
                0x000006d6       0x76 BrewManager.o
                0x000006d6                _ZN11BrewManager12BeginProcessEv
 .text._ZN11BrewManager4TestEv
                0x0000074c       0xac BrewManager.o
                0x0000074c                _ZN11BrewManager4TestEv
 .text._ZN11BrewManager12ClearMembersEv
                0x000007f8       0x56 BrewManager.o
                0x000007f8                _ZN11BrewManager12ClearMembersEv
 .text._ZN11BrewManagerC2EP20TeaMachineController
                0x0000084e       0x1a BrewManager.o
                0x0000084e                _ZN11BrewManagerC2EP20TeaMachineController
                0x0000084e                _ZN11BrewManagerC1EP20TeaMachineController
 .text._ZN11BrewManager8SetDrinkEP5Drink
                0x00000868       0x20 BrewManager.o
                0x00000868                _ZN11BrewManager8SetDrinkEP5Drink
 .text._ZN11BrewManager19AdvanceStateMachineEv
                0x00000888      0x456 BrewManager.o
                0x00000888                _ZN11BrewManager19AdvanceStateMachineEv
 .text._ZN11BrewManager8ContinueEv
                0x00000cde       0x68 BrewManager.o
                0x00000cde                _ZN11BrewManager8ContinueEv
 .text._ZN11BrewManager10InitialiseEv
                0x00000d46       0xf2 BrewManager.o
                0x00000d46                _ZN11BrewManager10InitialiseEv
 .text._ZN15ConveyorManager10BeginResetEv
                0x00000e38        0xa ConveyorManager.o
                0x00000e38                _ZN15ConveyorManager10BeginResetEv
 .text._ZN15ConveyorManager4StopEv
                0x00000e42        0x8 ConveyorManager.o
                0x00000e42                _ZN15ConveyorManager4StopEv
 .text._ZN15ConveyorManager12BeginProcessEv
                0x00000e4a       0x30 ConveyorManager.o
                0x00000e4a                _ZN15ConveyorManager12BeginProcessEv
 .text._ZN15ConveyorManager4TestEv
                0x00000e7a       0x42 ConveyorManager.o
                0x00000e7a                _ZN15ConveyorManager4TestEv
 .text._ZN15ConveyorManagerC2EP20TeaMachineController
                0x00000ebc       0x1e ConveyorManager.o
                0x00000ebc                _ZN15ConveyorManagerC2EP20TeaMachineController
                0x00000ebc                _ZN15ConveyorManagerC1EP20TeaMachineController
 .text._ZN15ConveyorManager19AdvanceStateMachineEv
                0x00000eda       0x9c ConveyorManager.o
                0x00000eda                _ZN15ConveyorManager19AdvanceStateMachineEv
 .text._ZN15ConveyorManager8ContinueEv
                0x00000f76       0x56 ConveyorManager.o
                0x00000f76                _ZN15ConveyorManager8ContinueEv
 .text._ZN15ConveyorManager10InitialiseEv
                0x00000fcc       0x38 ConveyorManager.o
                0x00000fcc                _ZN15ConveyorManager10InitialiseEv
 .text._ZN11CupConveyorC2EP10TeaMachine
                0x00001004       0x18 CupConveyor.o
                0x00001004                _ZN11CupConveyorC1EP10TeaMachine
                0x00001004                _ZN11CupConveyorC2EP10TeaMachine
 .text._ZN11CupConveyor12BeginAdvanceEv
                0x0000101c       0x32 CupConveyor.o
                0x0000101c                _ZN11CupConveyor12BeginAdvanceEv
 .text._ZN11CupConveyor4TestEv
                0x0000104e        0x4 CupConveyor.o
                0x0000104e                _ZN11CupConveyor4TestEv
 .text._ZN11CupConveyor12IsStationaryEv
                0x00001052       0x12 CupConveyor.o
                0x00001052                _ZN11CupConveyor12IsStationaryEv
 .text._ZN11CupConveyor4StopEv
                0x00001064        0x2 CupConveyor.o
                0x00001064                _ZN11CupConveyor4StopEv
 .text._ZN11CupDetector12ClearMembersEv
                0x00001066       0x12 CupDetector.o
                0x00001066                _ZN11CupDetector12ClearMembersEv
 .text._ZN11CupDetectorC2EP10TeaMachine
                0x00001078       0x1a CupDetector.o
                0x00001078                _ZN11CupDetectorC1EP10TeaMachine
                0x00001078                _ZN11CupDetectorC2EP10TeaMachine
 .text._ZN11CupDetector10InitialiseEv
                0x00001092       0x22 CupDetector.o
                0x00001092                _ZN11CupDetector10InitialiseEv
 .text._ZN11CupDetector6UpdateEv
                0x000010b4       0xc4 CupDetector.o
                0x000010b4                _ZN11CupDetector6UpdateEv
 .text._ZN11CupDetector20NotifyStationAdvanceEv
                0x00001178       0x34 CupDetector.o
                0x00001178                _ZN11CupDetector20NotifyStationAdvanceEv
 .text._ZN11CupDetector4TestEv
                0x000011ac      0x104 CupDetector.o
                0x000011ac                _ZN11CupDetector4TestEv
 .text._ZN13CupLevelProbe10InitialiseEv
                0x000012b0        0x2 CupLevelProbe.o
                0x000012b0                _ZN13CupLevelProbe10InitialiseEv
 .text._ZN13CupLevelProbeC2EP10TeaMachine
                0x000012b2       0x18 CupLevelProbe.o
                0x000012b2                _ZN13CupLevelProbeC1EP10TeaMachine
                0x000012b2                _ZN13CupLevelProbeC2EP10TeaMachine
 .text._ZN13CupLevelProbe5RaiseEv
                0x000012ca       0x26 CupLevelProbe.o
                0x000012ca                _ZN13CupLevelProbe5RaiseEv
 .text._ZN13CupLevelProbe5LowerEv
                0x000012f0       0x26 CupLevelProbe.o
                0x000012f0                _ZN13CupLevelProbe5LowerEv
 .text._ZN13CupLevelProbe4StopEv
                0x00001316        0xe CupLevelProbe.o
                0x00001316                _ZN13CupLevelProbe4StopEv
 .text._ZN13CupLevelProbe8IsRaisedEv
                0x00001324       0x18 CupLevelProbe.o
                0x00001324                _ZN13CupLevelProbe8IsRaisedEv
 .text._ZN13CupLevelProbe9CupIsFullEv
                0x0000133c       0x12 CupLevelProbe.o
                0x0000133c                _ZN13CupLevelProbe9CupIsFullEv
 .text._ZN13CupLevelProbe4TestEv
                0x0000134e       0x92 CupLevelProbe.o
                0x0000134e                _ZN13CupLevelProbe4TestEv
 .text._ZN17DallasTemperature19defaultAlarmHandlerEPKh
                0x000013e0        0x2 DallasTemperature.o
                0x000013e0                _ZN17DallasTemperature19defaultAlarmHandlerEPKh
 .text._ZN17DallasTemperatureC2EP7OneWire
                0x000013e2       0x1e DallasTemperature.o
                0x000013e2                _ZN17DallasTemperatureC1EP7OneWire
                0x000013e2                _ZN17DallasTemperatureC2EP7OneWire
 .text._ZN17DallasTemperature12validAddressEPKh
                0x00001400       0x1e DallasTemperature.o
                0x00001400                _ZN17DallasTemperature12validAddressEPKh
 .text._ZN17DallasTemperature10getAddressEPhh
                0x0000141e       0x52 DallasTemperature.o
                0x0000141e                _ZN17DallasTemperature10getAddressEPhh
 .text._ZN17DallasTemperature14readScratchPadEPKhPh
                0x00001470       0x76 DallasTemperature.o
                0x00001470                _ZN17DallasTemperature14readScratchPadEPKhPh
 .text._ZN17DallasTemperature11isConnectedEPKhPh
                0x000014e6       0x24 DallasTemperature.o
                0x000014e6                _ZN17DallasTemperature11isConnectedEPKhPh
 .text._ZN17DallasTemperature15readPowerSupplyEPKh
                0x0000150a       0x4c DallasTemperature.o
                0x0000150a                _ZN17DallasTemperature15readPowerSupplyEPKh
 .text._ZN17DallasTemperature13getResolutionEPKh
                0x00001556       0x62 DallasTemperature.o
                0x00001556                _ZN17DallasTemperature13getResolutionEPKh
 .text._ZN17DallasTemperature5beginEv
                0x000015b8       0xb6 DallasTemperature.o
                0x000015b8                _ZN17DallasTemperature5beginEv
 .text._ZN17DallasTemperature20isConversionCompleteEv
                0x0000166e       0x16 DallasTemperature.o
                0x0000166e                _ZN17DallasTemperature20isConversionCompleteEv
 .text._ZN17DallasTemperature27blockTillConversionCompleteEh
                0x00001684       0xb4 DallasTemperature.o
                0x00001684                _ZN17DallasTemperature27blockTillConversionCompleteEh
 .text._ZN17DallasTemperature19requestTemperaturesEv
                0x00001738       0x38 DallasTemperature.o
                0x00001738                _ZN17DallasTemperature19requestTemperaturesEv
 .text._ZN17DallasTemperature20calculateTemperatureEPKhPh
                0x00001770       0x5c DallasTemperature.o
                0x00001770                _ZN17DallasTemperature20calculateTemperatureEPKhPh
 .text._ZN17DallasTemperature7getTempEPKh
                0x000017cc       0x58 DallasTemperature.o
                0x000017cc                _ZN17DallasTemperature7getTempEPKh
 .text._ZN17DallasTemperature8getTempCEPKh
                0x00001824       0x2c DallasTemperature.o
                0x00001824                _ZN17DallasTemperature8getTempCEPKh
 .text._ZN17DallasTemperature15getTempCByIndexEh
                0x00001850       0x52 DallasTemperature.o
                0x00001850                _ZN17DallasTemperature15getTempCByIndexEh
 .text._ZN7DisplayC2Ev
                0x000018a2       0x18 Display.o
                0x000018a2                _ZN7DisplayC2Ev
                0x000018a2                _ZN7DisplayC1Ev
 .text._ZN7Display12ClearMembersEv
                0x000018ba       0x56 Display.o
                0x000018ba                _ZN7Display12ClearMembersEv
 .text._ZN7DisplayC2EP10TeaMachine
                0x00001910       0x1a Display.o
                0x00001910                _ZN7DisplayC1EP10TeaMachine
                0x00001910                _ZN7DisplayC2EP10TeaMachine
 .text._ZN7DisplayD2Ev
                0x0000192a       0x1c Display.o
                0x0000192a                _ZN7DisplayD2Ev
                0x0000192a                _ZN7DisplayD1Ev
 .text._ZN7Display3SetEiib
                0x00001946       0x1e Display.o
                0x00001946                _ZN7Display3SetEiib
 .text._ZN7Display3SetE16IndicatorNumerici
                0x00001964       0x2c Display.o
                0x00001964                _ZN7Display3SetE16IndicatorNumerici
 .text._ZN7Display3SetE14IndicatorAlphac
                0x00001990       0x24 Display.o
                0x00001990                _ZN7Display3SetE14IndicatorAlphac
 .text._ZN7Display3SetE12IndicatorLEDb
                0x000019b4       0x24 Display.o
                0x000019b4                _ZN7Display3SetE12IndicatorLEDb
 .text._ZN7Display14GetSegmentCodeEjb
                0x000019d8       0xce Display.o
                0x000019d8                _ZN7Display14GetSegmentCodeEjb
 .text._ZN7Display14GetSegmentCodeEjbb
                0x00001aa6       0x16 Display.o
                0x00001aa6                _ZN7Display14GetSegmentCodeEjbb
 .text._ZN7Display14GetSegmentCodeEc23AlphaSegmentCodePortion
                0x00001abc       0xd8 Display.o
                0x00001abc                _ZN7Display14GetSegmentCodeEc23AlphaSegmentCodePortion
 .text._ZN7Display16WriteDisplayDataEv
                0x00001b94      0x1e6 Display.o
                0x00001b94                _ZN7Display16WriteDisplayDataEv
 .text._ZN7Display4TestEv
                0x00001d7a      0x328 Display.o
                0x00001d7a                _ZN7Display4TestEv
 .text._ZN7Display6UpdateEv
                0x000020a2       0x18 Display.o
                0x000020a2                _ZN7Display6UpdateEv
 .text._ZN7Display10InitialiseEv
                0x000020ba       0x2e Display.o
                0x000020ba                _ZN7Display10InitialiseEv
 .text._ZN7Display7DoFlashEv
                0x000020e8       0x46 Display.o
                0x000020e8                _ZN7Display7DoFlashEv
 .text._ZN5DrinkD2Ev
                0x0000212e        0x2 Drink.o
                0x0000212e                _ZN5DrinkD2Ev
                0x0000212e                _ZN5DrinkD1Ev
 .text._ZN5Drink15InitialiseDrinkEv
                0x00002130       0x68 Drink.o
                0x00002130                _ZN5Drink15InitialiseDrinkEv
 .text._ZN5DrinkC2Ev
                0x00002198        0xc Drink.o
                0x00002198                _ZN5DrinkC1Ev
                0x00002198                _ZN5DrinkC2Ev
 .text._ZN5DrinkC2Ej
                0x000021a4        0xc Drink.o
                0x000021a4                _ZN5DrinkC2Ej
                0x000021a4                _ZN5DrinkC1Ej
 .text._ZN5Drink11SetNextTypeEv
                0x000021b0       0x18 Drink.o
                0x000021b0                _ZN5Drink11SetNextTypeEv
 .text._ZN5Drink15SetPreviousTypeEv
                0x000021c8       0x1e Drink.o
                0x000021c8                _ZN5Drink15SetPreviousTypeEv
 .text._ZN9ExtractorC2EP10TeaMachine
                0x000021e6       0x18 Extractor.o
                0x000021e6                _ZN9ExtractorC2EP10TeaMachine
                0x000021e6                _ZN9ExtractorC1EP10TeaMachine
 .text._ZN9Extractor5RaiseEv
                0x000021fe       0x26 Extractor.o
                0x000021fe                _ZN9Extractor5RaiseEv
 .text._ZN9Extractor5LowerEv
                0x00002224       0x26 Extractor.o
                0x00002224                _ZN9Extractor5LowerEv
 .text._ZN9Extractor4StopEv
                0x0000224a        0xe Extractor.o
                0x0000224a                _ZN9Extractor4StopEv
 .text._ZN9Extractor8IsRaisedEv
                0x00002258       0x16 Extractor.o
                0x00002258                _ZN9Extractor8IsRaisedEv
 .text._ZN9Extractor9IsLoweredEv
                0x0000226e       0x16 Extractor.o
                0x0000226e                _ZN9Extractor9IsLoweredEv
 .text._ZN9Extractor4TestEv
                0x00002284       0x28 Extractor.o
                0x00002284                _ZN9Extractor4TestEv
 .text.startup._GLOBAL__sub_I_gApplication
                0x000022ac        0x8 Main.o
 .text.exit._GLOBAL__sub_D_gApplication
                0x000022b4        0x8 Main.o
 .text.setup    0x000022bc        0xe Main.o
                0x000022bc                setup
 .text.loop     0x000022ca       0x14 Main.o
                0x000022ca                loop
 .text._ZN6MasherC2EP10TeaMachine
                0x000022de       0x1a Masher.o
                0x000022de                _ZN6MasherC1EP10TeaMachine
                0x000022de                _ZN6MasherC2EP10TeaMachine
 .text._ZN6Masher5RaiseEv
                0x000022f8       0x24 Masher.o
                0x000022f8                _ZN6Masher5RaiseEv
 .text._ZN6Masher5LowerEv
                0x0000231c       0x26 Masher.o
                0x0000231c                _ZN6Masher5LowerEv
 .text._ZN6Masher4StopEv
                0x00002342        0xc Masher.o
                0x00002342                _ZN6Masher4StopEv
 .text._ZN6Masher8IsRaisedEv
                0x0000234e       0x20 Masher.o
                0x0000234e                _ZN6Masher8IsRaisedEv
 .text._ZN6Masher9IsLoweredEv
                0x0000236e       0x20 Masher.o
                0x0000236e                _ZN6Masher9IsLoweredEv
 .text._ZN6Masher4TestEv
                0x0000238e       0x3c Masher.o
                0x0000238e                _ZN6Masher4TestEv
 .text._ZN13MilkDispenser10InitialiseEv
                0x000023ca        0x2 MilkDispenser.o
                0x000023ca                _ZN13MilkDispenser10InitialiseEv
 .text._ZN13MilkDispenserC2EP10TeaMachine
                0x000023cc       0x18 MilkDispenser.o
                0x000023cc                _ZN13MilkDispenserC1EP10TeaMachine
                0x000023cc                _ZN13MilkDispenserC2EP10TeaMachine
 .text._ZN13MilkDispenser5RaiseEv
                0x000023e4       0x2c MilkDispenser.o
                0x000023e4                _ZN13MilkDispenser5RaiseEv
 .text._ZN13MilkDispenser8DispenseEv
                0x00002410       0x2c MilkDispenser.o
                0x00002410                _ZN13MilkDispenser8DispenseEv
 .text._ZN13MilkDispenser4TestEv
                0x0000243c        0x4 MilkDispenser.o
                0x0000243c                _ZN13MilkDispenser4TestEv
 .text._ZN13MilkDispenser4StopEv
                0x00002440        0xc MilkDispenser.o
                0x00002440                _ZN13MilkDispenser4StopEv
 .text._ZN13MilkDispenser8IsRaisedEv
                0x0000244c       0x16 MilkDispenser.o
                0x0000244c                _ZN13MilkDispenser8IsRaisedEv
 .text._ZN13MilkDispenser9IsRaisingEv
                0x00002462       0x10 MilkDispenser.o
                0x00002462                _ZN13MilkDispenser9IsRaisingEv
 .text._ZN13MilkDispenser15SetLoadPositionEv
                0x00002472       0x7c MilkDispenser.o
                0x00002472                _ZN13MilkDispenser15SetLoadPositionEv
 .text._ZN11MilkManager10BeginResetEv
                0x000024ee        0xa MilkManager.o
                0x000024ee                _ZN11MilkManager10BeginResetEv
 .text._ZN11MilkManager4StopEv
                0x000024f8        0x8 MilkManager.o
                0x000024f8                _ZN11MilkManager4StopEv
 .text._ZN11MilkManager4TestEv
                0x00002500       0x5e MilkManager.o
                0x00002500                _ZN11MilkManager4TestEv
 .text._ZN11MilkManager12BeginProcessEv
                0x0000255e       0x5c MilkManager.o
                0x0000255e                _ZN11MilkManager12BeginProcessEv
 .text._ZN11MilkManager12ClearMembersEv
                0x000025ba       0x16 MilkManager.o
                0x000025ba                _ZN11MilkManager12ClearMembersEv
 .text._ZN11MilkManagerC2EP20TeaMachineController
                0x000025d0       0x18 MilkManager.o
                0x000025d0                _ZN11MilkManagerC1EP20TeaMachineController
                0x000025d0                _ZN11MilkManagerC2EP20TeaMachineController
 .text._ZN11MilkManager19AdvanceStateMachineEv
                0x000025e8      0x11c MilkManager.o
                0x000025e8                _ZN11MilkManager19AdvanceStateMachineEv
 .text._ZN11MilkManager8ContinueEv
                0x00002704       0x5e MilkManager.o
                0x00002704                _ZN11MilkManager8ContinueEv
 .text._ZN11MilkManager15SetLoadPositionEv
                0x00002762       0x4c MilkManager.o
                0x00002762                _ZN11MilkManager15SetLoadPositionEv
 .text._ZN11MilkManager10InitialiseEv
                0x000027ae       0x56 MilkManager.o
                0x000027ae                _ZN11MilkManager10InitialiseEv
 .text._ZN7NewPingC2Ehhi
                0x00002804       0xa2 NewPing.o
                0x00002804                _ZN7NewPingC2Ehhi
                0x00002804                _ZN7NewPingC1Ehhi
 .text._ZN7NewPing12ping_triggerEv
                0x000028a6       0xe4 NewPing.o
                0x000028a6                _ZN7NewPing12ping_triggerEv
 .text._ZN7NewPing4pingEv
                0x0000298a       0x60 NewPing.o
                0x0000298a                _ZN7NewPing4pingEv
 .text.__vector_13
                0x000029ea       0x5a NewPing.o
                0x000029ea                __vector_13
 .text._ZN7OneWire5resetEv
                0x00002a44       0x7e OneWire.o
                0x00002a44                _ZN7OneWire5resetEv
 .text._ZN7OneWire9write_bitEh
                0x00002ac2       0x66 OneWire.o
                0x00002ac2                _ZN7OneWire9write_bitEh
 .text._ZN7OneWire8read_bitEv
                0x00002b28       0x56 OneWire.o
                0x00002b28                _ZN7OneWire8read_bitEv
 .text._ZN7OneWire5writeEhh
                0x00002b7e       0x66 OneWire.o
                0x00002b7e                _ZN7OneWire5writeEhh
 .text._ZN7OneWire4readEv
                0x00002be4       0x36 OneWire.o
                0x00002be4                _ZN7OneWire4readEv
 .text._ZN7OneWire6selectEPKh
                0x00002c1a       0x3a OneWire.o
                0x00002c1a                _ZN7OneWire6selectEPKh
 .text._ZN7OneWire4skipEv
                0x00002c54        0x6 OneWire.o
                0x00002c54                _ZN7OneWire4skipEv
 .text._ZN7OneWire12reset_searchEv
                0x00002c5a       0x18 OneWire.o
                0x00002c5a                _ZN7OneWire12reset_searchEv
 .text._ZN7OneWireC2Eh
                0x00002c72       0x44 OneWire.o
                0x00002c72                _ZN7OneWireC1Eh
                0x00002c72                _ZN7OneWireC2Eh
 .text._ZN7OneWire6searchEPh
                0x00002cb6      0x106 OneWire.o
                0x00002cb6                _ZN7OneWire6searchEPh
 .text._ZN7OneWire4crc8EPKhh
                0x00002dbc       0x1a OneWire.o
                0x00002dbc                _ZN7OneWire4crc8EPKhh
 .text._ZN18ProcessManagerBase4TestEv
                0x00002dd6        0x4 ProcessManagerBase.o
                0x00002dd6                _ZN18ProcessManagerBase4TestEv
 .text._ZN18ProcessManagerBase12ClearMembersEv
                0x00002dda       0x20 ProcessManagerBase.o
                0x00002dda                _ZN18ProcessManagerBase12ClearMembersEv
 .text._ZN18ProcessManagerBaseC2EP20TeaMachineController
                0x00002dfa       0x2e ProcessManagerBase.o
                0x00002dfa                _ZN18ProcessManagerBaseC2EP20TeaMachineController
                0x00002dfa                _ZN18ProcessManagerBaseC1EP20TeaMachineController
 .text._ZN18ProcessManagerBase10InitialiseEv
                0x00002e28       0x14 ProcessManagerBase.o
                0x00002e28                _ZN18ProcessManagerBase10InitialiseEv
 .text._ZN18ProcessManagerBase10SetTimeoutEml
                0x00002e3c       0x44 ProcessManagerBase.o
                0x00002e3c                _ZN18ProcessManagerBase10SetTimeoutEml
 .text._ZN18ProcessManagerBase12ClearTimeoutEv
                0x00002e80       0x30 ProcessManagerBase.o
                0x00002e80                _ZN18ProcessManagerBase12ClearTimeoutEv
 .text._ZN18ProcessManagerBase19CheckTimeoutExpiredEv
                0x00002eb0       0x6e ProcessManagerBase.o
                0x00002eb0                _ZN18ProcessManagerBase19CheckTimeoutExpiredEv
 .text._ZN11StirManager4StopEv
                0x00002f1e        0x2 StirManager.o
                0x00002f1e                _ZN11StirManager4StopEv
 .text._ZN11StirManager10BeginResetEv
                0x00002f20        0xa StirManager.o
                0x00002f20                _ZN11StirManager10BeginResetEv
 .text._ZN11StirManager12BeginProcessEv
                0x00002f2a        0xc StirManager.o
                0x00002f2a                _ZN11StirManager12BeginProcessEv
 .text._ZN11StirManager4TestEv
                0x00002f36       0x42 StirManager.o
                0x00002f36                _ZN11StirManager4TestEv
 .text._ZN11StirManagerC2EP20TeaMachineController
                0x00002f78       0x18 StirManager.o
                0x00002f78                _ZN11StirManagerC1EP20TeaMachineController
                0x00002f78                _ZN11StirManagerC2EP20TeaMachineController
 .text._ZN11StirManager19AdvanceStateMachineEv
                0x00002f90       0x4c StirManager.o
                0x00002f90                _ZN11StirManager19AdvanceStateMachineEv
 .text._ZN11StirManager8ContinueEv
                0x00002fdc       0x54 StirManager.o
                0x00002fdc                _ZN11StirManager8ContinueEv
 .text._ZN11StirManager10InitialiseEv
                0x00003030       0x4c StirManager.o
                0x00003030                _ZN11StirManager10InitialiseEv
 .text._ZN7StirrerC2EP10TeaMachine
                0x0000307c       0x16 Stirrer.o
                0x0000307c                _ZN7StirrerC1EP10TeaMachine
                0x0000307c                _ZN7StirrerC2EP10TeaMachine
 .text._ZN7Stirrer5RaiseEv
                0x00003092       0x2e Stirrer.o
                0x00003092                _ZN7Stirrer5RaiseEv
 .text._ZN7Stirrer4TestEv
                0x000030c0       0x14 Stirrer.o
                0x000030c0                _ZN7Stirrer4TestEv
 .text._ZN6SystemC2Ev
                0x000030d4       0x14 System.o
                0x000030d4                _ZN6SystemC2Ev
                0x000030d4                _ZN6SystemC1Ev
 .text._ZN6SystemD2Ev
                0x000030e8        0x2 System.o
                0x000030e8                _ZN6SystemD1Ev
                0x000030e8                _ZN6SystemD2Ev
 .text._ZN6System10InitialiseEv
                0x000030ea       0x48 System.o
                0x000030ea                _ZN6System10InitialiseEv
 .text._ZN6System22LatchInputRegisterDataEv
                0x00003132       0x18 System.o
                0x00003132                _ZN6System22LatchInputRegisterDataEv
 .text._ZN6System21ReadInputRegisterByteEv
                0x0000314a       0x58 System.o
                0x0000314a                _ZN6System21ReadInputRegisterByteEv
 .text._ZN6System21ReadInputRegisterDataEv
                0x000031a2       0x26 System.o
                0x000031a2                _ZN6System21ReadInputRegisterDataEv
 .text._ZN6System21ReadInputRegisterDataEPhS0_
                0x000031c8       0x4c System.o
                0x000031c8                _ZN6System21ReadInputRegisterDataEPhS0_
 .text._ZN6System23WriteOutputRegisterDataEjj
                0x00003214       0x68 System.o
                0x00003214                _ZN6System23WriteOutputRegisterDataEjj
 .text._ZN6System22ClearOutputRegisterBitEj
                0x0000327c       0x56 System.o
                0x0000327c                _ZN6System22ClearOutputRegisterBitEj
 .text._ZN6System20SetOutputRegisterBitEj
                0x000032d2       0x4e System.o
                0x000032d2                _ZN6System20SetOutputRegisterBitEj
 .text._ZN6System22SetOutRegisterBitGroupEji
                0x00003320       0x42 System.o
                0x00003320                _ZN6System22SetOutRegisterBitGroupEji
 .text._ZN6System14ReadSystemModeEv
                0x00003362       0x30 System.o
                0x00003362                _ZN6System14ReadSystemModeEv
 .text._ZN6System20SystemModeHasChangedEv
                0x00003392       0x3a System.o
                0x00003392                _ZN6System20SystemModeHasChangedEv
 .text._ZN10TeaMachine10InitialiseEv
                0x000033cc       0x7e TeaMachineApp.o
                0x000033cc                _ZN10TeaMachine10InitialiseEv
 .text._ZN10TeaMachineC2Ev
                0x0000344a       0x1c TeaMachineApp.o
                0x0000344a                _ZN10TeaMachineC1Ev
                0x0000344a                _ZN10TeaMachineC2Ev
 .text._ZN10TeaMachineD2Ev
                0x00003466        0xe TeaMachineApp.o
                0x00003466                _ZN10TeaMachineD2Ev
                0x00003466                _ZN10TeaMachineD1Ev
 .text._ZN10TeaMachine18ExecuteGroup2TestsEv
                0x00003474      0x112 TeaMachineApp.o
                0x00003474                _ZN10TeaMachine18ExecuteGroup2TestsEv
 .text._ZN10TeaMachine18ExecuteGroup1TestsEv
                0x00003586      0x214 TeaMachineApp.o
                0x00003586                _ZN10TeaMachine18ExecuteGroup1TestsEv
 .text._ZN10TeaMachine7ProcessEv
                0x0000379a       0xc6 TeaMachineApp.o
                0x0000379a                _ZN10TeaMachine7ProcessEv
 .text._ZN19TeaMachineComponent4TestEv
                0x00003860        0x4 TeaMachineComponent.o
                0x00003860                _ZN19TeaMachineComponent4TestEv
                0x00003860                _ZN19TeaMachineComponent10InitialiseEv
 .text._ZN19TeaMachineComponentC2Ev
                0x00003864       0x14 TeaMachineComponent.o
                0x00003864                _ZN19TeaMachineComponentC2Ev
                0x00003864                _ZN19TeaMachineComponentC1Ev
 .text._ZN19TeaMachineComponentC2EP10TeaMachine
                0x00003878       0x22 TeaMachineComponent.o
                0x00003878                _ZN19TeaMachineComponentC2EP10TeaMachine
                0x00003878                _ZN19TeaMachineComponentC1EP10TeaMachine
 .text._ZN19TeaMachineComponentD2Ev
                0x0000389a        0x2 TeaMachineComponent.o
                0x0000389a                _ZN19TeaMachineComponentD2Ev
                0x0000389a                _ZN19TeaMachineComponentD1Ev
 .text._ZN20TeaMachineControllerD2Ev
                0x0000389c        0x2 TeaMachineController.o
                0x0000389c                _ZN20TeaMachineControllerD1Ev
                0x0000389c                _ZN20TeaMachineControllerD2Ev
 .text._ZN20TeaMachineController12ClearMembersEv
                0x0000389e       0x34 TeaMachineController.o
                0x0000389e                _ZN20TeaMachineController12ClearMembersEv
 .text._ZN20TeaMachineControllerC2EP10TeaMachine
                0x000038d2       0x1c TeaMachineController.o
                0x000038d2                _ZN20TeaMachineControllerC1EP10TeaMachine
                0x000038d2                _ZN20TeaMachineControllerC2EP10TeaMachine
 .text._ZN20TeaMachineController13GetTeaMachineEv
                0x000038ee        0x8 TeaMachineController.o
                0x000038ee                _ZN20TeaMachineController13GetTeaMachineEv
 .text._ZN20TeaMachineController19DrinkStateAtStationEi10DrinkState
                0x000038f6       0x24 TeaMachineController.o
                0x000038f6                _ZN20TeaMachineController19DrinkStateAtStationEi10DrinkState
 .text._ZN20TeaMachineController25DrinkUnconfirmedAtStationEi
                0x0000391a       0x22 TeaMachineController.o
                0x0000391a                _ZN20TeaMachineController25DrinkUnconfirmedAtStationEi
 .text._ZN20TeaMachineController27ReceptionCupsReadyToAdvanceEv
                0x0000393c       0x98 TeaMachineController.o
                0x0000393c                _ZN20TeaMachineController27ReceptionCupsReadyToAdvanceEv
 .text._ZN20TeaMachineController30PreparationStationsAreInactiveEv
                0x000039d4       0x2c TeaMachineController.o
                0x000039d4                _ZN20TeaMachineController30PreparationStationsAreInactiveEv
 .text._ZN20TeaMachineController16NotifyCupRemovalEj
                0x00003a00       0x44 TeaMachineController.o
                0x00003a00                _ZN20TeaMachineController16NotifyCupRemovalEj
 .text._ZN20TeaMachineController15AllocateDrinkIDEv
                0x00003a44       0x26 TeaMachineController.o
                0x00003a44                _ZN20TeaMachineController15AllocateDrinkIDEv
 .text._ZN20TeaMachineController21NotifyNewDrinkRequestEj
                0x00003a6a       0x58 TeaMachineController.o
                0x00003a6a                _ZN20TeaMachineController21NotifyNewDrinkRequestEj
 .text._ZN20TeaMachineController17GetDrinkByStationEi
                0x00003ac2       0x14 TeaMachineController.o
                0x00003ac2                _ZN20TeaMachineController17GetDrinkByStationEi
 .text._ZN20TeaMachineController12GetNextDrinkEv
                0x00003ad6       0x3c TeaMachineController.o
                0x00003ad6                _ZN20TeaMachineController12GetNextDrinkEv
 .text._ZN20TeaMachineController18GetDrinkToTheRightEP5Drink
                0x00003b12      0x11a TeaMachineController.o
                0x00003b12                _ZN20TeaMachineController18GetDrinkToTheRightEP5Drink
 .text._ZN20TeaMachineController17GetDrinkToTheLeftEP5Drink
                0x00003c2c      0x11a TeaMachineController.o
                0x00003c2c                _ZN20TeaMachineController17GetDrinkToTheLeftEP5Drink
 .text._ZN20TeaMachineController16GetDrinkLocationEi
                0x00003d46       0x2c TeaMachineController.o
                0x00003d46                _ZN20TeaMachineController16GetDrinkLocationEi
 .text._ZN20TeaMachineController20ActiveDrinkIsPresentEv
                0x00003d72       0x9c TeaMachineController.o
                0x00003d72                _ZN20TeaMachineController20ActiveDrinkIsPresentEv
 .text._ZN20TeaMachineController29NotifyConveyorAdvanceCompleteEv
                0x00003e0e       0x74 TeaMachineController.o
                0x00003e0e                _ZN20TeaMachineController29NotifyConveyorAdvanceCompleteEv
 .text._ZN20TeaMachineController11HandleErrorE22TeaMachineErrorContextm
                0x00003e82       0x82 TeaMachineController.o
                0x00003e82                _ZN20TeaMachineController11HandleErrorE22TeaMachineErrorContextm
 .text._ZN20TeaMachineController17TestUserInterfaceEv
                0x00003f04      0x106 TeaMachineController.o
                0x00003f04                _ZN20TeaMachineController17TestUserInterfaceEv
 .text._ZN20TeaMachineController13ResetHardwareEv
                0x0000400a      0x152 TeaMachineController.o
                0x0000400a                _ZN20TeaMachineController13ResetHardwareEv
 .text._ZN20TeaMachineController7ServiceEv
                0x0000415c      0x2a2 TeaMachineController.o
                0x0000415c                _ZN20TeaMachineController7ServiceEv
 .text._ZN20TeaMachineController10InitialiseEv
                0x000043fe       0x94 TeaMachineController.o
                0x000043fe                _ZN20TeaMachineController10InitialiseEv
 .text._ZN20TeaMachineController5StartE24TeaMachineControllerMode
                0x00004492       0xae TeaMachineController.o
                0x00004492                _ZN20TeaMachineController5StartE24TeaMachineControllerMode
 .text._ZN9UIManager4StopEv
                0x00004540        0x2 UIManager.o
                0x00004540                _ZN9UIManager4StopEv
 .text._ZN9UIManager10BeginResetEv
                0x00004542        0xa UIManager.o
                0x00004542                _ZN9UIManager10BeginResetEv
 .text._ZN9UIManager12BeginProcessEv
                0x0000454c       0x28 UIManager.o
                0x0000454c                _ZN9UIManager12BeginProcessEv
 .text._ZN9UIManager12ClearMembersEv
                0x00004574       0x36 UIManager.o
                0x00004574                _ZN9UIManager12ClearMembersEv
 .text._ZN9UIManagerC2EP20TeaMachineController
                0x000045aa       0x1a UIManager.o
                0x000045aa                _ZN9UIManagerC1EP20TeaMachineController
                0x000045aa                _ZN9UIManagerC2EP20TeaMachineController
 .text._ZN9UIManager24ClearCurrentDrinkDisplayEv
                0x000045c4       0x7e UIManager.o
                0x000045c4                _ZN9UIManager24ClearCurrentDrinkDisplayEv
 .text._ZN9UIManager15SetCurrentDrinkEP5Drink
                0x00004642      0x114 UIManager.o
                0x00004642                _ZN9UIManager15SetCurrentDrinkEP5Drink
 .text._ZN9UIManager10SetMessageEPciii
                0x00004756       0xe6 UIManager.o
                0x00004756                _ZN9UIManager10SetMessageEPciii
 .text._ZN9UIManager23HandleUserControlEventsEv
                0x0000483c      0x404 UIManager.o
                0x0000483c                _ZN9UIManager23HandleUserControlEventsEv
 .text._ZN9UIManager18HandleCupPlacementEi
                0x00004c40       0x62 UIManager.o
                0x00004c40                _ZN9UIManager18HandleCupPlacementEi
 .text._ZN9UIManager16HandleCupRemovalEi
                0x00004ca2       0x3a UIManager.o
                0x00004ca2                _ZN9UIManager16HandleCupRemovalEi
 .text._ZN9UIManager19AdvanceStateMachineEv
                0x00004cdc      0x11a UIManager.o
                0x00004cdc                _ZN9UIManager19AdvanceStateMachineEv
 .text._ZN9UIManager8ContinueEv
                0x00004df6       0x96 UIManager.o
                0x00004df6                _ZN9UIManager8ContinueEv
 .text._ZN9UIManager26NotifyStationAdvanceBeginsEv
                0x00004e8c        0x8 UIManager.o
                0x00004e8c                _ZN9UIManager26NotifyStationAdvanceBeginsEv
 .text._ZN9UIManager28NotifyStationAdvanceCompleteEv
                0x00004e94       0x90 UIManager.o
                0x00004e94                _ZN9UIManager28NotifyStationAdvanceCompleteEv
 .text._ZN9UIManager10InitialiseEv
                0x00004f24       0x64 UIManager.o
                0x00004f24                _ZN9UIManager10InitialiseEv
 .text._ZN12UserControls12ClearMembersEv
                0x00004f88       0x14 UserControls.o
                0x00004f88                _ZN12UserControls12ClearMembersEv
 .text._ZN12UserControlsC2EP10TeaMachine
                0x00004f9c       0x1a UserControls.o
                0x00004f9c                _ZN12UserControlsC2EP10TeaMachine
                0x00004f9c                _ZN12UserControlsC1EP10TeaMachine
 .text._ZN12UserControls10InitialiseEv
                0x00004fb6        0x4 UserControls.o
                0x00004fb6                _ZN12UserControls10InitialiseEv
 .text._ZN12UserControls19RecordSettledStatesEv
                0x00004fba       0x12 UserControls.o
                0x00004fba                _ZN12UserControls19RecordSettledStatesEv
 .text._ZN12UserControls17CheckSettledEventEi
                0x00004fcc       0x1e UserControls.o
                0x00004fcc                _ZN12UserControls17CheckSettledEventEi
 .text._ZN12UserControls21GetControlStateDirectEi
                0x00004fea       0xa8 UserControls.o
                0x00004fea                _ZN12UserControls21GetControlStateDirectEi
 .text._ZN12UserControls10ReadStatesEv
                0x00005092       0x3a UserControls.o
                0x00005092                _ZN12UserControls10ReadStatesEv
 .text._ZN12UserControls17ReadSettledStatesEv
                0x000050cc       0x4c UserControls.o
                0x000050cc                _ZN12UserControls17ReadSettledStatesEv
 .text._ZN12UserControls4TestEv
                0x00005118      0x246 UserControls.o
                0x00005118                _ZN12UserControls4TestEv
 .text.avr-libc.fplib
                0x0000535e        0xa c:/program files (x86)/atmel/studio/7.0/toolchain/avr8/avr8-gnu-toolchain/bin/../lib/gcc/avr/5.4.0/../../../../avr/lib/avr6\libm.a(addsf3.o)
                0x0000535e                __subsf3
                0x00005360                __addsf3
 .text.avr-libc.fplib
                0x00005368       0xc0 c:/program files (x86)/atmel/studio/7.0/toolchain/avr8/avr8-gnu-toolchain/bin/../lib/gcc/avr/5.4.0/../../../../avr/lib/avr6\libm.a(addsf3x.o)
                0x00005382                __addsf3x
 .text.avr-libc.fplib
                0x00005428       0x7a c:/program files (x86)/atmel/studio/7.0/toolchain/avr8/avr8-gnu-toolchain/bin/../lib/gcc/avr/5.4.0/../../../../avr/lib/avr6\libm.a(floatsisf.o)
                0x00005428                __floatunsisf
                0x0000542c                __floatsisf
 .text.avr-libc.fplib
                0x000054a2        0xc c:/program files (x86)/atmel/studio/7.0/toolchain/avr8/avr8-gnu-toolchain/bin/../lib/gcc/avr/5.4.0/../../../../avr/lib/avr6\libm.a(fp_inf.o)
                0x000054a2                __fp_inf
 .text.avr-libc.fplib
                0x000054ae        0x6 c:/program files (x86)/atmel/studio/7.0/toolchain/avr8/avr8-gnu-toolchain/bin/../lib/gcc/avr/5.4.0/../../../../avr/lib/avr6\libm.a(fp_nan.o)
                0x000054ae                __fp_nan
 .text.avr-libc.fplib
                0x000054b4        0xe c:/program files (x86)/atmel/studio/7.0/toolchain/avr8/avr8-gnu-toolchain/bin/../lib/gcc/avr/5.4.0/../../../../avr/lib/avr6\libm.a(fp_pscA.o)
                0x000054b4                __fp_pscA
 .text.avr-libc.fplib
                0x000054c2        0xe c:/program files (x86)/atmel/studio/7.0/toolchain/avr8/avr8-gnu-toolchain/bin/../lib/gcc/avr/5.4.0/../../../../avr/lib/avr6\libm.a(fp_pscB.o)
                0x000054c2                __fp_pscB
 .text.avr-libc.fplib
                0x000054d0       0x22 c:/program files (x86)/atmel/studio/7.0/toolchain/avr8/avr8-gnu-toolchain/bin/../lib/gcc/avr/5.4.0/../../../../avr/lib/avr6\libm.a(fp_round.o)
                0x000054d0                __fp_round
 .text.avr-libc.fplib
                0x000054f2       0x44 c:/program files (x86)/atmel/studio/7.0/toolchain/avr8/avr8-gnu-toolchain/bin/../lib/gcc/avr/5.4.0/../../../../avr/lib/avr6\libm.a(fp_split3.o)
                0x000054f2                __fp_split3
                0x00005502                __fp_splitA
 .text.avr-libc.fplib
                0x00005536        0xe c:/program files (x86)/atmel/studio/7.0/toolchain/avr8/avr8-gnu-toolchain/bin/../lib/gcc/avr/5.4.0/../../../../avr/lib/avr6\libm.a(fp_zero.o)
                0x00005536                __fp_zero
                0x00005538                __fp_szero
 .text.avr-libc.fplib
                0x00005544        0x8 c:/program files (x86)/atmel/studio/7.0/toolchain/avr8/avr8-gnu-toolchain/bin/../lib/gcc/avr/5.4.0/../../../../avr/lib/avr6\libm.a(gesf2.o)
                0x00005544                __gesf2
                0x00005544                __gtsf2
 .text.avr-libc.fplib
                0x0000554c        0x4 c:/program files (x86)/atmel/studio/7.0/toolchain/avr8/avr8-gnu-toolchain/bin/../lib/gcc/avr/5.4.0/../../../../avr/lib/avr6\libm.a(mulsf3.o)
                0x0000554c                __mulsf3
 .text.avr-libc.fplib
                0x00005550       0xc2 c:/program files (x86)/atmel/studio/7.0/toolchain/avr8/avr8-gnu-toolchain/bin/../lib/gcc/avr/5.4.0/../../../../avr/lib/avr6\libm.a(mulsf3x.o)
                0x00005564                __mulsf3x
                0x00005568                __mulsf3_pse
 .text.avr-libc.fplib
                0x00005612       0x48 c:/program files (x86)/atmel/studio/7.0/toolchain/avr8/avr8-gnu-toolchain/bin/../lib/gcc/avr/5.4.0/../../../../avr/lib/avr6\libm.a(fp_cmp.o)
                0x00005612                __fp_cmp
 .text.__cxa_pure_virtual
                0x0000565a        0x4 C:\Users\NICK\Documents\Arduino Projects\TeaMachine\TeaMachine\ArduinoCore\Release\libArduinoCore.a(abi.o)
                0x0000565a                __cxa_pure_virtual
 .text._ZN14HardwareSerial9availableEv
                0x0000565e       0x18 C:\Users\NICK\Documents\Arduino Projects\TeaMachine\TeaMachine\ArduinoCore\Release\libArduinoCore.a(HardwareSerial.o)
                0x0000565e                _ZN14HardwareSerial9availableEv
 .text._ZN14HardwareSerial4peekEv
                0x00005676       0x1c C:\Users\NICK\Documents\Arduino Projects\TeaMachine\TeaMachine\ArduinoCore\Release\libArduinoCore.a(HardwareSerial.o)
                0x00005676                _ZN14HardwareSerial4peekEv
 .text._ZN14HardwareSerial4readEv
                0x00005692       0x28 C:\Users\NICK\Documents\Arduino Projects\TeaMachine\TeaMachine\ArduinoCore\Release\libArduinoCore.a(HardwareSerial.o)
                0x00005692                _ZN14HardwareSerial4readEv
 .text._Z14serialEventRunv
                0x000056ba       0x78 C:\Users\NICK\Documents\Arduino Projects\TeaMachine\TeaMachine\ArduinoCore\Release\libArduinoCore.a(HardwareSerial.o)
                0x000056ba                _Z14serialEventRunv
 .text._ZN14HardwareSerial17_tx_udr_empty_irqEv
                0x00005732       0x42 C:\Users\NICK\Documents\Arduino Projects\TeaMachine\TeaMachine\ArduinoCore\Release\libArduinoCore.a(HardwareSerial.o)
                0x00005732                _ZN14HardwareSerial17_tx_udr_empty_irqEv
 .text._ZN14HardwareSerial5writeEh
                0x00005774       0x8c C:\Users\NICK\Documents\Arduino Projects\TeaMachine\TeaMachine\ArduinoCore\Release\libArduinoCore.a(HardwareSerial.o)
                0x00005774                _ZN14HardwareSerial5writeEh
 .text._ZN14HardwareSerial5flushEv
                0x00005800       0x42 C:\Users\NICK\Documents\Arduino Projects\TeaMachine\TeaMachine\ArduinoCore\Release\libArduinoCore.a(HardwareSerial.o)
                0x00005800                _ZN14HardwareSerial5flushEv
 .text._ZN14HardwareSerial5beginEmh
                0x00005842       0xc6 C:\Users\NICK\Documents\Arduino Projects\TeaMachine\TeaMachine\ArduinoCore\Release\libArduinoCore.a(HardwareSerial.o)
                0x00005842                _ZN14HardwareSerial5beginEmh
 .text._ZN14HardwareSerial3endEv
                0x00005908       0x44 C:\Users\NICK\Documents\Arduino Projects\TeaMachine\TeaMachine\ArduinoCore\Release\libArduinoCore.a(HardwareSerial.o)
                0x00005908                _ZN14HardwareSerial3endEv
 .text.__vector_25
                0x0000594c       0x6c C:\Users\NICK\Documents\Arduino Projects\TeaMachine\TeaMachine\ArduinoCore\Release\libArduinoCore.a(HardwareSerial0.o)
                0x0000594c                __vector_25
 .text.__vector_26
                0x000059b8       0x52 C:\Users\NICK\Documents\Arduino Projects\TeaMachine\TeaMachine\ArduinoCore\Release\libArduinoCore.a(HardwareSerial0.o)
                0x000059b8                __vector_26
 .text._Z17Serial0_availablev
                0x00005a0a       0x12 C:\Users\NICK\Documents\Arduino Projects\TeaMachine\TeaMachine\ArduinoCore\Release\libArduinoCore.a(HardwareSerial0.o)
                0x00005a0a                _Z17Serial0_availablev
 .text.startup._GLOBAL__sub_I___vector_25
                0x00005a1c       0x5a C:\Users\NICK\Documents\Arduino Projects\TeaMachine\TeaMachine\ArduinoCore\Release\libArduinoCore.a(HardwareSerial0.o)
 .text.initVariant
                0x00005a76        0x2 C:\Users\NICK\Documents\Arduino Projects\TeaMachine\TeaMachine\ArduinoCore\Release\libArduinoCore.a(main.o)
                0x00005a76                initVariant
 .text.startup.main
                0x00005a78       0x18 C:\Users\NICK\Documents\Arduino Projects\TeaMachine\TeaMachine\ArduinoCore\Release\libArduinoCore.a(main.o)
                0x00005a78                main
 .text._Znwj    0x00005a90        0x2 C:\Users\NICK\Documents\Arduino Projects\TeaMachine\TeaMachine\ArduinoCore\Release\libArduinoCore.a(new.o)
                0x00005a90                _Znwj
 .text._ZdlPv   0x00005a92        0x2 C:\Users\NICK\Documents\Arduino Projects\TeaMachine\TeaMachine\ArduinoCore\Release\libArduinoCore.a(new.o)
                0x00005a92                _ZdlPv
 .text._ZN5Print5writeEPKhj
                0x00005a94       0x54 C:\Users\NICK\Documents\Arduino Projects\TeaMachine\TeaMachine\ArduinoCore\Release\libArduinoCore.a(Print.o)
                0x00005a94                _ZN5Print5writeEPKhj
 .text._ZN5Print5writeEPKc
                0x00005ae8       0x2a C:\Users\NICK\Documents\Arduino Projects\TeaMachine\TeaMachine\ArduinoCore\Release\libArduinoCore.a(Print.o)
                0x00005ae8                _ZN5Print5writeEPKc
 .text._ZN5Print5printERK6String
                0x00005b12       0x1c C:\Users\NICK\Documents\Arduino Projects\TeaMachine\TeaMachine\ArduinoCore\Release\libArduinoCore.a(Print.o)
                0x00005b12                _ZN5Print5printERK6String
 .text._ZN5Print5printEPKc
                0x00005b2e        0x2 C:\Users\NICK\Documents\Arduino Projects\TeaMachine\TeaMachine\ArduinoCore\Release\libArduinoCore.a(Print.o)
                0x00005b2e                _ZN5Print5printEPKc
 .text._ZN5Print5printEc
                0x00005b30        0xe C:\Users\NICK\Documents\Arduino Projects\TeaMachine\TeaMachine\ArduinoCore\Release\libArduinoCore.a(Print.o)
                0x00005b30                _ZN5Print5printEc
 .text._ZN5Print7printlnEv
                0x00005b3e        0x6 C:\Users\NICK\Documents\Arduino Projects\TeaMachine\TeaMachine\ArduinoCore\Release\libArduinoCore.a(Print.o)
                0x00005b3e                _ZN5Print7printlnEv
 .text._ZN5Print7printlnERK6String
                0x00005b44       0x20 C:\Users\NICK\Documents\Arduino Projects\TeaMachine\TeaMachine\ArduinoCore\Release\libArduinoCore.a(Print.o)
                0x00005b44                _ZN5Print7printlnERK6String
 .text._ZN5Print7printlnEPKc
                0x00005b64       0x20 C:\Users\NICK\Documents\Arduino Projects\TeaMachine\TeaMachine\ArduinoCore\Release\libArduinoCore.a(Print.o)
                0x00005b64                _ZN5Print7printlnEPKc
 .text._ZN5Print11printNumberEmh
                0x00005b84       0x8e C:\Users\NICK\Documents\Arduino Projects\TeaMachine\TeaMachine\ArduinoCore\Release\libArduinoCore.a(Print.o)
                0x00005b84                _ZN5Print11printNumberEmh
 .text._ZN5Print5printEmi
                0x00005c12       0x18 C:\Users\NICK\Documents\Arduino Projects\TeaMachine\TeaMachine\ArduinoCore\Release\libArduinoCore.a(Print.o)
                0x00005c12                _ZN5Print5printEmi
 .text._ZN5Print5printEhi
                0x00005c2a        0xc C:\Users\NICK\Documents\Arduino Projects\TeaMachine\TeaMachine\ArduinoCore\Release\libArduinoCore.a(Print.o)
                0x00005c2a                _ZN5Print5printEhi
 .text._ZN5Print5printEji
                0x00005c36        0xa C:\Users\NICK\Documents\Arduino Projects\TeaMachine\TeaMachine\ArduinoCore\Release\libArduinoCore.a(Print.o)
                0x00005c36                _ZN5Print5printEji
 .text._ZN5Print7printlnEji
                0x00005c40       0x20 C:\Users\NICK\Documents\Arduino Projects\TeaMachine\TeaMachine\ArduinoCore\Release\libArduinoCore.a(Print.o)
                0x00005c40                _ZN5Print7printlnEji
 .text._ZN5Print5printEli
                0x00005c60       0x8a C:\Users\NICK\Documents\Arduino Projects\TeaMachine\TeaMachine\ArduinoCore\Release\libArduinoCore.a(Print.o)
                0x00005c60                _ZN5Print5printEli
 .text._ZN5Print5printEii
                0x00005cea        0xc C:\Users\NICK\Documents\Arduino Projects\TeaMachine\TeaMachine\ArduinoCore\Release\libArduinoCore.a(Print.o)
                0x00005cea                _ZN5Print5printEii
 .text._ZN5Print10printFloatEdh
                0x00005cf6      0x190 C:\Users\NICK\Documents\Arduino Projects\TeaMachine\TeaMachine\ArduinoCore\Release\libArduinoCore.a(Print.o)
                0x00005cf6                _ZN5Print10printFloatEdh
 .text._ZN5Print5printEdi
                0x00005e86        0x2 C:\Users\NICK\Documents\Arduino Projects\TeaMachine\TeaMachine\ArduinoCore\Release\libArduinoCore.a(Print.o)
                0x00005e86                _ZN5Print5printEdi
 .text.__vector_23
                0x00005e88       0x94 C:\Users\NICK\Documents\Arduino Projects\TeaMachine\TeaMachine\ArduinoCore\Release\libArduinoCore.a(wiring.o)
                0x00005e88                __vector_23
 .text.millis   0x00005f1c       0x18 C:\Users\NICK\Documents\Arduino Projects\TeaMachine\TeaMachine\ArduinoCore\Release\libArduinoCore.a(wiring.o)
                0x00005f1c                millis
 .text.micros   0x00005f34       0x4a C:\Users\NICK\Documents\Arduino Projects\TeaMachine\TeaMachine\ArduinoCore\Release\libArduinoCore.a(wiring.o)
                0x00005f34                micros
 .text.delay    0x00005f7e       0x72 C:\Users\NICK\Documents\Arduino Projects\TeaMachine\TeaMachine\ArduinoCore\Release\libArduinoCore.a(wiring.o)
                0x00005f7e                delay
 .text.delayMicroseconds
                0x00005ff0       0x16 C:\Users\NICK\Documents\Arduino Projects\TeaMachine\TeaMachine\ArduinoCore\Release\libArduinoCore.a(wiring.o)
                0x00005ff0                delayMicroseconds
 .text.init     0x00006006       0xc4 C:\Users\NICK\Documents\Arduino Projects\TeaMachine\TeaMachine\ArduinoCore\Release\libArduinoCore.a(wiring.o)
                0x00006006                init
 .text.turnOffPWM
                0x000060ca       0xaa C:\Users\NICK\Documents\Arduino Projects\TeaMachine\TeaMachine\ArduinoCore\Release\libArduinoCore.a(wiring_digital.o)
 .text.pinMode  0x00006174       0x78 C:\Users\NICK\Documents\Arduino Projects\TeaMachine\TeaMachine\ArduinoCore\Release\libArduinoCore.a(wiring_digital.o)
                0x00006174                pinMode
 .text.digitalWrite
                0x000061ec       0x5c C:\Users\NICK\Documents\Arduino Projects\TeaMachine\TeaMachine\ArduinoCore\Release\libArduinoCore.a(wiring_digital.o)
                0x000061ec                digitalWrite
 .text.digitalRead
                0x00006248       0x50 C:\Users\NICK\Documents\Arduino Projects\TeaMachine\TeaMachine\ArduinoCore\Release\libArduinoCore.a(wiring_digital.o)
                0x00006248                digitalRead
 .text.shiftOut
                0x00006298       0x6c C:\Users\NICK\Documents\Arduino Projects\TeaMachine\TeaMachine\ArduinoCore\Release\libArduinoCore.a(wiring_shift.o)
                0x00006298                shiftOut
 .text._ZN6StringD2Ev
                0x00006304        0x8 C:\Users\NICK\Documents\Arduino Projects\TeaMachine\TeaMachine\ArduinoCore\Release\libArduinoCore.a(WString.o)
                0x00006304                _ZN6StringD2Ev
                0x00006304                _ZN6StringD1Ev
 .text._ZN6String10invalidateEv
                0x0000630c       0x22 C:\Users\NICK\Documents\Arduino Projects\TeaMachine\TeaMachine\ArduinoCore\Release\libArduinoCore.a(WString.o)
                0x0000630c                _ZN6String10invalidateEv
 .text._ZN6String12changeBufferEj
                0x0000632e       0x32 C:\Users\NICK\Documents\Arduino Projects\TeaMachine\TeaMachine\ArduinoCore\Release\libArduinoCore.a(WString.o)
                0x0000632e                _ZN6String12changeBufferEj
 .text._ZN6String7reserveEj
                0x00006360       0x36 C:\Users\NICK\Documents\Arduino Projects\TeaMachine\TeaMachine\ArduinoCore\Release\libArduinoCore.a(WString.o)
                0x00006360                _ZN6String7reserveEj
 .text._ZN6String4copyEPKcj
                0x00006396       0x3c C:\Users\NICK\Documents\Arduino Projects\TeaMachine\TeaMachine\ArduinoCore\Release\libArduinoCore.a(WString.o)
                0x00006396                _ZN6String4copyEPKcj
 .text._ZN6StringC2EPKc
                0x000063d2       0x28 C:\Users\NICK\Documents\Arduino Projects\TeaMachine\TeaMachine\ArduinoCore\Release\libArduinoCore.a(WString.o)
                0x000063d2                _ZN6StringC2EPKc
                0x000063d2                _ZN6StringC1EPKc
 .text._ZN6StringaSERKS_
                0x000063fa       0x2a C:\Users\NICK\Documents\Arduino Projects\TeaMachine\TeaMachine\ArduinoCore\Release\libArduinoCore.a(WString.o)
                0x000063fa                _ZN6StringaSERKS_
 .text._ZN6String6concatEPKcj
                0x00006424       0x58 C:\Users\NICK\Documents\Arduino Projects\TeaMachine\TeaMachine\ArduinoCore\Release\libArduinoCore.a(WString.o)
                0x00006424                _ZN6String6concatEPKcj
 .text._ZplRK15StringSumHelperRK6String
                0x0000647c       0x22 C:\Users\NICK\Documents\Arduino Projects\TeaMachine\TeaMachine\ArduinoCore\Release\libArduinoCore.a(WString.o)
                0x0000647c                _ZplRK15StringSumHelperRK6String
 .text.__empty  0x0000649e        0x2 C:\Users\NICK\Documents\Arduino Projects\TeaMachine\TeaMachine\ArduinoCore\Release\libArduinoCore.a(hooks.o)
                0x0000649e                yield
 .text.avr-libc.fplib
                0x000064a0        0x8 c:/program files (x86)/atmel/studio/7.0/toolchain/avr8/avr8-gnu-toolchain/bin/../lib/gcc/avr/5.4.0/../../../../avr/lib/avr6\libm.a(cmpsf2.o)
                0x000064a0                __nesf2
                0x000064a0                __eqsf2
                0x000064a0                __cmpsf2
                0x000064a0                __ltsf2
                0x000064a0                __lesf2
 .text.avr-libc.fplib
                0x000064a8        0x4 c:/program files (x86)/atmel/studio/7.0/toolchain/avr8/avr8-gnu-toolchain/bin/../lib/gcc/avr/5.4.0/../../../../avr/lib/avr6\libm.a(divsf3.o)
                0x000064a8                __divsf3
 .text.avr-libc.fplib
                0x000064ac       0xd2 c:/program files (x86)/atmel/studio/7.0/toolchain/avr8/avr8-gnu-toolchain/bin/../lib/gcc/avr/5.4.0/../../../../avr/lib/avr6\libm.a(divsf3x.o)
                0x000064c6                __divsf3x
                0x000064ca                __divsf3_pse
 .text.avr-libc.fplib
                0x0000657e       0x5e c:/program files (x86)/atmel/studio/7.0/toolchain/avr8/avr8-gnu-toolchain/bin/../lib/gcc/avr/5.4.0/../../../../avr/lib/avr6\libm.a(fixunssfsi.o)
                0x0000657e                __fixunssfsi
 .text.avr-libc.fplib
                0x000065dc        0x8 c:/program files (x86)/atmel/studio/7.0/toolchain/avr8/avr8-gnu-toolchain/bin/../lib/gcc/avr/5.4.0/../../../../avr/lib/avr6\libm.a(unordsf2.o)
                0x000065dc                __unordsf2
 .text.libgcc.div
                0x000065e4       0x28 c:/program files (x86)/atmel/studio/7.0/toolchain/avr8/avr8-gnu-toolchain/bin/../lib/gcc/avr/5.4.0/avr6\libgcc.a(_udivmodhi4.o)
                0x000065e4                __udivmodhi4
 .text.libgcc.div
                0x0000660c       0x26 c:/program files (x86)/atmel/studio/7.0/toolchain/avr8/avr8-gnu-toolchain/bin/../lib/gcc/avr/5.4.0/avr6\libgcc.a(_divmodhi4.o)
                0x0000660c                _div
                0x0000660c                __divmodhi4
 .text.libgcc.div
                0x00006632       0x44 c:/program files (x86)/atmel/studio/7.0/toolchain/avr8/avr8-gnu-toolchain/bin/../lib/gcc/avr/5.4.0/avr6\libgcc.a(_udivmodsi4.o)
                0x00006632                __udivmodsi4
 .text.libgcc   0x00006676       0x10 c:/program files (x86)/atmel/studio/7.0/toolchain/avr8/avr8-gnu-toolchain/bin/../lib/gcc/avr/5.4.0/avr6\libgcc.a(_tablejump2.o)
                0x00006676                __tablejump2__
 .text.avr-libc
                0x00006686      0x242 c:/program files (x86)/atmel/studio/7.0/toolchain/avr8/avr8-gnu-toolchain/bin/../lib/gcc/avr/5.4.0/../../../../avr/lib/avr6\libc.a(malloc.o)
                0x00006686                malloc
                0x000067b6                free
 .text.avr-libc
                0x000068c8      0x1c0 c:/program files (x86)/atmel/studio/7.0/toolchain/avr8/avr8-gnu-toolchain/bin/../lib/gcc/avr/5.4.0/../../../../avr/lib/avr6\libc.a(realloc.o)
                0x000068c8                realloc
 .text.avr-libc
                0x00006a88        0x8 c:/program files (x86)/atmel/studio/7.0/toolchain/avr8/avr8-gnu-toolchain/bin/../lib/gcc/avr/5.4.0/../../../../avr/lib/avr6\libc.a(abort.o)
                0x00006a88                abort
 .text.avr-libc
                0x00006a90       0x12 c:/program files (x86)/atmel/studio/7.0/toolchain/avr8/avr8-gnu-toolchain/bin/../lib/gcc/avr/5.4.0/../../../../avr/lib/avr6\libc.a(memcpy.o)
                0x00006a90                memcpy
 .text.avr-libc
                0x00006aa2        0xe c:/program files (x86)/atmel/studio/7.0/toolchain/avr8/avr8-gnu-toolchain/bin/../lib/gcc/avr/5.4.0/../../../../avr/lib/avr6\libc.a(memset.o)
                0x00006aa2                memset
 .text.avr-libc
                0x00006ab0        0xe c:/program files (x86)/atmel/studio/7.0/toolchain/avr8/avr8-gnu-toolchain/bin/../lib/gcc/avr/5.4.0/../../../../avr/lib/avr6\libc.a(strcpy.o)
                0x00006ab0                strcpy
                0x00006abe                . = ALIGN (0x2)
 *(.fini9)
 .fini9         0x00006abe        0x0 c:/program files (x86)/atmel/studio/7.0/toolchain/avr8/avr8-gnu-toolchain/bin/../lib/gcc/avr/5.4.0/avr6\libgcc.a(_exit.o)
                0x00006abe                _exit
                0x00006abe                exit
 *(.fini9)
 *(.fini8)
 *(.fini8)
 *(.fini7)
 *(.fini7)
 *(.fini6)
 .fini6         0x00006abe       0x1e c:/program files (x86)/atmel/studio/7.0/toolchain/avr8/avr8-gnu-toolchain/bin/../lib/gcc/avr/5.4.0/avr6\libgcc.a(_dtors.o)
                0x00006abe                __do_global_dtors
 *(.fini6)
 *(.fini5)
 *(.fini5)
 *(.fini4)
 *(.fini4)
 *(.fini3)
 *(.fini3)
 *(.fini2)
 *(.fini2)
 *(.fini1)
 *(.fini1)
 *(.fini0)
 .fini0         0x00006adc        0x4 c:/program files (x86)/atmel/studio/7.0/toolchain/avr8/avr8-gnu-toolchain/bin/../lib/gcc/avr/5.4.0/avr6\libgcc.a(_exit.o)
 *(.fini0)
                0x00006ae0                _etext = .

.data           0x00800200      0x806 load address 0x00006ae0
                0x00800200                PROVIDE (__data_start, .)
 *(.data)
 .data          0x00800200        0x6 c:/program files (x86)/atmel/studio/7.0/toolchain/avr8/avr8-gnu-toolchain/bin/../lib/gcc/avr/5.4.0/../../../../avr/lib/avr6\libc.a(malloc.o)
                0x00800200                __malloc_heap_end
                0x00800202                __malloc_heap_start
                0x00800204                __malloc_margin
 *(.data*)
 .data._ZN5Drink23defaultDrinkDefinitionsE
                0x00800206       0x18 Drink.o
                0x00800206                _ZN5Drink23defaultDrinkDefinitionsE
 *(.gnu.linkonce.d*)
 *(.rodata)
 *(.rodata*)
 .rodata._ZTV21ATMegaApplicationBase
                0x0080021e        0x8 ATMegaApplicationBase.o
                0x0080021e                _ZTV21ATMegaApplicationBase
 .rodata._ZTV11BagConveyor
                0x00800226        0x8 BagConveyor.o
                0x00800226                _ZTV11BagConveyor
 .rodata.str1.1
                0x0080022e       0x18 Boiler.o
                                 0x1a (size before relaxing)
 .rodata._ZTV6Boiler
                0x00800246        0x8 Boiler.o
                0x00800246                _ZTV6Boiler
 .rodata.str1.1
                0x0080024e      0x1bd BrewManager.o
                                0x1bf (size before relaxing)
 .rodata._ZTV11BrewManager
                0x0080040b       0x10 BrewManager.o
                0x0080040b                _ZTV11BrewManager
 .rodata.str1.1
                0x0080041b       0x5e ConveyorManager.o
                                 0x6f (size before relaxing)
 .rodata._ZTV15ConveyorManager
                0x00800479       0x10 ConveyorManager.o
                0x00800479                _ZTV15ConveyorManager
 .rodata._ZTV11CupConveyor
                0x00800489        0x8 CupConveyor.o
                0x00800489                _ZTV11CupConveyor
 .rodata.str1.1
                0x00800491        0x4 CupDetector.o
                                  0x5 (size before relaxing)
 .rodata._ZZN11CupDetector6UpdateEvE12scanSequence
                0x00800495       0x12 CupDetector.o
 .rodata._ZTV11CupDetector
                0x008004a7        0x8 CupDetector.o
                0x008004a7                _ZTV11CupDetector
 .rodata.str1.1
                0x008004af       0x41 CupLevelProbe.o
 .rodata._ZTV13CupLevelProbe
                0x008004f0        0x8 CupLevelProbe.o
                0x008004f0                _ZTV13CupLevelProbe
 .rodata.CSWTCH.67
                0x008004f8        0x6 DallasTemperature.o
 .rodata.str1.1
                0x008004fe       0x7d Display.o
                                 0x7f (size before relaxing)
 .rodata._ZTV7Display
                0x0080057b        0x8 Display.o
                0x0080057b                _ZTV7Display
 .rodata._ZTV9Extractor
                0x00800583        0x8 Extractor.o
                0x00800583                _ZTV9Extractor
 .rodata._ZTV6Masher
                0x0080058b        0x8 Masher.o
                0x0080058b                _ZTV6Masher
 .rodata._ZTV13MilkDispenser
                0x00800593        0x8 MilkDispenser.o
                0x00800593                _ZTV13MilkDispenser
 .rodata.str1.1
                0x0080059b       0xa1 MilkManager.o
                                 0xb2 (size before relaxing)
 .rodata._ZTV11MilkManager
                0x0080063c       0x10 MilkManager.o
                0x0080063c                _ZTV11MilkManager
 .rodata._ZTV18ProcessManagerBase
                0x0080064c       0x10 ProcessManagerBase.o
                0x0080064c                _ZTV18ProcessManagerBase
 .rodata.str1.1
                0x0080065c       0x58 StirManager.o
                                 0x69 (size before relaxing)
 .rodata._ZTV11StirManager
                0x008006b4       0x10 StirManager.o
                0x008006b4                _ZTV11StirManager
 .rodata.str1.1
                0x008006c4       0x1c Stirrer.o
 .rodata._ZTV7Stirrer
                0x008006e0        0x8 Stirrer.o
                0x008006e0                _ZTV7Stirrer
 .rodata.str1.1
                0x008006e8       0x1a TeaMachineApp.o
 .rodata._ZTV10TeaMachine
                0x00800702        0x8 TeaMachineApp.o
                0x00800702                _ZTV10TeaMachine
 .rodata._ZTV19TeaMachineComponent
                0x0080070a        0x8 TeaMachineComponent.o
                0x0080070a                _ZTV19TeaMachineComponent
 .rodata.str1.1
                0x00800712      0x162 TeaMachineController.o
                                0x164 (size before relaxing)
 .rodata.str1.1
                0x00800874       0x28 UIManager.o
                                 0x39 (size before relaxing)
 .rodata._ZTV9UIManager
                0x0080089c       0x10 UIManager.o
                0x0080089c                _ZTV9UIManager
 .rodata.str1.1
                0x008008ac      0x130 UserControls.o
 .rodata._ZTV12UserControls
                0x008009dc        0x8 UserControls.o
                0x008009dc                _ZTV12UserControls
 .rodata._ZTV14HardwareSerial
                0x008009e4       0x10 C:\Users\NICK\Documents\Arduino Projects\TeaMachine\TeaMachine\ArduinoCore\Release\libArduinoCore.a(HardwareSerial.o)
                0x008009e4                _ZTV14HardwareSerial
 .rodata.str1.1
                0x008009f4       0x11 C:\Users\NICK\Documents\Arduino Projects\TeaMachine\TeaMachine\ArduinoCore\Release\libArduinoCore.a(Print.o)
 *(.gnu.linkonce.r*)
                0x00800a06                . = ALIGN (0x2)
 *fill*         0x00800a05        0x1 
                0x00800a06                _edata = .
                0x00800a06                PROVIDE (__data_end, .)

.bss            0x00800a06       0xb5
                0x00800a06                PROVIDE (__bss_start, .)
 *(.bss)
 *(.bss*)
 .bss.g_bInitialised
                0x00800a06        0x1 Main.o
                0x00800a06                g_bInitialised
 .bss.gApplication
                0x00800a07        0x8 Main.o
                0x00800a07                gApplication
 .bss.intFunc   0x00800a0f        0x2 NewPing.o
                0x00800a0f                intFunc
 .bss.Serial    0x00800a11       0x9d C:\Users\NICK\Documents\Arduino Projects\TeaMachine\TeaMachine\ArduinoCore\Release\libArduinoCore.a(HardwareSerial0.o)
                0x00800a11                Serial
 .bss.timer0_fract
                0x00800aae        0x1 C:\Users\NICK\Documents\Arduino Projects\TeaMachine\TeaMachine\ArduinoCore\Release\libArduinoCore.a(wiring.o)
 .bss.timer0_millis
                0x00800aaf        0x4 C:\Users\NICK\Documents\Arduino Projects\TeaMachine\TeaMachine\ArduinoCore\Release\libArduinoCore.a(wiring.o)
                0x00800aaf                timer0_millis
 .bss.timer0_overflow_count
                0x00800ab3        0x4 C:\Users\NICK\Documents\Arduino Projects\TeaMachine\TeaMachine\ArduinoCore\Release\libArduinoCore.a(wiring.o)
                0x00800ab3                timer0_overflow_count
 *(COMMON)
 COMMON         0x00800ab7        0x4 c:/program files (x86)/atmel/studio/7.0/toolchain/avr8/avr8-gnu-toolchain/bin/../lib/gcc/avr/5.4.0/../../../../avr/lib/avr6\libc.a(malloc.o)
                0x00800ab7                __brkval
                0x00800ab9                __flp
                0x00800abb                PROVIDE (__bss_end, .)
                0x00006ae0                __data_load_start = LOADADDR (.data)
                0x000072e6                __data_load_end = (__data_load_start + SIZEOF (.data))

.noinit         0x00800abb        0x0
                [!provide]                PROVIDE (__noinit_start, .)
 *(.noinit*)
                [!provide]                PROVIDE (__noinit_end, .)
                0x00800abb                _end = .
                0x00800abb                PROVIDE (__heap_start, .)

.eeprom         0x00810000        0x0
 *(.eeprom*)
                0x00810000                __eeprom_end = .

.fuse
 *(.fuse)
 *(.lfuse)
 *(.hfuse)
 *(.efuse)

.lock
 *(.lock*)

.signature
 *(.signature*)

.user_signatures
 *(.user_signatures*)

.stab
 *(.stab)

.stabstr
 *(.stabstr)

.stab.excl
 *(.stab.excl)

.stab.exclstr
 *(.stab.exclstr)

.stab.index
 *(.stab.index)

.stab.indexstr
 *(.stab.indexstr)

.comment        0x00000000       0x30
 *(.comment)
 .comment       0x00000000       0x30 ATMegaApplicationBase.o
                                 0x31 (size before relaxing)
 .comment       0x00000030       0x31 BagConveyor.o
 .comment       0x00000030       0x31 Boiler.o
 .comment       0x00000030       0x31 BrewManager.o
 .comment       0x00000030       0x31 ConveyorManager.o
 .comment       0x00000030       0x31 CupConveyor.o
 .comment       0x00000030       0x31 CupDetector.o
 .comment       0x00000030       0x31 CupLevelProbe.o
 .comment       0x00000030       0x31 DallasTemperature.o
 .comment       0x00000030       0x31 Display.o
 .comment       0x00000030       0x31 Drink.o
 .comment       0x00000030       0x31 Extractor.o
 .comment       0x00000030       0x31 Main.o
 .comment       0x00000030       0x31 Masher.o
 .comment       0x00000030       0x31 MilkDispenser.o
 .comment       0x00000030       0x31 MilkManager.o
 .comment       0x00000030       0x31 NewPing.o
 .comment       0x00000030       0x31 OneWire.o
 .comment       0x00000030       0x31 ProcessManagerBase.o
 .comment       0x00000030       0x31 StirManager.o
 .comment       0x00000030       0x31 Stirrer.o
 .comment       0x00000030       0x31 System.o
 .comment       0x00000030       0x31 TeaMachineApp.o
 .comment       0x00000030       0x31 TeaMachineComponent.o
 .comment       0x00000030       0x31 TeaMachineController.o
 .comment       0x00000030       0x31 UIManager.o
 .comment       0x00000030       0x31 UserControls.o
 .comment       0x00000030       0x31 C:\Users\NICK\Documents\Arduino Projects\TeaMachine\TeaMachine\ArduinoCore\Release\libArduinoCore.a(abi.o)
 .comment       0x00000030       0x31 C:\Users\NICK\Documents\Arduino Projects\TeaMachine\TeaMachine\ArduinoCore\Release\libArduinoCore.a(HardwareSerial.o)
 .comment       0x00000030       0x31 C:\Users\NICK\Documents\Arduino Projects\TeaMachine\TeaMachine\ArduinoCore\Release\libArduinoCore.a(HardwareSerial0.o)
 .comment       0x00000030       0x31 C:\Users\NICK\Documents\Arduino Projects\TeaMachine\TeaMachine\ArduinoCore\Release\libArduinoCore.a(main.o)
 .comment       0x00000030       0x31 C:\Users\NICK\Documents\Arduino Projects\TeaMachine\TeaMachine\ArduinoCore\Release\libArduinoCore.a(new.o)
 .comment       0x00000030       0x31 C:\Users\NICK\Documents\Arduino Projects\TeaMachine\TeaMachine\ArduinoCore\Release\libArduinoCore.a(Print.o)
 .comment       0x00000030       0x31 C:\Users\NICK\Documents\Arduino Projects\TeaMachine\TeaMachine\ArduinoCore\Release\libArduinoCore.a(wiring.o)
 .comment       0x00000030       0x31 C:\Users\NICK\Documents\Arduino Projects\TeaMachine\TeaMachine\ArduinoCore\Release\libArduinoCore.a(wiring_digital.o)
 .comment       0x00000030       0x31 C:\Users\NICK\Documents\Arduino Projects\TeaMachine\TeaMachine\ArduinoCore\Release\libArduinoCore.a(wiring_shift.o)
 .comment       0x00000030       0x31 C:\Users\NICK\Documents\Arduino Projects\TeaMachine\TeaMachine\ArduinoCore\Release\libArduinoCore.a(WString.o)
 .comment       0x00000030       0x31 C:\Users\NICK\Documents\Arduino Projects\TeaMachine\TeaMachine\ArduinoCore\Release\libArduinoCore.a(hooks.o)
 .comment       0x00000030       0x31 c:/program files (x86)/atmel/studio/7.0/toolchain/avr8/avr8-gnu-toolchain/bin/../lib/gcc/avr/5.4.0/../../../../avr/lib/avr6\libc.a(malloc.o)
 .comment       0x00000030       0x31 c:/program files (x86)/atmel/studio/7.0/toolchain/avr8/avr8-gnu-toolchain/bin/../lib/gcc/avr/5.4.0/../../../../avr/lib/avr6\libc.a(realloc.o)

.note.gnu.avr.deviceinfo
                0x00000000       0x40
 .note.gnu.avr.deviceinfo
                0x00000000       0x40 C:/Program Files (x86)/Atmel/Studio/7.0/Packs/atmel/ATmega_DFP/1.1.130/gcc/dev/atmega2560/avr6/crtatmega2560.o

.note.gnu.build-id
 *(.note.gnu.build-id)

.debug
 *(.debug)

.line
 *(.line)

.debug_srcinfo
 *(.debug_srcinfo)

.debug_sfnames
 *(.debug_sfnames)

.debug_aranges  0x00000000     0x12a8
 *(.debug_aranges)
 .debug_aranges
                0x00000000       0x38 ATMegaApplicationBase.o
 .debug_aranges
                0x00000038       0x50 BagConveyor.o
 .debug_aranges
                0x00000088       0x68 Boiler.o
 .debug_aranges
                0x000000f0       0x80 BrewManager.o
 .debug_aranges
                0x00000170       0x78 ConveyorManager.o
 .debug_aranges
                0x000001e8       0x50 CupConveyor.o
 .debug_aranges
                0x00000238       0x68 CupDetector.o
 .debug_aranges
                0x000002a0       0x68 CupLevelProbe.o
 .debug_aranges
                0x00000308      0x1c0 DallasTemperature.o
 .debug_aranges
                0x000004c8       0xa0 Display.o
 .debug_aranges
                0x00000568       0x48 Drink.o
 .debug_aranges
                0x000005b0       0x60 Extractor.o
 .debug_aranges
                0x00000610       0x38 Main.o
 .debug_aranges
                0x00000648       0x60 Masher.o
 .debug_aranges
                0x000006a8       0x70 MilkDispenser.o
 .debug_aranges
                0x00000718       0x80 MilkManager.o
 .debug_aranges
                0x00000798       0x98 NewPing.o
 .debug_aranges
                0x00000830       0xa0 OneWire.o
 .debug_aranges
                0x000008d0       0x78 ProcessManagerBase.o
 .debug_aranges
                0x00000948       0x78 StirManager.o
 .debug_aranges
                0x000009c0       0x58 Stirrer.o
 .debug_aranges
                0x00000a18       0x80 System.o
 .debug_aranges
                0x00000a98       0x48 TeaMachineApp.o
 .debug_aranges
                0x00000ae0       0x38 TeaMachineComponent.o
 .debug_aranges
                0x00000b18       0xe8 TeaMachineController.o
 .debug_aranges
                0x00000c00       0xb0 UIManager.o
 .debug_aranges
                0x00000cb0       0x70 UserControls.o
 .debug_aranges
                0x00000d20       0x20 C:\Users\NICK\Documents\Arduino Projects\TeaMachine\TeaMachine\ArduinoCore\Release\libArduinoCore.a(abi.o)
 .debug_aranges
                0x00000d40       0x68 C:\Users\NICK\Documents\Arduino Projects\TeaMachine\TeaMachine\ArduinoCore\Release\libArduinoCore.a(HardwareSerial.o)
 .debug_aranges
                0x00000da8       0x38 C:\Users\NICK\Documents\Arduino Projects\TeaMachine\TeaMachine\ArduinoCore\Release\libArduinoCore.a(HardwareSerial0.o)
 .debug_aranges
                0x00000de0       0x30 C:\Users\NICK\Documents\Arduino Projects\TeaMachine\TeaMachine\ArduinoCore\Release\libArduinoCore.a(main.o)
 .debug_aranges
                0x00000e10       0x28 C:\Users\NICK\Documents\Arduino Projects\TeaMachine\TeaMachine\ArduinoCore\Release\libArduinoCore.a(new.o)
 .debug_aranges
                0x00000e38       0xf0 C:\Users\NICK\Documents\Arduino Projects\TeaMachine\TeaMachine\ArduinoCore\Release\libArduinoCore.a(Print.o)
 .debug_aranges
                0x00000f28       0x48 C:\Users\NICK\Documents\Arduino Projects\TeaMachine\TeaMachine\ArduinoCore\Release\libArduinoCore.a(wiring.o)
 .debug_aranges
                0x00000f70       0x38 C:\Users\NICK\Documents\Arduino Projects\TeaMachine\TeaMachine\ArduinoCore\Release\libArduinoCore.a(wiring_digital.o)
 .debug_aranges
                0x00000fa8       0x28 C:\Users\NICK\Documents\Arduino Projects\TeaMachine\TeaMachine\ArduinoCore\Release\libArduinoCore.a(wiring_shift.o)
 .debug_aranges
                0x00000fd0      0x2b8 C:\Users\NICK\Documents\Arduino Projects\TeaMachine\TeaMachine\ArduinoCore\Release\libArduinoCore.a(WString.o)
 .debug_aranges
                0x00001288       0x20 C:\Users\NICK\Documents\Arduino Projects\TeaMachine\TeaMachine\ArduinoCore\Release\libArduinoCore.a(hooks.o)

.debug_pubnames
 *(.debug_pubnames)

.debug_info     0x00000000    0x2adb3
 *(.debug_info .gnu.linkonce.wi.*)
 .debug_info    0x00000000      0xbbc C:/Program Files (x86)/Atmel/Studio/7.0/Packs/atmel/ATmega_DFP/1.1.130/gcc/dev/atmega2560/avr6/crtatmega2560.o
 .debug_info    0x00000bbc      0x6be ATMegaApplicationBase.o
 .debug_info    0x0000127a      0x7e4 BagConveyor.o
 .debug_info    0x00001a5e     0x1724 Boiler.o
 .debug_info    0x00003182     0x1fed BrewManager.o
 .debug_info    0x0000516f     0x197b ConveyorManager.o
 .debug_info    0x00006aea      0x7e4 CupConveyor.o
 .debug_info    0x000072ce     0x2259 CupDetector.o
 .debug_info    0x00009527      0xa72 CupLevelProbe.o
 .debug_info    0x00009f99     0x2936 DallasTemperature.o
 .debug_info    0x0000c8cf     0x16c6 Display.o
 .debug_info    0x0000df95      0x709 Drink.o
 .debug_info    0x0000e69e      0x8f2 Extractor.o
 .debug_info    0x0000ef90      0x340 Main.o
 .debug_info    0x0000f2d0      0x943 Masher.o
 .debug_info    0x0000fc13      0xa71 MilkDispenser.o
 .debug_info    0x00010684     0x1695 MilkManager.o
 .debug_info    0x00011d19      0xbe3 NewPing.o
 .debug_info    0x000128fc      0xf13 OneWire.o
 .debug_info    0x0001380f     0x12c8 ProcessManagerBase.o
 .debug_info    0x00014ad7     0x136d StirManager.o
 .debug_info    0x00015e44      0x8f6 Stirrer.o
 .debug_info    0x0001673a      0xb88 System.o
 .debug_info    0x000172c2     0x1dda TeaMachineApp.o
 .debug_info    0x0001909c      0x6b6 TeaMachineComponent.o
 .debug_info    0x00019752     0x24fc TeaMachineController.o
 .debug_info    0x0001bc4e     0x2835 UIManager.o
 .debug_info    0x0001e483     0x11c7 UserControls.o
 .debug_info    0x0001f64a       0x76 C:\Users\NICK\Documents\Arduino Projects\TeaMachine\TeaMachine\ArduinoCore\Release\libArduinoCore.a(abi.o)
 .debug_info    0x0001f6c0     0x1f9f C:\Users\NICK\Documents\Arduino Projects\TeaMachine\TeaMachine\ArduinoCore\Release\libArduinoCore.a(HardwareSerial.o)
 .debug_info    0x0002165f     0x1af7 C:\Users\NICK\Documents\Arduino Projects\TeaMachine\TeaMachine\ArduinoCore\Release\libArduinoCore.a(HardwareSerial0.o)
 .debug_info    0x00023156      0x295 C:\Users\NICK\Documents\Arduino Projects\TeaMachine\TeaMachine\ArduinoCore\Release\libArduinoCore.a(main.o)
 .debug_info    0x000233eb      0x11c C:\Users\NICK\Documents\Arduino Projects\TeaMachine\TeaMachine\ArduinoCore\Release\libArduinoCore.a(new.o)
 .debug_info    0x00023507     0x28e2 C:\Users\NICK\Documents\Arduino Projects\TeaMachine\TeaMachine\ArduinoCore\Release\libArduinoCore.a(Print.o)
 .debug_info    0x00025de9      0x329 C:\Users\NICK\Documents\Arduino Projects\TeaMachine\TeaMachine\ArduinoCore\Release\libArduinoCore.a(wiring.o)
 .debug_info    0x00026112      0x63a C:\Users\NICK\Documents\Arduino Projects\TeaMachine\TeaMachine\ArduinoCore\Release\libArduinoCore.a(wiring_digital.o)