Archive member included to satisfy reference by file (symbol)

c:/program files (x86)/atmel/studio/7.0/toolchain/avr8/avr8-gnu-toolchain/bin/../lib/gcc/avr/5.4.0/../../../../avr/lib/avr6\libm.a(addsf3.o)
                              DallasTemperature.o (__subsf3)
c:/program files (x86)/atmel/studio/7.0/toolchain/avr8/avr8-gnu-toolchain/bin/../lib/gcc/avr/5.4.0/../../../../avr/lib/avr6\libm.a(addsf3x.o)
                              c:/program files (x86)/atmel/studio/7.0/toolchain/avr8/avr8-gnu-toolchain/bin/../lib/gcc/avr/5.4.0/../../../../avr/lib/avr6\libm.a(addsf3.o) (__addsf3x)
c:/program files (x86)/atmel/studio/7.0/toolchain/avr8/avr8-gnu-toolchain/bin/../lib/gcc/avr/5.4.0/../../../../avr/lib/avr6\libm.a(floatsisf.o)
                              DallasTemperature.o (__floatsisf)
c:/program files (x86)/atmel/studio/7.0/toolchain/avr8/avr8-gnu-toolchain/bin/../lib/gcc/avr/5.4.0/../../../../avr/lib/avr6\libm.a(fp_inf.o)
                              c:/program files (x86)/atmel/studio/7.0/toolchain/avr8/avr8-gnu-toolchain/bin/../lib/gcc/avr/5.4.0/../../../../avr/lib/avr6\libm.a(addsf3x.o) (__fp_inf)
c:/program files (x86)/atmel/studio/7.0/toolchain/avr8/avr8-gnu-toolchain/bin/../lib/gcc/avr/5.4.0/../../../../avr/lib/avr6\libm.a(fp_nan.o)
                              c:/program files (x86)/atmel/studio/7.0/toolchain/avr8/avr8-gnu-toolchain/bin/../lib/gcc/avr/5.4.0/../../../../avr/lib/avr6\libm.a(addsf3x.o) (__fp_nan)
c:/program files (x86)/atmel/studio/7.0/toolchain/avr8/avr8-gnu-toolchain/bin/../lib/gcc/avr/5.4.0/../../../../avr/lib/avr6\libm.a(fp_pscA.o)
                              c:/program files (x86)/atmel/studio/7.0/toolchain/avr8/avr8-gnu-toolchain/bin/../lib/gcc/avr/5.4.0/../../../../avr/lib/avr6\libm.a(addsf3x.o) (__fp_pscA)
c:/program files (x86)/atmel/studio/7.0/toolchain/avr8/avr8-gnu-toolchain/bin/../lib/gcc/avr/5.4.0/../../../../avr/lib/avr6\libm.a(fp_pscB.o)
                              c:/program files (x86)/atmel/studio/7.0/toolchain/avr8/avr8-gnu-toolchain/bin/../lib/gcc/avr/5.4.0/../../../../avr/lib/avr6\libm.a(addsf3x.o) (__fp_pscB)
c:/program files (x86)/atmel/studio/7.0/toolchain/avr8/avr8-gnu-toolchain/bin/../lib/gcc/avr/5.4.0/../../../../avr/lib/avr6\libm.a(fp_round.o)
                              c:/program files (x86)/atmel/studio/7.0/toolchain/avr8/avr8-gnu-toolchain/bin/../lib/gcc/avr/5.4.0/../../../../avr/lib/avr6\libm.a(addsf3.o) (__fp_round)
c:/program files (x86)/atmel/studio/7.0/toolchain/avr8/avr8-gnu-toolchain/bin/../lib/gcc/avr/5.4.0/../../../../avr/lib/avr6\libm.a(fp_split3.o)
                              c:/program files (x86)/atmel/studio/7.0/toolchain/avr8/avr8-gnu-toolchain/bin/../lib/gcc/avr/5.4.0/../../../../avr/lib/avr6\libm.a(addsf3x.o) (__fp_split3)
c:/program files (x86)/atmel/studio/7.0/toolchain/avr8/avr8-gnu-toolchain/bin/../lib/gcc/avr/5.4.0/../../../../avr/lib/avr6\libm.a(fp_zero.o)
                              c:/program files (x86)/atmel/studio/7.0/toolchain/avr8/avr8-gnu-toolchain/bin/../lib/gcc/avr/5.4.0/../../../../avr/lib/avr6\libm.a(addsf3x.o) (__fp_zero)
c:/program files (x86)/atmel/studio/7.0/toolchain/avr8/avr8-gnu-toolchain/bin/../lib/gcc/avr/5.4.0/../../../../avr/lib/avr6\libm.a(gesf2.o)
                              BrewManager.o (__gtsf2)
c:/program files (x86)/atmel/studio/7.0/toolchain/avr8/avr8-gnu-toolchain/bin/../lib/gcc/avr/5.4.0/../../../../avr/lib/avr6\libm.a(mulsf3.o)
                              DallasTemperature.o (__mulsf3)
c:/program files (x86)/atmel/studio/7.0/toolchain/avr8/avr8-gnu-toolchain/bin/../lib/gcc/avr/5.4.0/../../../../avr/lib/avr6\libm.a(mulsf3x.o)
                              c:/program files (x86)/atmel/studio/7.0/toolchain/avr8/avr8-gnu-toolchain/bin/../lib/gcc/avr/5.4.0/../../../../avr/lib/avr6\libm.a(mulsf3.o) (__mulsf3x)
c:/program files (x86)/atmel/studio/7.0/toolchain/avr8/avr8-gnu-toolchain/bin/../lib/gcc/avr/5.4.0/../../../../avr/lib/avr6\libm.a(fp_cmp.o)
                              c:/program files (x86)/atmel/studio/7.0/toolchain/avr8/avr8-gnu-toolchain/bin/../lib/gcc/avr/5.4.0/../../../../avr/lib/avr6\libm.a(gesf2.o) (__fp_cmp)
C:\Users\NICK\Documents\Arduino Projects\TeaMachine\TeaMachine\ArduinoCore\Debug\libArduinoCore.a(abi.o)
                              ATMegaApplicationBase.o (__cxa_pure_virtual)
C:\Users\NICK\Documents\Arduino Projects\TeaMachine\TeaMachine\ArduinoCore\Debug\libArduinoCore.a(HardwareSerial.o)
                              TeaMachineApp.o (_ZN14HardwareSerial5beginEmh)
C:\Users\NICK\Documents\Arduino Projects\TeaMachine\TeaMachine\ArduinoCore\Debug\libArduinoCore.a(HardwareSerial0.o)
                              Boiler.o (Serial)
C:\Users\NICK\Documents\Arduino Projects\TeaMachine\TeaMachine\ArduinoCore\Debug\libArduinoCore.a(main.o)
                              C:/Program Files (x86)/Atmel/Studio/7.0/Packs/atmel/ATmega_DFP/1.1.130/gcc/dev/atmega2560/avr6/crtatmega2560.o (main)
[...]
Memory Configuration

Name             Origin             Length             Attributes
text             0x00000000         0x00100000         xr
data             0x00800200         0x0000fe00         rw !x
eeprom           0x00810000         0x00010000         rw !x
fuse             0x00820000         0x00000003         rw !x
lock             0x00830000         0x00000400         rw !x
signature        0x00840000         0x00000400         rw !x
user_signatures  0x00850000         0x00000400         rw !x
*default*        0x00000000         0xffffffff

Linker script and memory map

Address of section .data set to 0x800200
LOAD C:/Program Files (x86)/Atmel/Studio/7.0/Packs/atmel/ATmega_DFP/1.1.130/gcc/dev/atmega2560/avr6/crtatmega2560.o
LOAD ATMegaApplicationBase.o
LOAD BagConveyor.o
LOAD Boiler.o
LOAD BrewManager.o
LOAD ConveyorManager.o
LOAD CupConveyor.o
LOAD CupDetector.o
LOAD CupLevelProbe.o
LOAD DallasTemperature.o
LOAD Display.o
LOAD Drink.o
LOAD Extractor.o
LOAD Main.o
LOAD Masher.o
LOAD MilkDispenser.o
LOAD MilkManager.o
LOAD NewPing.o
LOAD OneWire.o
LOAD ProcessManagerBase.o
LOAD StirManager.o
LOAD Stirrer.o
LOAD SugarDispenser.o
LOAD System.o
LOAD TeaMachineApp.o
LOAD TeaMachineComponent.o
LOAD TeaMachineController.o
LOAD UIManager.o
LOAD UserControls.o
START GROUP
LOAD c:/program files (x86)/atmel/studio/7.0/toolchain/avr8/avr8-gnu-toolchain/bin/../lib/gcc/avr/5.4.0/../../../../avr/lib/avr6\libm.a
LOAD C:\Users\NICK\Documents\Arduino Projects\TeaMachine\TeaMachine\ArduinoCore\Debug\libArduinoCore.a
END GROUP
LOAD c:/program files (x86)/atmel/studio/7.0/toolchain/avr8/avr8-gnu-toolchain/bin/../lib/gcc/avr/5.4.0/avr6\libgcc.a
LOAD c:/program files (x86)/atmel/studio/7.0/toolchain/avr8/avr8-gnu-toolchain/bin/../lib/gcc/avr/5.4.0/../../../../avr/lib/avr6\libm.a
START GROUP
LOAD c:/program files (x86)/atmel/studio/7.0/toolchain/avr8/avr8-gnu-toolchain/bin/../lib/gcc/avr/5.4.0/avr6\libgcc.a
LOAD c:/program files (x86)/atmel/studio/7.0/toolchain/avr8/avr8-gnu-toolchain/bin/../lib/gcc/avr/5.4.0/../../../../avr/lib/avr6\libm.a
LOAD c:/program files (x86)/atmel/studio/7.0/toolchain/avr8/avr8-gnu-toolchain/bin/../lib/gcc/avr/5.4.0/../../../../avr/lib/avr6\libc.a
LOAD C:/Program Files (x86)/Atmel/Studio/7.0/Packs/atmel/ATmega_DFP/1.1.130/gcc/dev/atmega2560/avr6\libatmega2560.a
END GROUP
                0x00100000                __TEXT_REGION_LENGTH__ = DEFINED (__TEXT_REGION_LENGTH__)?__TEXT_REGION_LENGTH__:0x100000
                0x0000fe00                __DATA_REGION_LENGTH__ = DEFINED (__DATA_REGION_LENGTH__)?__DATA_REGION_LENGTH__:0xfe00
                0x00010000                __EEPROM_REGION_LENGTH__ = DEFINED (__EEPROM_REGION_LENGTH__)?__EEPROM_REGION_LENGTH__:0x10000
                [0x00000003]                __FUSE_REGION_LENGTH__ = DEFINED (__FUSE_REGION_LENGTH__)?__FUSE_REGION_LENGTH__:0x400
                0x00000400                __LOCK_REGION_LENGTH__ = DEFINED (__LOCK_REGION_LENGTH__)?__LOCK_REGION_LENGTH__:0x400
                0x00000400                __SIGNATURE_REGION_LENGTH__ = DEFINED (__SIGNATURE_REGION_LENGTH__)?__SIGNATURE_REGION_LENGTH__:0x400
                0x00000400                __USER_SIGNATURE_REGION_LENGTH__ = DEFINED (__USER_SIGNATURE_REGION_LENGTH__)?__USER_SIGNATURE_REGION_LENGTH__:0x400

.hash
 *(.hash)

.dynsym
 *(.dynsym)

.dynstr
 *(.dynstr)

.gnu.version
 *(.gnu.version)

.gnu.version_d
 *(.gnu.version_d)

.gnu.version_r
 *(.gnu.version_r)

.rel.init
 *(.rel.init)

.rela.init
 *(.rela.init)

.rel.text
 *(.rel.text)
 *(.rel.text.*)
 *(.rel.gnu.linkonce.t*)

.rela.text
 *(.rela.text)
 *(.rela.text.*)
 *(.rela.gnu.linkonce.t*)

.rel.fini
 *(.rel.fini)

.rela.fini
 *(.rela.fini)

.rel.rodata
 *(.rel.rodata)
 *(.rel.rodata.*)
 *(.rel.gnu.linkonce.r*)

.rela.rodata
 *(.rela.rodata)
 *(.rela.rodata.*)
 *(.rela.gnu.linkonce.r*)

.rel.data
 *(.rel.data)
 *(.rel.data.*)
 *(.rel.gnu.linkonce.d*)

.rela.data
 *(.rela.data)
 *(.rela.data.*)
 *(.rela.gnu.linkonce.d*)

.rel.ctors
 *(.rel.ctors)

.rela.ctors
 *(.rela.ctors)

.rel.dtors
 *(.rel.dtors)

.rela.dtors
 *(.rela.dtors)

.rel.got
 *(.rel.got)

.rela.got
 *(.rela.got)

.rel.bss
 *(.rel.bss)

.rela.bss
 *(.rela.bss)

.rel.plt
 *(.rel.plt)

.rela.plt
 *(.rela.plt)

.text           0x00000000     0x7f2e
 *(.vectors)
 .vectors       0x00000000       0xe4 C:/Program Files (x86)/Atmel/Studio/7.0/Packs/atmel/ATmega_DFP/1.1.130/gcc/dev/atmega2560/avr6/crtatmega2560.o
                0x00000000                __vector_default
                0x00000000                __vectors
 *(.vectors)
 *(.progmem.gcc*)
 .progmem.gcc_sw_table._ZN11BrewManager19AdvanceStateMachineEv
                0x000000e4       0x1c BrewManager.o
 .progmem.gcc_sw_table._ZN7Display14GetSegmentCodeEc23AlphaSegmentCodePortion
                0x00000100       0x2e Display.o
 .progmem.gcc_sw_table._ZN11StirManager19AdvanceStateMachineEv
                0x0000012e       0x12 StirManager.o
 .progmem.gcc_sw_table._ZN10TeaMachine18ExecuteGroup1TestsEv
                0x00000140       0x1a TeaMachineApp.o
 .progmem.gcc_sw_table._ZN20TeaMachineController5StartE24TeaMachineControllerMode
                0x0000015a        0xe TeaMachineController.o
 .progmem.gcc_sw_table._ZN12UserControls21GetControlStateDirectEi
                0x00000168       0x18 UserControls.o
 .progmem.gcc_sw_table.turnOffPWM
                0x00000180       0x24 C:\Users\NICK\Documents\Arduino Projects\TeaMachine\TeaMachine\ArduinoCore\Debug\libArduinoCore.a(wiring_digital.o)
                0x000001a4                . = ALIGN (0x2)
                0x000001a4                __trampolines_start = .
 *(.trampolines)
 .trampolines   0x000001a4        0x0 linker stubs
 *(.trampolines*)
                0x000001a4                __trampolines_end = .
 *libprintf_flt.a:*(.progmem.data)
 *libc.a:*(.progmem.data)
 .progmem.data  0x000001a4       0xfa c:/program files (x86)/atmel/studio/7.0/toolchain/avr8/avr8-gnu-toolchain/bin/../lib/gcc/avr/5.4.0/../../../../avr/lib/avr6\libc.a(ftoa_engine.o)
 *(.progmem*)
 .progmem.data._ZL11dscrc_table
                0x0000029e      0x100 OneWire.o
 .progmem.data.digital_pin_to_timer_PGM
                0x0000039e       0x46 C:\Users\NICK\Documents\Arduino Projects\TeaMachine\TeaMachine\ArduinoCore\Debug\libArduinoCore.a(wiring_digital.o)
                0x0000039e                digital_pin_to_timer_PGM
 .progmem.data.digital_pin_to_bit_mask_PGM
                0x000003e4       0x46 C:\Users\NICK\Documents\Arduino Projects\TeaMachine\TeaMachine\ArduinoCore\Debug\libArduinoCore.a(wiring_digital.o)
                0x000003e4                digital_pin_to_bit_mask_PGM
 .progmem.data.digital_pin_to_port_PGM
                0x0000042a       0x46 C:\Users\NICK\Documents\Arduino Projects\TeaMachine\TeaMachine\ArduinoCore\Debug\libArduinoCore.a(wiring_digital.o)
                0x0000042a                digital_pin_to_port_PGM
 .progmem.data.port_to_input_PGM
                0x00000470       0x1a C:\Users\NICK\Documents\Arduino Projects\TeaMachine\TeaMachine\ArduinoCore\Debug\libArduinoCore.a(wiring_digital.o)
                0x00000470                port_to_input_PGM
 .progmem.data.port_to_output_PGM
                0x0000048a       0x1a C:\Users\NICK\Documents\Arduino Projects\TeaMachine\TeaMachine\ArduinoCore\Debug\libArduinoCore.a(wiring_digital.o)
                0x0000048a                port_to_output_PGM
 .progmem.data.port_to_mode_PGM
                0x000004a4       0x1a C:\Users\NICK\Documents\Arduino Projects\TeaMachine\TeaMachine\ArduinoCore\Debug\libArduinoCore.a(wiring_digital.o)
                0x000004a4                port_to_mode_PGM
                0x000004be                . = ALIGN (0x2)
 *(.jumptables)
 *(.jumptables*)
 *(.lowtext)
 *(.lowtext*)
                0x000004be                __ctors_start = .
 *(.ctors)
 .ctors         0x000004be        0x2 Main.o
 .ctors         0x000004c0        0x2 C:\Users\NICK\Documents\Arduino Projects\TeaMachine\TeaMachine\ArduinoCore\Debug\libArduinoCore.a(HardwareSerial0.o)
                0x000004c2                __ctors_end = .
                0x000004c2                __dtors_start = .
 *(.dtors)
 .dtors         0x000004c2        0x2 Main.o
                0x000004c4                __dtors_end = .
 SORT(*)(.ctors)
 SORT(*)(.dtors)
 *(.init0)
 .init0         0x000004c4        0x0 C:/Program Files (x86)/Atmel/Studio/7.0/Packs/atmel/ATmega_DFP/1.1.130/gcc/dev/atmega2560/avr6/crtatmega2560.o
                0x000004c4                __init
 *(.init0)
 *(.init1)
 *(.init1)
 *(.init2)
 .init2         0x000004c4       0x10 C:/Program Files (x86)/Atmel/Studio/7.0/Packs/atmel/ATmega_DFP/1.1.130/gcc/dev/atmega2560/avr6/crtatmega2560.o
 *(.init2)
 *(.init3)
 *(.init3)
 *(.init4)
 .init4         0x000004d4       0x1a c:/program files (x86)/atmel/studio/7.0/toolchain/avr8/avr8-gnu-toolchain/bin/../lib/gcc/avr/5.4.0/avr6\libgcc.a(_copy_data.o)
                0x000004d4                __do_copy_data
 .init4         0x000004ee       0x10 c:/program files (x86)/atmel/studio/7.0/toolchain/avr8/avr8-gnu-toolchain/bin/../lib/gcc/avr/5.4.0/avr6\libgcc.a(_clear_bss.o)
                0x000004ee                __do_clear_bss
 *(.init4)
 *(.init5)
 *(.init5)
 *(.init6)
 .init6         0x000004fe       0x20 c:/program files (x86)/atmel/studio/7.0/toolchain/avr8/avr8-gnu-toolchain/bin/../lib/gcc/avr/5.4.0/avr6\libgcc.a(_ctors.o)
                0x000004fe                __do_global_ctors
 *(.init6)
 *(.init7)
 *(.init7)
 *(.init8)
 *(.init8)
 *(.init9)
 .init9         0x0000051e        0x8 C:/Program Files (x86)/Atmel/Studio/7.0/Packs/atmel/ATmega_DFP/1.1.130/gcc/dev/atmega2560/avr6/crtatmega2560.o
 *(.init9)
 *(.text)
 .text          0x00000526        0x2 C:/Program Files (x86)/Atmel/Studio/7.0/Packs/atmel/ATmega_DFP/1.1.130/gcc/dev/atmega2560/avr6/crtatmega2560.o
                0x00000526                __vector_38
                0x00000526                __vector_22
                0x00000526                __vector_28
                0x00000526                __vector_1
                0x00000526                __vector_32
                0x00000526                __vector_34
                0x00000526                __vector_24
                0x00000526                __vector_12
                0x00000526                __vector_55
                0x00000526                __vector_46
                0x00000526                __bad_interrupt
                0x00000526                __vector_6
                0x00000526                __vector_31
                0x00000526                __vector_35
                0x00000526                __vector_39
                0x00000526                __vector_3
                0x00000526                __vector_30
                0x00000526                __vector_45
                0x00000526                __vector_11
                0x00000526                __vector_54
                0x00000526                __vector_17
                0x00000526                __vector_19
                0x00000526                __vector_56
                0x00000526                __vector_7
                0x00000526                __vector_49
                0x00000526                __vector_41
                0x00000526                __vector_43
                0x00000526                __vector_27
                0x00000526                __vector_5
                0x00000526                __vector_33
                0x00000526                __vector_47
                0x00000526                __vector_52
                0x00000526                __vector_37
                0x00000526                __vector_4
                0x00000526                __vector_44
                0x00000526                __vector_51
                0x00000526                __vector_9
                0x00000526                __vector_2
                0x00000526                __vector_21
                0x00000526                __vector_15
                0x00000526                __vector_36
                0x00000526                __vector_29
                0x00000526                __vector_40
                0x00000526                __vector_8
                0x00000526                __vector_48
                0x00000526                __vector_14
                0x00000526                __vector_53
                0x00000526                __vector_10
                0x00000526                __vector_50
                0x00000526                __vector_16
                0x00000526                __vector_18
                0x00000526                __vector_20
                0x00000526                __vector_42
                0x00000528                . = ALIGN (0x2)
 *(.text.*)
 .text._ZN21ATMegaApplicationBase10InitialiseEv
                0x00000528        0x4 ATMegaApplicationBase.o
                0x00000528                _ZN21ATMegaApplicationBase10InitialiseEv
 .text._ZN21ATMegaApplicationBaseC2Ev
                0x0000052c       0x10 ATMegaApplicationBase.o
                0x0000052c                _ZN21ATMegaApplicationBaseC2Ev
                0x0000052c                _ZN21ATMegaApplicationBaseC1Ev
 .text._ZN21ATMegaApplicationBaseD2Ev
                0x0000053c       0x2c ATMegaApplicationBase.o
                0x0000053c                _ZN21ATMegaApplicationBaseD1Ev
                0x0000053c                _ZN21ATMegaApplicationBaseD2Ev
 .text._ZN21ATMegaApplicationBase9GetSystemEv
                0x00000568       0x32 ATMegaApplicationBase.o
                0x00000568                _ZN21ATMegaApplicationBase9GetSystemEv
 .text._ZN11BagConveyorC2EP10TeaMachine
                0x0000059a       0x18 BagConveyor.o
                0x0000059a                _ZN11BagConveyorC1EP10TeaMachine
                0x0000059a                _ZN11BagConveyorC2EP10TeaMachine
 .text._ZN11BagConveyor12BeginAdvanceEv
                0x000005b2       0x32 BagConveyor.o
                0x000005b2                _ZN11BagConveyor12BeginAdvanceEv
 .text._ZN11BagConveyor4TestEv
                0x000005e4        0x4 BagConveyor.o
                0x000005e4                _ZN11BagConveyor4TestEv
 .text._ZN11BagConveyor12IsStationaryEv
                0x000005e8       0x18 BagConveyor.o
                0x000005e8                _ZN11BagConveyor12IsStationaryEv
 .text._ZN11BagConveyor4StopEv
                0x00000600        0x2 BagConveyor.o
                0x00000600                _ZN11BagConveyor4StopEv
 .text._ZN6Boiler10InitialiseEv
                0x00000602       0x4c Boiler.o
                0x00000602                _ZN6Boiler10InitialiseEv
 .text._ZN6BoilerC2EP10TeaMachine
                0x0000064e       0x20 Boiler.o
                0x0000064e                _ZN6BoilerC1EP10TeaMachine
                0x0000064e                _ZN6BoilerC2EP10TeaMachine
 .text._ZN6BoilerD2Ev
                0x0000066e        0xe Boiler.o
                0x0000066e                _ZN6BoilerD1Ev
                0x0000066e                _ZN6BoilerD2Ev
 .text._ZN6Boiler18MonitorTemperatureEv
                0x0000067c       0x44 Boiler.o
                0x0000067c                _ZN6Boiler18MonitorTemperatureEv
 .text._ZN6Boiler12EnableHeaterEb
                0x000006c0       0x2c Boiler.o
                0x000006c0                _ZN6Boiler12EnableHeaterEb
 .text._ZN6Boiler4TestEv
                0x000006ec       0x40 Boiler.o
                0x000006ec                _ZN6Boiler4TestEv
 .text._ZN6Boiler15EnableExitValveEb
                0x0000072c       0x20 Boiler.o
                0x0000072c                _ZN6Boiler15EnableExitValveEb
 .text._ZN6Boiler19GetWaterTemperatureEv
                0x0000074c       0x1c Boiler.o
                0x0000074c                _ZN6Boiler19GetWaterTemperatureEv
 .text._ZN6Boiler13TestExitValveEv
                0x00000768       0x3c Boiler.o
                0x00000768                _ZN6Boiler13TestExitValveEv
 .text._ZN11BrewManager10BeginResetEv
                0x000007a4        0xa BrewManager.o
                0x000007a4                _ZN11BrewManager10BeginResetEv
 .text._ZN11BrewManager12BeginProcessEv
                0x000007ae       0xda BrewManager.o
                0x000007ae                _ZN11BrewManager12BeginProcessEv
 .text._ZN11BrewManager4StopEv
                0x00000888       0x36 BrewManager.o
                0x00000888                _ZN11BrewManager4StopEv
 .text._ZN11BrewManager4TestEv
                0x000008be       0x92 BrewManager.o
                0x000008be                _ZN11BrewManager4TestEv
 .text._ZN11BrewManager12ClearMembersEv
                0x00000950       0x44 BrewManager.o
                0x00000950                _ZN11BrewManager12ClearMembersEv
 .text._ZN11BrewManagerC2EP20TeaMachineController
                0x00000994       0x1a BrewManager.o
                0x00000994                _ZN11BrewManagerC2EP20TeaMachineController
                0x00000994                _ZN11BrewManagerC1EP20TeaMachineController
 .text._ZN11BrewManager19AdvanceStateMachineEv
                0x000009ae      0x782 BrewManager.o
                0x000009ae                _ZN11BrewManager19AdvanceStateMachineEv
 .text._ZN11BrewManager8ContinueEv
                0x00001130       0xda BrewManager.o
                0x00001130                _ZN11BrewManager8ContinueEv
 .text._ZN11BrewManager10InitialiseEv
                0x0000120a       0xdc BrewManager.o
                0x0000120a                _ZN11BrewManager10InitialiseEv
 .text._ZN15ConveyorManager10BeginResetEv
                0x000012e6        0xa ConveyorManager.o
                0x000012e6                _ZN15ConveyorManager10BeginResetEv
 .text._ZN15ConveyorManager12BeginProcessEv
                0x000012f0       0x30 ConveyorManager.o
                0x000012f0                _ZN15ConveyorManager12BeginProcessEv
 .text._ZN15ConveyorManager4StopEv
                0x00001320        0x8 ConveyorManager.o
                0x00001320                _ZN15ConveyorManager4StopEv
 .text._ZN15ConveyorManager4TestEv
                0x00001328       0x42 ConveyorManager.o
                0x00001328                _ZN15ConveyorManager4TestEv
 .text._ZN15ConveyorManagerC2EP20TeaMachineController
                0x0000136a       0x1e ConveyorManager.o
                0x0000136a                _ZN15ConveyorManagerC2EP20TeaMachineController
                0x0000136a                _ZN15ConveyorManagerC1EP20TeaMachineController
 .text._ZN15ConveyorManager19AdvanceStateMachineEv
                0x00001388       0x9c ConveyorManager.o
                0x00001388                _ZN15ConveyorManager19AdvanceStateMachineEv
 .text._ZN15ConveyorManager8ContinueEv
                0x00001424       0x56 ConveyorManager.o
                0x00001424                _ZN15ConveyorManager8ContinueEv
 .text._ZN15ConveyorManager10InitialiseEv
                0x0000147a       0x34 ConveyorManager.o
                0x0000147a                _ZN15ConveyorManager10InitialiseEv
 .text._ZN11CupConveyorC2EP10TeaMachine
                0x000014ae       0x18 CupConveyor.o
                0x000014ae                _ZN11CupConveyorC1EP10TeaMachine
                0x000014ae                _ZN11CupConveyorC2EP10TeaMachine
 .text._ZN11CupConveyor12BeginAdvanceEv
                0x000014c6       0x32 CupConveyor.o
                0x000014c6                _ZN11CupConveyor12BeginAdvanceEv
 .text._ZN11CupConveyor4TestEv
                0x000014f8        0x4 CupConveyor.o
                0x000014f8                _ZN11CupConveyor4TestEv
 .text._ZN11CupConveyor12IsStationaryEv
                0x000014fc       0x12 CupConveyor.o
                0x000014fc                _ZN11CupConveyor12IsStationaryEv
 .text._ZN11CupConveyor4StopEv
                0x0000150e        0x2 CupConveyor.o
                0x0000150e                _ZN11CupConveyor4StopEv
 .text._ZN11CupDetector12ClearMembersEv
                0x00001510       0x12 CupDetector.o
                0x00001510                _ZN11CupDetector12ClearMembersEv
 .text._ZN11CupDetectorC2EP10TeaMachine
                0x00001522       0x1a CupDetector.o
                0x00001522                _ZN11CupDetectorC1EP10TeaMachine
                0x00001522                _ZN11CupDetectorC2EP10TeaMachine
 .text._ZN11CupDetector10InitialiseEv
                0x0000153c       0x22 CupDetector.o
                0x0000153c                _ZN11CupDetector10InitialiseEv
 .text._ZN11CupDetector6UpdateEv
                0x0000155e       0xc4 CupDetector.o
                0x0000155e                _ZN11CupDetector6UpdateEv
 .text._ZN11CupDetector20NotifyStationAdvanceEv
                0x00001622       0x34 CupDetector.o
                0x00001622                _ZN11CupDetector20NotifyStationAdvanceEv
 .text._ZN11CupDetector4TestEv
                0x00001656      0x104 CupDetector.o
                0x00001656                _ZN11CupDetector4TestEv
 .text._ZN13CupLevelProbe10InitialiseEv
                0x0000175a        0x2 CupLevelProbe.o
                0x0000175a                _ZN13CupLevelProbe10InitialiseEv
 .text._ZN13CupLevelProbeC2EP10TeaMachine
                0x0000175c       0x18 CupLevelProbe.o
                0x0000175c                _ZN13CupLevelProbeC1EP10TeaMachine
                0x0000175c                _ZN13CupLevelProbeC2EP10TeaMachine
 .text._ZN13CupLevelProbe5RaiseEv
                0x00001774       0x26 CupLevelProbe.o
                0x00001774                _ZN13CupLevelProbe5RaiseEv
 .text._ZN13CupLevelProbe5LowerEv
                0x0000179a       0x26 CupLevelProbe.o
                0x0000179a                _ZN13CupLevelProbe5LowerEv
 .text._ZN13CupLevelProbe4StopEv
                0x000017c0        0xe CupLevelProbe.o
                0x000017c0                _ZN13CupLevelProbe4StopEv
 .text._ZN13CupLevelProbe8IsRaisedEv
                0x000017ce       0x18 CupLevelProbe.o
                0x000017ce                _ZN13CupLevelProbe8IsRaisedEv
 .text._ZN13CupLevelProbe9CupIsFullEv
                0x000017e6       0x12 CupLevelProbe.o
                0x000017e6                _ZN13CupLevelProbe9CupIsFullEv
 .text._ZN13CupLevelProbe4TestEv
                0x000017f8       0x92 CupLevelProbe.o
                0x000017f8                _ZN13CupLevelProbe4TestEv
 .text._ZN17DallasTemperature19defaultAlarmHandlerEPKh
                0x0000188a        0x2 DallasTemperature.o
                0x0000188a                _ZN17DallasTemperature19defaultAlarmHandlerEPKh
 .text._ZN17DallasTemperatureC2EP7OneWire
                0x0000188c       0x1e DallasTemperature.o
                0x0000188c                _ZN17DallasTemperatureC1EP7OneWire
                0x0000188c                _ZN17DallasTemperatureC2EP7OneWire
 .text._ZN17DallasTemperature12validAddressEPKh
                0x000018aa       0x1e DallasTemperature.o
                0x000018aa                _ZN17DallasTemperature12validAddressEPKh
 .text._ZN17DallasTemperature10getAddressEPhh
                0x000018c8       0x52 DallasTemperature.o
                0x000018c8                _ZN17DallasTemperature10getAddressEPhh
 .text._ZN17DallasTemperature14readScratchPadEPKhPh
                0x0000191a       0x76 DallasTemperature.o
                0x0000191a                _ZN17DallasTemperature14readScratchPadEPKhPh
 .text._ZN17DallasTemperature11isConnectedEPKhPh
                0x00001990       0x24 DallasTemperature.o
                0x00001990                _ZN17DallasTemperature11isConnectedEPKhPh
 .text._ZN17DallasTemperature15readPowerSupplyEPKh
                0x000019b4       0x4c DallasTemperature.o
                0x000019b4                _ZN17DallasTemperature15readPowerSupplyEPKh
 .text._ZN17DallasTemperature13getResolutionEPKh
                0x00001a00       0x62 DallasTemperature.o
                0x00001a00                _ZN17DallasTemperature13getResolutionEPKh
 .text._ZN17DallasTemperature5beginEv
                0x00001a62       0xb6 DallasTemperature.o
                0x00001a62                _ZN17DallasTemperature5beginEv
 .text._ZN17DallasTemperature20isConversionCompleteEv
                0x00001b18       0x16 DallasTemperature.o
                0x00001b18                _ZN17DallasTemperature20isConversionCompleteEv
 .text._ZN17DallasTemperature27blockTillConversionCompleteEh
                0x00001b2e       0xb4 DallasTemperature.o
                0x00001b2e                _ZN17DallasTemperature27blockTillConversionCompleteEh
 .text._ZN17DallasTemperature19requestTemperaturesEv
                0x00001be2       0x38 DallasTemperature.o
                0x00001be2                _ZN17DallasTemperature19requestTemperaturesEv
 .text._ZN17DallasTemperature20calculateTemperatureEPKhPh
                0x00001c1a       0x5c DallasTemperature.o
                0x00001c1a                _ZN17DallasTemperature20calculateTemperatureEPKhPh
 .text._ZN17DallasTemperature7getTempEPKh
                0x00001c76       0x58 DallasTemperature.o
                0x00001c76                _ZN17DallasTemperature7getTempEPKh
 .text._ZN17DallasTemperature8getTempCEPKh
                0x00001cce       0x2c DallasTemperature.o
                0x00001cce                _ZN17DallasTemperature8getTempCEPKh
 .text._ZN17DallasTemperature15getTempCByIndexEh
                0x00001cfa       0x52 DallasTemperature.o
                0x00001cfa                _ZN17DallasTemperature15getTempCByIndexEh
 .text._ZN7DisplayC2Ev
                0x00001d4c       0x18 Display.o
                0x00001d4c                _ZN7DisplayC2Ev
                0x00001d4c                _ZN7DisplayC1Ev
 .text._ZN7Display12ClearMembersEv
                0x00001d64       0x58 Display.o
                0x00001d64                _ZN7Display12ClearMembersEv
 .text._ZN7DisplayC2EP10TeaMachine
                0x00001dbc       0x1a Display.o
                0x00001dbc                _ZN7DisplayC1EP10TeaMachine
                0x00001dbc                _ZN7DisplayC2EP10TeaMachine
 .text._ZN7DisplayD2Ev
                0x00001dd6       0x1c Display.o
                0x00001dd6                _ZN7DisplayD2Ev
                0x00001dd6                _ZN7DisplayD1Ev
 .text._ZN7Display3SetEiib
                0x00001df2       0x1e Display.o
                0x00001df2                _ZN7Display3SetEiib
 .text._ZN7Display3SetE16IndicatorNumerici
                0x00001e10       0x2c Display.o
                0x00001e10                _ZN7Display3SetE16IndicatorNumerici
 .text._ZN7Display3SetE14IndicatorAlphac
                0x00001e3c       0x24 Display.o
                0x00001e3c                _ZN7Display3SetE14IndicatorAlphac
 .text._ZN7Display3SetE12IndicatorLEDb
                0x00001e60       0x2c Display.o
                0x00001e60                _ZN7Display3SetE12IndicatorLEDb
 .text._ZN7Display14GetSegmentCodeEjb
                0x00001e8c       0xce Display.o
                0x00001e8c                _ZN7Display14GetSegmentCodeEjb
 .text._ZN7Display14GetSegmentCodeEjbb
                0x00001f5a       0x16 Display.o
                0x00001f5a                _ZN7Display14GetSegmentCodeEjbb
 .text._ZN7Display14GetSegmentCodeEc23AlphaSegmentCodePortion
                0x00001f70       0xd8 Display.o
                0x00001f70                _ZN7Display14GetSegmentCodeEc23AlphaSegmentCodePortion
 .text._ZN7Display16WriteDisplayDataEv
                0x00002048      0x1ee Display.o
                0x00002048                _ZN7Display16WriteDisplayDataEv
 .text._ZN7Display4TestEv
                0x00002236      0x334 Display.o
                0x00002236                _ZN7Display4TestEv
 .text._ZN7Display6UpdateEv
                0x0000256a       0x18 Display.o
                0x0000256a                _ZN7Display6UpdateEv
 .text._ZN7Display10InitialiseEv
                0x00002582       0x2e Display.o
                0x00002582                _ZN7Display10InitialiseEv
 .text._ZN7Display7DoFlashEv
                0x000025b0       0x46 Display.o
                0x000025b0                _ZN7Display7DoFlashEv
 .text._ZN5DrinkD2Ev
                0x000025f6        0x2 Drink.o
                0x000025f6                _ZN5DrinkD2Ev
                0x000025f6                _ZN5DrinkD1Ev
 .text._ZN5Drink15InitialiseDrinkEv
                0x000025f8       0x68 Drink.o
                0x000025f8                _ZN5Drink15InitialiseDrinkEv
 .text._ZN5DrinkC2Ev
                0x00002660        0xc Drink.o
                0x00002660                _ZN5DrinkC1Ev
                0x00002660                _ZN5DrinkC2Ev
 .text._ZN5DrinkC2Ej
                0x0000266c        0xc Drink.o
                0x0000266c                _ZN5DrinkC2Ej
                0x0000266c                _ZN5DrinkC1Ej
 .text._ZN5Drink11SetNextTypeEv
                0x00002678       0x18 Drink.o
                0x00002678                _ZN5Drink11SetNextTypeEv
 .text._ZN5Drink15SetPreviousTypeEv
                0x00002690       0x1e Drink.o
                0x00002690                _ZN5Drink15SetPreviousTypeEv
 .text._ZN9ExtractorC2EP10TeaMachine
                0x000026ae       0x18 Extractor.o
                0x000026ae                _ZN9ExtractorC2EP10TeaMachine
                0x000026ae                _ZN9ExtractorC1EP10TeaMachine
 .text._ZN9Extractor5RaiseEv
                0x000026c6       0x26 Extractor.o
                0x000026c6                _ZN9Extractor5RaiseEv
 .text._ZN9Extractor5LowerEv
                0x000026ec       0x26 Extractor.o
                0x000026ec                _ZN9Extractor5LowerEv
 .text._ZN9Extractor4StopEv
                0x00002712        0xe Extractor.o
                0x00002712                _ZN9Extractor4StopEv
 .text._ZN9Extractor8IsRaisedEv
                0x00002720       0x18 Extractor.o
                0x00002720                _ZN9Extractor8IsRaisedEv
 .text._ZN9Extractor9IsLoweredEv
                0x00002738       0x18 Extractor.o
                0x00002738                _ZN9Extractor9IsLoweredEv
 .text._ZN9Extractor4TestEv
                0x00002750       0x2a Extractor.o
                0x00002750                _ZN9Extractor4TestEv
 .text.startup._GLOBAL__sub_I_gApplication
                0x0000277a        0x8 Main.o
 .text.exit._GLOBAL__sub_D_gApplication
                0x00002782        0x8 Main.o
 .text.setup    0x0000278a        0xe Main.o
                0x0000278a                setup
 .text.loop     0x00002798       0x14 Main.o
                0x00002798                loop
 .text._ZN6MasherC2EP10TeaMachine
                0x000027ac       0x1a Masher.o
                0x000027ac                _ZN6MasherC1EP10TeaMachine
                0x000027ac                _ZN6MasherC2EP10TeaMachine
 .text._ZN6Masher5RaiseEv
                0x000027c6       0x28 Masher.o
                0x000027c6                _ZN6Masher5RaiseEv
 .text._ZN6Masher5LowerEv
                0x000027ee       0x2a Masher.o
                0x000027ee                _ZN6Masher5LowerEv
 .text._ZN6Masher4StopEv
                0x00002818        0xe Masher.o
                0x00002818                _ZN6Masher4StopEv
 .text._ZN6Masher8IsRaisedEv
                0x00002826       0x22 Masher.o
                0x00002826                _ZN6Masher8IsRaisedEv
 .text._ZN6Masher9IsLoweredEv
                0x00002848       0x22 Masher.o
                0x00002848                _ZN6Masher9IsLoweredEv
 .text._ZN6Masher4TestEv
                0x0000286a       0x42 Masher.o
                0x0000286a                _ZN6Masher4TestEv
 .text._ZN13MilkDispenser10InitialiseEv
                0x000028ac        0x2 MilkDispenser.o
                0x000028ac                _ZN13MilkDispenser10InitialiseEv
 .text._ZN13MilkDispenserC2EP10TeaMachine
                0x000028ae       0x18 MilkDispenser.o
                0x000028ae                _ZN13MilkDispenserC1EP10TeaMachine
                0x000028ae                _ZN13MilkDispenserC2EP10TeaMachine
 .text._ZN13MilkDispenser5RaiseEv
                0x000028c6       0x32 MilkDispenser.o
                0x000028c6                _ZN13MilkDispenser5RaiseEv
 .text._ZN13MilkDispenser8DispenseEv
                0x000028f8       0x32 MilkDispenser.o
                0x000028f8                _ZN13MilkDispenser8DispenseEv
 .text._ZN13MilkDispenser4TestEv
                0x0000292a        0x4 MilkDispenser.o
                0x0000292a                _ZN13MilkDispenser4TestEv
 .text._ZN13MilkDispenser4StopEv
                0x0000292e        0xe MilkDispenser.o
                0x0000292e                _ZN13MilkDispenser4StopEv
 .text._ZN13MilkDispenser8IsRaisedEv
                0x0000293c       0x18 MilkDispenser.o
                0x0000293c                _ZN13MilkDispenser8IsRaisedEv
 .text._ZN13MilkDispenser9IsRaisingEv
                0x00002954       0x12 MilkDispenser.o
                0x00002954                _ZN13MilkDispenser9IsRaisingEv
 .text._ZN13MilkDispenser15SetLoadPositionEv
                0x00002966       0x7c MilkDispenser.o
                0x00002966                _ZN13MilkDispenser15SetLoadPositionEv
 .text._ZN11MilkManager10BeginResetEv
                0x000029e2        0xa MilkManager.o
                0x000029e2                _ZN11MilkManager10BeginResetEv
 .text._ZN11MilkManager12BeginProcessEv
                0x000029ec       0xbc MilkManager.o
                0x000029ec                _ZN11MilkManager12BeginProcessEv
 .text._ZN11MilkManager4StopEv
                0x00002aa8        0x8 MilkManager.o
                0x00002aa8                _ZN11MilkManager4StopEv
 .text._ZN11MilkManager4TestEv
                0x00002ab0       0x7a MilkManager.o
                0x00002ab0                _ZN11MilkManager4TestEv
 .text._ZN11MilkManager12ClearMembersEv
                0x00002b2a       0x16 MilkManager.o
                0x00002b2a                _ZN11MilkManager12ClearMembersEv
 .text._ZN11MilkManagerC2EP20TeaMachineController
                0x00002b40       0x18 MilkManager.o
                0x00002b40                _ZN11MilkManagerC1EP20TeaMachineController
                0x00002b40                _ZN11MilkManagerC2EP20TeaMachineController
 .text._ZN11MilkManager19AdvanceStateMachineEv
                0x00002b58      0x26a MilkManager.o
                0x00002b58                _ZN11MilkManager19AdvanceStateMachineEv
 .text._ZN11MilkManager8ContinueEv
                0x00002dc2       0xc8 MilkManager.o
                0x00002dc2                _ZN11MilkManager8ContinueEv
 .text._ZN11MilkManager15SetLoadPositionEv
                0x00002e8a       0x3e MilkManager.o
                0x00002e8a                _ZN11MilkManager15SetLoadPositionEv
 .text._ZN11MilkManager10InitialiseEv
                0x00002ec8       0x34 MilkManager.o
                0x00002ec8                _ZN11MilkManager10InitialiseEv
 .text._ZN7NewPingC2Ehhi
                0x00002efc       0xa2 NewPing.o
                0x00002efc                _ZN7NewPingC2Ehhi
                0x00002efc                _ZN7NewPingC1Ehhi
 .text._ZN7NewPing12ping_triggerEv
                0x00002f9e       0xe4 NewPing.o
                0x00002f9e                _ZN7NewPing12ping_triggerEv
 .text._ZN7NewPing4pingEv
                0x00003082       0x60 NewPing.o
                0x00003082                _ZN7NewPing4pingEv
 .text.__vector_13
                0x000030e2       0x5a NewPing.o
                0x000030e2                __vector_13
 .text._ZN7OneWire5resetEv
                0x0000313c       0x7e OneWire.o
                0x0000313c                _ZN7OneWire5resetEv
 .text._ZN7OneWire9write_bitEh
                0x000031ba       0x66 OneWire.o
                0x000031ba                _ZN7OneWire9write_bitEh
 .text._ZN7OneWire8read_bitEv
                0x00003220       0x56 OneWire.o
                0x00003220                _ZN7OneWire8read_bitEv
 .text._ZN7OneWire5writeEhh
                0x00003276       0x66 OneWire.o
                0x00003276                _ZN7OneWire5writeEhh
 .text._ZN7OneWire4readEv
                0x000032dc       0x36 OneWire.o
                0x000032dc                _ZN7OneWire4readEv
 .text._ZN7OneWire6selectEPKh
                0x00003312       0x3a OneWire.o
                0x00003312                _ZN7OneWire6selectEPKh
 .text._ZN7OneWire4skipEv
                0x0000334c        0x6 OneWire.o
                0x0000334c                _ZN7OneWire4skipEv
 .text._ZN7OneWire12reset_searchEv
                0x00003352       0x18 OneWire.o
                0x00003352                _ZN7OneWire12reset_searchEv
 .text._ZN7OneWireC2Eh
                0x0000336a       0x44 OneWire.o
                0x0000336a                _ZN7OneWireC1Eh
                0x0000336a                _ZN7OneWireC2Eh
 .text._ZN7OneWire6searchEPh
                0x000033ae      0x106 OneWire.o
                0x000033ae                _ZN7OneWire6searchEPh
 .text._ZN7OneWire4crc8EPKhh
                0x000034b4       0x1a OneWire.o
                0x000034b4                _ZN7OneWire4crc8EPKhh
 .text._ZN18ProcessManagerBase4TestEv
                0x000034ce        0x4 ProcessManagerBase.o
                0x000034ce                _ZN18ProcessManagerBase4TestEv
 .text._ZN18ProcessManagerBase12ClearMembersEv
                0x000034d2       0x20 ProcessManagerBase.o
                0x000034d2                _ZN18ProcessManagerBase12ClearMembersEv
 .text._ZN18ProcessManagerBaseC2EP20TeaMachineController
                0x000034f2       0x34 ProcessManagerBase.o
                0x000034f2                _ZN18ProcessManagerBaseC2EP20TeaMachineController
                0x000034f2                _ZN18ProcessManagerBaseC1EP20TeaMachineController
 .text._ZN18ProcessManagerBase10InitialiseEv
                0x00003526       0x14 ProcessManagerBase.o
                0x00003526                _ZN18ProcessManagerBase10InitialiseEv
 .text._ZN18ProcessManagerBase10SetTimeoutEml
                0x0000353a       0x44 ProcessManagerBase.o
                0x0000353a                _ZN18ProcessManagerBase10SetTimeoutEml
 .text._ZN18ProcessManagerBase12ClearTimeoutEv
                0x0000357e       0x30 ProcessManagerBase.o
                0x0000357e                _ZN18ProcessManagerBase12ClearTimeoutEv
 .text._ZN18ProcessManagerBase19CheckTimeoutExpiredEv
                0x000035ae       0x6e ProcessManagerBase.o
                0x000035ae                _ZN18ProcessManagerBase19CheckTimeoutExpiredEv
 .text._ZN18ProcessManagerBase15LogProcessEventE6String
                0x0000361c       0x52 ProcessManagerBase.o
                0x0000361c                _ZN18ProcessManagerBase15LogProcessEventE6String
 .text._ZN11StirManager10BeginResetEv
                0x0000366e        0xa StirManager.o
                0x0000366e                _ZN11StirManager10BeginResetEv
 .text._ZN11StirManager12BeginProcessEv
                0x00003678       0x18 StirManager.o
                0x00003678                _ZN11StirManager12BeginProcessEv
 .text._ZN11StirManager4StopEv
                0x00003690        0x2 StirManager.o
                0x00003690                _ZN11StirManager4StopEv
 .text._ZN11StirManager4TestEv
                0x00003692       0x9e StirManager.o
                0x00003692                _ZN11StirManager4TestEv
 .text._ZN11StirManager12ClearMembersEv
                0x00003730       0x1a StirManager.o
                0x00003730                _ZN11StirManager12ClearMembersEv
 .text._ZN11StirManagerC2EP20TeaMachineController
                0x0000374a       0x18 StirManager.o
                0x0000374a                _ZN11StirManagerC1EP20TeaMachineController
                0x0000374a                _ZN11StirManagerC2EP20TeaMachineController
 .text._ZN11StirManager19AdvanceStateMachineEv
                0x00003762      0x48e StirManager.o
                0x00003762                _ZN11StirManager19AdvanceStateMachineEv
 .text._ZN11StirManager8ContinueEv
                0x00003bf0       0xbc StirManager.o
                0x00003bf0                _ZN11StirManager8ContinueEv
 .text._ZN11StirManager10InitialiseEv
                0x00003cac       0x48 StirManager.o
                0x00003cac                _ZN11StirManager10InitialiseEv
 .text._ZN7StirrerC2EP10TeaMachine
                0x00003cf4       0x16 Stirrer.o
                0x00003cf4                _ZN7StirrerC1EP10TeaMachine
                0x00003cf4                _ZN7StirrerC2EP10TeaMachine
 .text._ZN7Stirrer5RaiseEv
                0x00003d0a       0x22 Stirrer.o
                0x00003d0a                _ZN7Stirrer5RaiseEv
 .text._ZN7Stirrer5LowerEv
                0x00003d2c       0x22 Stirrer.o
                0x00003d2c                _ZN7Stirrer5LowerEv
 .text._ZN7Stirrer8IsRaisedEv
                0x00003d4e       0x12 Stirrer.o
                0x00003d4e                _ZN7Stirrer8IsRaisedEv
 .text._ZN7Stirrer9IsLoweredEv
                0x00003d60       0x12 Stirrer.o
                0x00003d60                _ZN7Stirrer9IsLoweredEv
 .text._ZN7Stirrer4TestEv
                0x00003d72       0x54 Stirrer.o
                0x00003d72                _ZN7Stirrer4TestEv
 .text._ZN14SugarDispenserC2EP10TeaMachine
                0x00003dc6       0x16 SugarDispenser.o
                0x00003dc6                _ZN14SugarDispenserC2EP10TeaMachine
                0x00003dc6                _ZN14SugarDispenserC1EP10TeaMachine
 .text._ZN14SugarDispenser8DispenseEv
                0x00003ddc       0x2e SugarDispenser.o
                0x00003ddc                _ZN14SugarDispenser8DispenseEv
 .text._ZN14SugarDispenser4TestEv
                0x00003e0a        0xe SugarDispenser.o
                0x00003e0a                _ZN14SugarDispenser4TestEv
 .text._ZN14SugarDispenser10IsCompleteEv
                0x00003e18       0x12 SugarDispenser.o
                0x00003e18                _ZN14SugarDispenser10IsCompleteEv
 .text._ZN6SystemC2Ev
                0x00003e2a       0x14 System.o
                0x00003e2a                _ZN6SystemC2Ev
                0x00003e2a                _ZN6SystemC1Ev
 .text._ZN6SystemD2Ev
                0x00003e3e        0x2 System.o
                0x00003e3e                _ZN6SystemD1Ev
                0x00003e3e                _ZN6SystemD2Ev
 .text._ZN6System10InitialiseEv
                0x00003e40       0x58 System.o
                0x00003e40                _ZN6System10InitialiseEv
 .text._ZN6System22LatchInputRegisterDataEv
                0x00003e98       0x18 System.o
                0x00003e98                _ZN6System22LatchInputRegisterDataEv
 .text._ZN6System21ReadInputRegisterByteEv
                0x00003eb0       0x58 System.o
                0x00003eb0                _ZN6System21ReadInputRegisterByteEv
 .text._ZN6System21ReadInputRegisterDataEv
                0x00003f08       0x26 System.o
                0x00003f08                _ZN6System21ReadInputRegisterDataEv
 .text._ZN6System21ReadInputRegisterDataEPhS0_
                0x00003f2e       0x4c System.o
                0x00003f2e                _ZN6System21ReadInputRegisterDataEPhS0_
 .text._ZN6System23WriteOutputRegisterDataEjj
                0x00003f7a       0x68 System.o
                0x00003f7a                _ZN6System23WriteOutputRegisterDataEjj
 .text._ZN6System22ClearOutputRegisterBitEj
                0x00003fe2       0x56 System.o
                0x00003fe2                _ZN6System22ClearOutputRegisterBitEj
 .text._ZN6System20SetOutputRegisterBitEj
                0x00004038       0x4e System.o
                0x00004038                _ZN6System20SetOutputRegisterBitEj
 .text._ZN6System22SetOutRegisterBitGroupEji
                0x00004086       0x42 System.o
                0x00004086                _ZN6System22SetOutRegisterBitGroupEji
 .text._ZN6System14ReadSystemModeEv
                0x000040c8       0x30 System.o
                0x000040c8                _ZN6System14ReadSystemModeEv
 .text._ZN6System20SystemModeHasChangedEv
                0x000040f8       0x3a System.o
                0x000040f8                _ZN6System20SystemModeHasChangedEv
 .text._ZN6System25WaitForActionSwitchChangeEv
                0x00004132       0x2a System.o
                0x00004132                _ZN6System25WaitForActionSwitchChangeEv
 .text._ZN10TeaMachine10InitialiseEv
                0x0000415c       0x7e TeaMachineApp.o
                0x0000415c                _ZN10TeaMachine10InitialiseEv
 .text._ZN10TeaMachineC2Ev
                0x000041da       0x1c TeaMachineApp.o
                0x000041da                _ZN10TeaMachineC1Ev
                0x000041da                _ZN10TeaMachineC2Ev
 .text._ZN10TeaMachineD2Ev
                0x000041f6        0xe TeaMachineApp.o
                0x000041f6                _ZN10TeaMachineD2Ev
                0x000041f6                _ZN10TeaMachineD1Ev
 .text._ZN10TeaMachine18ExecuteGroup2TestsEv
                0x00004204       0xa6 TeaMachineApp.o
                0x00004204                _ZN10TeaMachine18ExecuteGroup2TestsEv
 .text._ZN10TeaMachine18ExecuteGroup1TestsEv
                0x000042aa      0x224 TeaMachineApp.o
                0x000042aa                _ZN10TeaMachine18ExecuteGroup1TestsEv
 .text._ZN10TeaMachine7ProcessEv
                0x000044ce       0xc6 TeaMachineApp.o
                0x000044ce                _ZN10TeaMachine7ProcessEv
 .text._ZN19TeaMachineComponent4TestEv
                0x00004594        0x4 TeaMachineComponent.o
                0x00004594                _ZN19TeaMachineComponent4TestEv
                0x00004594                _ZN19TeaMachineComponent10InitialiseEv
 .text._ZN19TeaMachineComponentC2Ev
                0x00004598       0x14 TeaMachineComponent.o
                0x00004598                _ZN19TeaMachineComponentC2Ev
                0x00004598                _ZN19TeaMachineComponentC1Ev
 .text._ZN19TeaMachineComponentC2EP10TeaMachine
                0x000045ac       0x22 TeaMachineComponent.o
                0x000045ac                _ZN19TeaMachineComponentC2EP10TeaMachine
                0x000045ac                _ZN19TeaMachineComponentC1EP10TeaMachine
 .text._ZN19TeaMachineComponentD2Ev
                0x000045ce        0x2 TeaMachineComponent.o
                0x000045ce                _ZN19TeaMachineComponentD2Ev
                0x000045ce                _ZN19TeaMachineComponentD1Ev
 .text._ZN20TeaMachineControllerD2Ev
                0x000045d0        0x2 TeaMachineController.o
                0x000045d0                _ZN20TeaMachineControllerD1Ev
                0x000045d0                _ZN20TeaMachineControllerD2Ev
 .text._ZN20TeaMachineController12ClearMembersEv
                0x000045d2       0x38 TeaMachineController.o
                0x000045d2                _ZN20TeaMachineController12ClearMembersEv
 .text._ZN20TeaMachineControllerC2EP10TeaMachine
                0x0000460a       0x1c TeaMachineController.o
                0x0000460a                _ZN20TeaMachineControllerC1EP10TeaMachine
                0x0000460a                _ZN20TeaMachineControllerC2EP10TeaMachine
 .text._ZN20TeaMachineController13GetTeaMachineEv
                0x00004626        0x8 TeaMachineController.o
                0x00004626                _ZN20TeaMachineController13GetTeaMachineEv
 .text._ZN20TeaMachineController19DrinkStateAtStationEi10DrinkState
                0x0000462e       0x24 TeaMachineController.o
                0x0000462e                _ZN20TeaMachineController19DrinkStateAtStationEi10DrinkState
 .text._ZN20TeaMachineController25DrinkUnconfirmedAtStationEi
                0x00004652       0x22 TeaMachineController.o
                0x00004652                _ZN20TeaMachineController25DrinkUnconfirmedAtStationEi
 .text._ZN20TeaMachineController27ReceptionCupsReadyToAdvanceEv
                0x00004674       0x98 TeaMachineController.o
                0x00004674                _ZN20TeaMachineController27ReceptionCupsReadyToAdvanceEv
 .text._ZN20TeaMachineController30PreparationStationsAreInactiveEv
                0x0000470c       0x2c TeaMachineController.o
                0x0000470c                _ZN20TeaMachineController30PreparationStationsAreInactiveEv
 .text._ZN20TeaMachineController16NotifyCupRemovalEj
                0x00004738       0xa2 TeaMachineController.o
                0x00004738                _ZN20TeaMachineController16NotifyCupRemovalEj
 .text._ZN20TeaMachineController15AllocateDrinkIDEv
                0x000047da       0x26 TeaMachineController.o
                0x000047da                _ZN20TeaMachineController15AllocateDrinkIDEv
 .text._ZN20TeaMachineController21NotifyNewDrinkRequestEj
                0x00004800       0x58 TeaMachineController.o
                0x00004800                _ZN20TeaMachineController21NotifyNewDrinkRequestEj
 .text._ZN20TeaMachineController17GetDrinkByStationEi
                0x00004858       0x14 TeaMachineController.o
                0x00004858                _ZN20TeaMachineController17GetDrinkByStationEi
 .text._ZN20TeaMachineController12GetNextDrinkEv
                0x0000486c       0x3c TeaMachineController.o
                0x0000486c                _ZN20TeaMachineController12GetNextDrinkEv
 .text._ZN20TeaMachineController18GetDrinkToTheRightEP5Drink
                0x000048a8       0x74 TeaMachineController.o
                0x000048a8                _ZN20TeaMachineController18GetDrinkToTheRightEP5Drink
 .text._ZN20TeaMachineController17GetDrinkToTheLeftEP5Drink
                0x0000491c       0x74 TeaMachineController.o
                0x0000491c                _ZN20TeaMachineController17GetDrinkToTheLeftEP5Drink
 .text._ZN20TeaMachineController16GetDrinkLocationEi
                0x00004990       0x2c TeaMachineController.o
                0x00004990                _ZN20TeaMachineController16GetDrinkLocationEi
 .text._ZN20TeaMachineController29NotifyConveyorAdvanceCompleteEv
                0x000049bc       0x74 TeaMachineController.o
                0x000049bc                _ZN20TeaMachineController29NotifyConveyorAdvanceCompleteEv
 .text._ZN20TeaMachineController11HandleErrorE22TeaMachineErrorContextm
                0x00004a30       0x88 TeaMachineController.o
                0x00004a30                _ZN20TeaMachineController11HandleErrorE22TeaMachineErrorContextm
 .text._ZN20TeaMachineController17TestUserInterfaceEv
                0x00004ab8      0x106 TeaMachineController.o
                0x00004ab8                _ZN20TeaMachineController17TestUserInterfaceEv
 .text._ZN20TeaMachineController13ResetHardwareEv
                0x00004bbe      0x15e TeaMachineController.o
                0x00004bbe                _ZN20TeaMachineController13ResetHardwareEv
 .text._ZN20TeaMachineController7ServiceEv
                0x00004d1c      0x270 TeaMachineController.o
                0x00004d1c                _ZN20TeaMachineController7ServiceEv
 .text._ZN20TeaMachineController17LockCollisionZoneEP18ProcessManagerBase
                0x00004f8c       0x1e TeaMachineController.o
                0x00004f8c                _ZN20TeaMachineController17LockCollisionZoneEP18ProcessManagerBase
 .text._ZN20TeaMachineController20ReleaseCollisionZoneEP18ProcessManagerBase
                0x00004faa       0x12 TeaMachineController.o
                0x00004faa                _ZN20TeaMachineController20ReleaseCollisionZoneEP18ProcessManagerBase
 .text._ZN20TeaMachineController10InitialiseEv
                0x00004fbc       0x94 TeaMachineController.o
                0x00004fbc                _ZN20TeaMachineController10InitialiseEv
 .text._ZN20TeaMachineController5StartE24TeaMachineControllerMode
                0x00005050      0x12e TeaMachineController.o
                0x00005050                _ZN20TeaMachineController5StartE24TeaMachineControllerMode
 .text._ZN9UIManager10BeginResetEv
                0x0000517e        0xa UIManager.o
                0x0000517e                _ZN9UIManager10BeginResetEv
 .text._ZN9UIManager4StopEv
                0x00005188        0x2 UIManager.o
                0x00005188                _ZN9UIManager4StopEv
 .text._ZN9UIManager12BeginProcessEv
                0x0000518a       0x28 UIManager.o
                0x0000518a                _ZN9UIManager12BeginProcessEv
 .text._ZN9UIManager12ClearMembersEv
                0x000051b2       0x36 UIManager.o
                0x000051b2                _ZN9UIManager12ClearMembersEv
 .text._ZN9UIManagerC2EP20TeaMachineController
                0x000051e8       0x1a UIManager.o
                0x000051e8                _ZN9UIManagerC1EP20TeaMachineController
                0x000051e8                _ZN9UIManagerC2EP20TeaMachineController
 .text._ZN9UIManager24ClearCurrentDrinkDisplayEv
                0x00005202       0x8a UIManager.o
                0x00005202                _ZN9UIManager24ClearCurrentDrinkDisplayEv
 .text._ZN9UIManager15SetCurrentDrinkEP5Drink
                0x0000528c      0x142 UIManager.o
                0x0000528c                _ZN9UIManager15SetCurrentDrinkEP5Drink
 .text._ZN9UIManager10SetMessageEPciiibb
                0x000053ce      0x108 UIManager.o
                0x000053ce                _ZN9UIManager10SetMessageEPciiibb
 .text._ZN9UIManager23HandleUserControlEventsEv
                0x000054d6      0x420 UIManager.o
                0x000054d6                _ZN9UIManager23HandleUserControlEventsEv
 .text._ZN9UIManager18HandleCupPlacementEi
                0x000058f6       0x62 UIManager.o
                0x000058f6                _ZN9UIManager18HandleCupPlacementEi
 .text._ZN9UIManager16HandleCupRemovalEi
                0x00005958       0x3a UIManager.o
                0x00005958                _ZN9UIManager16HandleCupRemovalEi
 .text._ZN9UIManager19AdvanceStateMachineEv
                0x00005992      0x11a UIManager.o
                0x00005992                _ZN9UIManager19AdvanceStateMachineEv
 .text._ZN9UIManager8ContinueEv
                0x00005aac       0x96 UIManager.o
                0x00005aac                _ZN9UIManager8ContinueEv
 .text._ZN9UIManager26NotifyStationAdvanceBeginsEv
                0x00005b42        0x8 UIManager.o
                0x00005b42                _ZN9UIManager26NotifyStationAdvanceBeginsEv
 .text._ZN9UIManager28NotifyStationAdvanceCompleteEv
                0x00005b4a       0xaa UIManager.o
                0x00005b4a                _ZN9UIManager28NotifyStationAdvanceCompleteEv
 .text._ZN9UIManager10InitialiseEv
                0x00005bf4       0x64 UIManager.o
                0x00005bf4                _ZN9UIManager10InitialiseEv
 .text._ZN12UserControls12ClearMembersEv
                0x00005c58       0x14 UserControls.o
                0x00005c58                _ZN12UserControls12ClearMembersEv
 .text._ZN12UserControlsC2EP10TeaMachine
                0x00005c6c       0x1a UserControls.o
                0x00005c6c                _ZN12UserControlsC2EP10TeaMachine
                0x00005c6c                _ZN12UserControlsC1EP10TeaMachine
 .text._ZN12UserControls10InitialiseEv
                0x00005c86        0x4 UserControls.o
                0x00005c86                _ZN12UserControls10InitialiseEv
 .text._ZN12UserControls19RecordSettledStatesEv
                0x00005c8a       0x12 UserControls.o
                0x00005c8a                _ZN12UserControls19RecordSettledStatesEv
 .text._ZN12UserControls17CheckSettledEventEi
                0x00005c9c       0x1e UserControls.o
                0x00005c9c                _ZN12UserControls17CheckSettledEventEi
 .text._ZN12UserControls21GetControlStateDirectEi
                0x00005cba       0xa8 UserControls.o
                0x00005cba                _ZN12UserControls21GetControlStateDirectEi
 .text._ZN12UserControls10ReadStatesEv
                0x00005d62       0x3a UserControls.o
                0x00005d62                _ZN12UserControls10ReadStatesEv
 .text._ZN12UserControls17ReadSettledStatesEv
                0x00005d9c       0x4c UserControls.o
                0x00005d9c                _ZN12UserControls17ReadSettledStatesEv
 .text._ZN12UserControls4TestEv
                0x00005de8      0x246 UserControls.o
                0x00005de8                _ZN12UserControls4TestEv
 .text.avr-libc.fplib
                0x0000602e        0xa c:/program files (x86)/atmel/studio/7.0/toolchain/avr8/avr8-gnu-toolchain/bin/../lib/gcc/avr/5.4.0/../../../../avr/lib/avr6\libm.a(addsf3.o)
                0x0000602e                __subsf3
                0x00006030                __addsf3
 .text.avr-libc.fplib
                0x00006038       0xc0 c:/program files (x86)/atmel/studio/7.0/toolchain/avr8/avr8-gnu-toolchain/bin/../lib/gcc/avr/5.4.0/../../../../avr/lib/avr6\libm.a(addsf3x.o)
                0x00006052                __addsf3x
 .text.avr-libc.fplib
                0x000060f8       0x7a c:/program files (x86)/atmel/studio/7.0/toolchain/avr8/avr8-gnu-toolchain/bin/../lib/gcc/avr/5.4.0/../../../../avr/lib/avr6\libm.a(floatsisf.o)
                0x000060f8                __floatunsisf
                0x000060fc                __floatsisf
 .text.avr-libc.fplib
                0x00006172        0xc c:/program files (x86)/atmel/studio/7.0/toolchain/avr8/avr8-gnu-toolchain/bin/../lib/gcc/avr/5.4.0/../../../../avr/lib/avr6\libm.a(fp_inf.o)
                0x00006172                __fp_inf
 .text.avr-libc.fplib
                0x0000617e        0x6 c:/program files (x86)/atmel/studio/7.0/toolchain/avr8/avr8-gnu-toolchain/bin/../lib/gcc/avr/5.4.0/../../../../avr/lib/avr6\libm.a(fp_nan.o)
                0x0000617e                __fp_nan
 .text.avr-libc.fplib
                0x00006184        0xe c:/program files (x86)/atmel/studio/7.0/toolchain/avr8/avr8-gnu-toolchain/bin/../lib/gcc/avr/5.4.0/../../../../avr/lib/avr6\libm.a(fp_pscA.o)
                0x00006184                __fp_pscA
 .text.avr-libc.fplib
                0x00006192        0xe c:/program files (x86)/atmel/studio/7.0/toolchain/avr8/avr8-gnu-toolchain/bin/../lib/gcc/avr/5.4.0/../../../../avr/lib/avr6\libm.a(fp_pscB.o)
                0x00006192                __fp_pscB
 .text.avr-libc.fplib
                0x000061a0       0x22 c:/program files (x86)/atmel/studio/7.0/toolchain/avr8/avr8-gnu-toolchain/bin/../lib/gcc/avr/5.4.0/../../../../avr/lib/avr6\libm.a(fp_round.o)
                0x000061a0                __fp_round
 .text.avr-libc.fplib
                0x000061c2       0x44 c:/program files (x86)/atmel/studio/7.0/toolchain/avr8/avr8-gnu-toolchain/bin/../lib/gcc/avr/5.4.0/../../../../avr/lib/avr6\libm.a(fp_split3.o)
                0x000061c2                __fp_split3
                0x000061d2                __fp_splitA
 .text.avr-libc.fplib
                0x00006206        0xe c:/program files (x86)/atmel/studio/7.0/toolchain/avr8/avr8-gnu-toolchain/bin/../lib/gcc/avr/5.4.0/../../../../avr/lib/avr6\libm.a(fp_zero.o)
                0x00006206                __fp_zero
                0x00006208                __fp_szero
 .text.avr-libc.fplib
                0x00006214        0x8 c:/program files (x86)/atmel/studio/7.0/toolchain/avr8/avr8-gnu-toolchain/bin/../lib/gcc/avr/5.4.0/../../../../avr/lib/avr6\libm.a(gesf2.o)
                0x00006214                __gesf2
                0x00006214                __gtsf2
 .text.avr-libc.fplib
                0x0000621c        0x4 c:/program files (x86)/atmel/studio/7.0/toolchain/avr8/avr8-gnu-toolchain/bin/../lib/gcc/avr/5.4.0/../../../../avr/lib/avr6\libm.a(mulsf3.o)
                0x0000621c                __mulsf3
 .text.avr-libc.fplib
                0x00006220       0xc2 c:/program files (x86)/atmel/studio/7.0/toolchain/avr8/avr8-gnu-toolchain/bin/../lib/gcc/avr/5.4.0/../../../../avr/lib/avr6\libm.a(mulsf3x.o)
                0x00006234                __mulsf3x
                0x00006238                __mulsf3_pse
 .text.avr-libc.fplib
                0x000062e2       0x48 c:/program files (x86)/atmel/studio/7.0/toolchain/avr8/avr8-gnu-toolchain/bin/../lib/gcc/avr/5.4.0/../../../../avr/lib/avr6\libm.a(fp_cmp.o)
                0x000062e2                __fp_cmp
 .text.__cxa_pure_virtual
                0x0000632a        0x4 C:\Users\NICK\Documents\Arduino Projects\TeaMachine\TeaMachine\ArduinoCore\Debug\libArduinoCore.a(abi.o)
                0x0000632a                __cxa_pure_virtual
 .text._ZN14HardwareSerial9availableEv
                0x0000632e       0x18 C:\Users\NICK\Documents\Arduino Projects\TeaMachine\TeaMachine\ArduinoCore\Debug\libArduinoCore.a(HardwareSerial.o)
                0x0000632e                _ZN14HardwareSerial9availableEv
 .text._ZN14HardwareSerial4peekEv
                0x00006346       0x1c C:\Users\NICK\Documents\Arduino Projects\TeaMachine\TeaMachine\ArduinoCore\Debug\libArduinoCore.a(HardwareSerial.o)
                0x00006346                _ZN14HardwareSerial4peekEv
 .text._ZN14HardwareSerial4readEv
                0x00006362       0x28 C:\Users\NICK\Documents\Arduino Projects\TeaMachine\TeaMachine\ArduinoCore\Debug\libArduinoCore.a(HardwareSerial.o)
                0x00006362                _ZN14HardwareSerial4readEv
 .text._Z14serialEventRunv
                0x0000638a       0x78 C:\Users\NICK\Documents\Arduino Projects\TeaMachine\TeaMachine\ArduinoCore\Debug\libArduinoCore.a(HardwareSerial.o)
                0x0000638a                _Z14serialEventRunv
 .text._ZN14HardwareSerial17_tx_udr_empty_irqEv
                0x00006402       0x42 C:\Users\NICK\Documents\Arduino Projects\TeaMachine\TeaMachine\ArduinoCore\Debug\libArduinoCore.a(HardwareSerial.o)
                0x00006402                _ZN14HardwareSerial17_tx_udr_empty_irqEv
 .text._ZN14HardwareSerial5writeEh
                0x00006444       0x8c C:\Users\NICK\Documents\Arduino Projects\TeaMachine\TeaMachine\ArduinoCore\Debug\libArduinoCore.a(HardwareSerial.o)
                0x00006444                _ZN14HardwareSerial5writeEh
 .text._ZN14HardwareSerial5flushEv
                0x000064d0       0x42 C:\Users\NICK\Documents\Arduino Projects\TeaMachine\TeaMachine\ArduinoCore\Debug\libArduinoCore.a(HardwareSerial.o)
                0x000064d0                _ZN14HardwareSerial5flushEv
 .text._ZN14HardwareSerial5beginEmh
                0x00006512       0xc6 C:\Users\NICK\Documents\Arduino Projects\TeaMachine\TeaMachine\ArduinoCore\Debug\libArduinoCore.a(HardwareSerial.o)
                0x00006512                _ZN14HardwareSerial5beginEmh
 .text._ZN14HardwareSerial3endEv
                0x000065d8       0x44 C:\Users\NICK\Documents\Arduino Projects\TeaMachine\TeaMachine\ArduinoCore\Debug\libArduinoCore.a(HardwareSerial.o)
                0x000065d8                _ZN14HardwareSerial3endEv
 .text.__vector_25
                0x0000661c       0x6c C:\Users\NICK\Documents\Arduino Projects\TeaMachine\TeaMachine\ArduinoCore\Debug\libArduinoCore.a(HardwareSerial0.o)
                0x0000661c                __vector_25
 .text.__vector_26
                0x00006688       0x52 C:\Users\NICK\Documents\Arduino Projects\TeaMachine\TeaMachine\ArduinoCore\Debug\libArduinoCore.a(HardwareSerial0.o)
                0x00006688                __vector_26
 .text._Z17Serial0_availablev
                0x000066da       0x12 C:\Users\NICK\Documents\Arduino Projects\TeaMachine\TeaMachine\ArduinoCore\Debug\libArduinoCore.a(HardwareSerial0.o)
                0x000066da                _Z17Serial0_availablev
 .text.startup._GLOBAL__sub_I___vector_25
                0x000066ec       0x5a C:\Users\NICK\Documents\Arduino Projects\TeaMachine\TeaMachine\ArduinoCore\Debug\libArduinoCore.a(HardwareSerial0.o)
 .text.initVariant
                0x00006746        0x2 C:\Users\NICK\Documents\Arduino Projects\TeaMachine\TeaMachine\ArduinoCore\Debug\libArduinoCore.a(main.o)
                0x00006746                initVariant
 .text.startup.main
                0x00006748       0x18 C:\Users\NICK\Documents\Arduino Projects\TeaMachine\TeaMachine\ArduinoCore\Debug\libArduinoCore.a(main.o)
                0x00006748                main
 .text._Znwj    0x00006760        0x2 C:\Users\NICK\Documents\Arduino Projects\TeaMachine\TeaMachine\ArduinoCore\Debug\libArduinoCore.a(new.o)
                0x00006760                _Znwj
 .text._ZdlPv   0x00006762        0x2 C:\Users\NICK\Documents\Arduino Projects\TeaMachine\TeaMachine\ArduinoCore\Debug\libArduinoCore.a(new.o)
                0x00006762                _ZdlPv
 .text._ZN5Print5writeEPKhj
                0x00006764       0x54 C:\Users\NICK\Documents\Arduino Projects\TeaMachine\TeaMachine\ArduinoCore\Debug\libArduinoCore.a(Print.o)
                0x00006764                _ZN5Print5writeEPKhj
 .text._ZN5Print5writeEPKc
                0x000067b8       0x2a C:\Users\NICK\Documents\Arduino Projects\TeaMachine\TeaMachine\ArduinoCore\Debug\libArduinoCore.a(Print.o)
                0x000067b8                _ZN5Print5writeEPKc
 .text._ZN5Print5printERK6String
                0x000067e2       0x1c C:\Users\NICK\Documents\Arduino Projects\TeaMachine\TeaMachine\ArduinoCore\Debug\libArduinoCore.a(Print.o)
                0x000067e2                _ZN5Print5printERK6String
 .text._ZN5Print5printEPKc
                0x000067fe        0x2 C:\Users\NICK\Documents\Arduino Projects\TeaMachine\TeaMachine\ArduinoCore\Debug\libArduinoCore.a(Print.o)
                0x000067fe                _ZN5Print5printEPKc
 .text._ZN5Print5printEc
                0x00006800        0xe C:\Users\NICK\Documents\Arduino Projects\TeaMachine\TeaMachine\ArduinoCore\Debug\libArduinoCore.a(Print.o)
                0x00006800                _ZN5Print5printEc
 .text._ZN5Print7printlnEv
                0x0000680e        0x6 C:\Users\NICK\Documents\Arduino Projects\TeaMachine\TeaMachine\ArduinoCore\Debug\libArduinoCore.a(Print.o)
                0x0000680e                _ZN5Print7printlnEv
 .text._ZN5Print7printlnERK6String
                0x00006814       0x20 C:\Users\NICK\Documents\Arduino Projects\TeaMachine\TeaMachine\ArduinoCore\Debug\libArduinoCore.a(Print.o)
                0x00006814                _ZN5Print7printlnERK6String
 .text._ZN5Print7printlnEPKc
                0x00006834       0x20 C:\Users\NICK\Documents\Arduino Projects\TeaMachine\TeaMachine\ArduinoCore\Debug\libArduinoCore.a(Print.o)
                0x00006834                _ZN5Print7printlnEPKc
 .text._ZN5Print11printNumberEmh
                0x00006854       0x8e C:\Users\NICK\Documents\Arduino Projects\TeaMachine\TeaMachine\ArduinoCore\Debug\libArduinoCore.a(Print.o)
                0x00006854                _ZN5Print11printNumberEmh
 .text._ZN5Print5printEmi
                0x000068e2       0x18 C:\Users\NICK\Documents\Arduino Projects\TeaMachine\TeaMachine\ArduinoCore\Debug\libArduinoCore.a(Print.o)
                0x000068e2                _ZN5Print5printEmi
 .text._ZN5Print5printEhi
                0x000068fa        0xc C:\Users\NICK\Documents\Arduino Projects\TeaMachine\TeaMachine\ArduinoCore\Debug\libArduinoCore.a(Print.o)
                0x000068fa                _ZN5Print5printEhi
 .text._ZN5Print5printEji
                0x00006906        0xa C:\Users\NICK\Documents\Arduino Projects\TeaMachine\TeaMachine\ArduinoCore\Debug\libArduinoCore.a(Print.o)
                0x00006906                _ZN5Print5printEji
 .text._ZN5Print7printlnEji
                0x00006910       0x20 C:\Users\NICK\Documents\Arduino Projects\TeaMachine\TeaMachine\ArduinoCore\Debug\libArduinoCore.a(Print.o)
                0x00006910                _ZN5Print7printlnEji
 .text._ZN5Print5printEli
                0x00006930       0x8a C:\Users\NICK\Documents\Arduino Projects\TeaMachine\TeaMachine\ArduinoCore\Debug\libArduinoCore.a(Print.o)
                0x00006930                _ZN5Print5printEli
 .text._ZN5Print5printEii
                0x000069ba        0xc C:\Users\NICK\Documents\Arduino Projects\TeaMachine\TeaMachine\ArduinoCore\Debug\libArduinoCore.a(Print.o)
                0x000069ba                _ZN5Print5printEii
 .text._ZN5Print10printFloatEdh
                0x000069c6      0x190 C:\Users\NICK\Documents\Arduino Projects\TeaMachine\TeaMachine\ArduinoCore\Debug\libArduinoCore.a(Print.o)
                0x000069c6                _ZN5Print10printFloatEdh
 .text._ZN5Print5printEdi
                0x00006b56        0x2 C:\Users\NICK\Documents\Arduino Projects\TeaMachine\TeaMachine\ArduinoCore\Debug\libArduinoCore.a(Print.o)
                0x00006b56                _ZN5Print5printEdi
 .text.__vector_23
                0x00006b58       0x94 C:\Users\NICK\Documents\Arduino Projects\TeaMachine\TeaMachine\ArduinoCore\Debug\libArduinoCore.a(wiring.o)
                0x00006b58                __vector_23
 .text.millis   0x00006bec       0x18 C:\Users\NICK\Documents\Arduino Projects\TeaMachine\TeaMachine\ArduinoCore\Debug\libArduinoCore.a(wiring.o)
                0x00006bec                millis
 .text.micros   0x00006c04       0x4a C:\Users\NICK\Documents\Arduino Projects\TeaMachine\TeaMachine\ArduinoCore\Debug\libArduinoCore.a(wiring.o)
                0x00006c04                micros
 .text.delay    0x00006c4e       0x72 C:\Users\NICK\Documents\Arduino Projects\TeaMachine\TeaMachine\ArduinoCore\Debug\libArduinoCore.a(wiring.o)
                0x00006c4e                delay
 .text.delayMicroseconds
                0x00006cc0       0x16 C:\Users\NICK\Documents\Arduino Projects\TeaMachine\TeaMachine\ArduinoCore\Debug\libArduinoCore.a(wiring.o)
                0x00006cc0                delayMicroseconds
 .text.init     0x00006cd6       0xc4 C:\Users\NICK\Documents\Arduino Projects\TeaMachine\TeaMachine\ArduinoCore\Debug\libArduinoCore.a(wiring.o)
                0x00006cd6                init
 .text.turnOffPWM
                0x00006d9a       0xaa C:\Users\NICK\Documents\Arduino Projects\TeaMachine\TeaMachine\ArduinoCore\Debug\libArduinoCore.a(wiring_digital.o)
 .text.pinMode  0x00006e44       0x78 C:\Users\NICK\Documents\Arduino Projects\TeaMachine\TeaMachine\ArduinoCore\Debug\libArduinoCore.a(wiring_digital.o)
                0x00006e44                pinMode
 .text.digitalWrite
                0x00006ebc       0x5c C:\Users\NICK\Documents\Arduino Projects\TeaMachine\TeaMachine\ArduinoCore\Debug\libArduinoCore.a(wiring_digital.o)
                0x00006ebc                digitalWrite
 .text.digitalRead
                0x00006f18       0x50 C:\Users\NICK\Documents\Arduino Projects\TeaMachine\TeaMachine\ArduinoCore\Debug\libArduinoCore.a(wiring_digital.o)
                0x00006f18                digitalRead
 .text.shiftOut
                0x00006f68       0x6c C:\Users\NICK\Documents\Arduino Projects\TeaMachine\TeaMachine\ArduinoCore\Debug\libArduinoCore.a(wiring_shift.o)
                0x00006f68                shiftOut
 .text._ZN6StringD2Ev
                0x00006fd4        0x8 C:\Users\NICK\Documents\Arduino Projects\TeaMachine\TeaMachine\ArduinoCore\Debug\libArduinoCore.a(WString.o)
                0x00006fd4                _ZN6StringD2Ev
                0x00006fd4                _ZN6StringD1Ev
 .text._ZN6String10invalidateEv
                0x00006fdc       0x22 C:\Users\NICK\Documents\Arduino Projects\TeaMachine\TeaMachine\ArduinoCore\Debug\libArduinoCore.a(WString.o)
                0x00006fdc                _ZN6String10invalidateEv
 .text._ZN6String12changeBufferEj
                0x00006ffe       0x32 C:\Users\NICK\Documents\Arduino Projects\TeaMachine\TeaMachine\ArduinoCore\Debug\libArduinoCore.a(WString.o)
                0x00006ffe                _ZN6String12changeBufferEj
 .text._ZN6String7reserveEj
                0x00007030       0x36 C:\Users\NICK\Documents\Arduino Projects\TeaMachine\TeaMachine\ArduinoCore\Debug\libArduinoCore.a(WString.o)
                0x00007030                _ZN6String7reserveEj
 .text._ZN6String4copyEPKcj
                0x00007066       0x3c C:\Users\NICK\Documents\Arduino Projects\TeaMachine\TeaMachine\ArduinoCore\Debug\libArduinoCore.a(WString.o)
                0x00007066                _ZN6String4copyEPKcj
 .text._ZN6StringC2EPKc
                0x000070a2       0x28 C:\Users\NICK\Documents\Arduino Projects\TeaMachine\TeaMachine\ArduinoCore\Debug\libArduinoCore.a(WString.o)
                0x000070a2                _ZN6StringC2EPKc
                0x000070a2                _ZN6StringC1EPKc
 .text._ZN6StringaSERKS_
                0x000070ca       0x2a C:\Users\NICK\Documents\Arduino Projects\TeaMachine\TeaMachine\ArduinoCore\Debug\libArduinoCore.a(WString.o)
                0x000070ca                _ZN6StringaSERKS_
 .text._ZN6StringC2ERKS_
                0x000070f4       0x10 C:\Users\NICK\Documents\Arduino Projects\TeaMachine\TeaMachine\ArduinoCore\Debug\libArduinoCore.a(WString.o)
                0x000070f4                _ZN6StringC2ERKS_
                0x000070f4                _ZN6StringC1ERKS_
 .text._ZN6String6concatEPKcj
                0x00007104       0x58 C:\Users\NICK\Documents\Arduino Projects\TeaMachine\TeaMachine\ArduinoCore\Debug\libArduinoCore.a(WString.o)
                0x00007104                _ZN6String6concatEPKcj
 .text._ZN6String6concatEPKc
                0x0000715c       0x1c C:\Users\NICK\Documents\Arduino Projects\TeaMachine\TeaMachine\ArduinoCore\Debug\libArduinoCore.a(WString.o)
                0x0000715c                _ZN6String6concatEPKc
 .text._ZN6String6concatEi
                0x00007178       0x5c C:\Users\NICK\Documents\Arduino Projects\TeaMachine\TeaMachine\ArduinoCore\Debug\libArduinoCore.a(WString.o)
                0x00007178                _ZN6String6concatEi
 .text._ZN6String6concatEl
                0x000071d4       0x5e C:\Users\NICK\Documents\Arduino Projects\TeaMachine\TeaMachine\ArduinoCore\Debug\libArduinoCore.a(WString.o)
                0x000071d4                _ZN6String6concatEl
 .text._ZN6String6concatEm
                0x00007232       0x5e C:\Users\NICK\Documents\Arduino Projects\TeaMachine\TeaMachine\ArduinoCore\Debug\libArduinoCore.a(WString.o)
                0x00007232                _ZN6String6concatEm
 .text._ZN6String6concatEf
                0x00007290       0x5e C:\Users\NICK\Documents\Arduino Projects\TeaMachine\TeaMachine\ArduinoCore\Debug\libArduinoCore.a(WString.o)
                0x00007290                _ZN6String6concatEf
 .text._ZplRK15StringSumHelperRK6String
                0x000072ee       0x22 C:\Users\NICK\Documents\Arduino Projects\TeaMachine\TeaMachine\ArduinoCore\Debug\libArduinoCore.a(WString.o)
                0x000072ee                _ZplRK15StringSumHelperRK6String
 .text._ZplRK15StringSumHelperPKc
                0x00007310       0x2e C:\Users\NICK\Documents\Arduino Projects\TeaMachine\TeaMachine\ArduinoCore\Debug\libArduinoCore.a(WString.o)
                0x00007310                _ZplRK15StringSumHelperPKc
 .text.__empty  0x0000733e        0x2 C:\Users\NICK\Documents\Arduino Projects\TeaMachine\TeaMachine\ArduinoCore\Debug\libArduinoCore.a(hooks.o)
                0x0000733e                yield
 .text.avr-libc.fplib
                0x00007340        0xa c:/program files (x86)/atmel/studio/7.0/toolchain/avr8/avr8-gnu-toolchain/bin/../lib/gcc/avr/5.4.0/../../../../avr/lib/avr6\libm.a(cmpsf2.o)
                0x00007340                __nesf2
                0x00007340                __eqsf2
                0x00007340                __cmpsf2
                0x00007340                __ltsf2
                0x00007340                __lesf2
 .text.avr-libc.fplib
                0x0000734a        0x6 c:/program files (x86)/atmel/studio/7.0/toolchain/avr8/avr8-gnu-toolchain/bin/../lib/gcc/avr/5.4.0/../../../../avr/lib/avr6\libm.a(divsf3.o)
                0x0000734a                __divsf3
 .text.avr-libc.fplib
                0x00007350       0xdc c:/program files (x86)/atmel/studio/7.0/toolchain/avr8/avr8-gnu-toolchain/bin/../lib/gcc/avr/5.4.0/../../../../avr/lib/avr6\libm.a(divsf3x.o)
                0x00007370                __divsf3x
                0x00007376                __divsf3_pse
 .text.avr-libc.fplib
                0x0000742c       0x5e c:/program files (x86)/atmel/studio/7.0/toolchain/avr8/avr8-gnu-toolchain/bin/../lib/gcc/avr/5.4.0/../../../../avr/lib/avr6\libm.a(fixunssfsi.o)
                0x0000742c                __fixunssfsi
 .text.avr-libc.fplib
                0x0000748a        0xa c:/program files (x86)/atmel/studio/7.0/toolchain/avr8/avr8-gnu-toolchain/bin/../lib/gcc/avr/5.4.0/../../../../avr/lib/avr6\libm.a(unordsf2.o)
                0x0000748a                __unordsf2
 .text.libgcc.div
                0x00007494       0x28 c:/program files (x86)/atmel/studio/7.0/toolchain/avr8/avr8-gnu-toolchain/bin/../lib/gcc/avr/5.4.0/avr6\libgcc.a(_udivmodhi4.o)
                0x00007494                __udivmodhi4
 .text.libgcc.div
                0x000074bc       0x26 c:/program files (x86)/atmel/studio/7.0/toolchain/avr8/avr8-gnu-toolchain/bin/../lib/gcc/avr/5.4.0/avr6\libgcc.a(_divmodhi4.o)
                0x000074bc                _div
                0x000074bc                __divmodhi4
 .text.libgcc.div
                0x000074e2       0x44 c:/program files (x86)/atmel/studio/7.0/toolchain/avr8/avr8-gnu-toolchain/bin/../lib/gcc/avr/5.4.0/avr6\libgcc.a(_udivmodsi4.o)
                0x000074e2                __udivmodsi4
 .text.libgcc   0x00007526       0x10 c:/program files (x86)/atmel/studio/7.0/toolchain/avr8/avr8-gnu-toolchain/bin/../lib/gcc/avr/5.4.0/avr6\libgcc.a(_tablejump2.o)
                0x00007526                __tablejump2__
 .text.avr-libc
                0x00007536       0x3e c:/program files (x86)/atmel/studio/7.0/toolchain/avr8/avr8-gnu-toolchain/bin/../lib/gcc/avr/5.4.0/../../../../avr/lib/avr6\libc.a(dtostrf.o)
                0x00007536                dtostrf
 .text.avr-libc
                0x00007574      0x242 c:/program files (x86)/atmel/studio/7.0/toolchain/avr8/avr8-gnu-toolchain/bin/../lib/gcc/avr/5.4.0/../../../../avr/lib/avr6\libc.a(malloc.o)
                0x00007574                malloc
                0x000076a4                free
 .text.avr-libc
                0x000077b6      0x1c0 c:/program files (x86)/atmel/studio/7.0/toolchain/avr8/avr8-gnu-toolchain/bin/../lib/gcc/avr/5.4.0/../../../../avr/lib/avr6\libc.a(realloc.o)
                0x000077b6                realloc
 .text.avr-libc
                0x00007976        0x8 c:/program files (x86)/atmel/studio/7.0/toolchain/avr8/avr8-gnu-toolchain/bin/../lib/gcc/avr/5.4.0/../../../../avr/lib/avr6\libc.a(abort.o)
                0x00007976                abort
 .text.avr-libc
                0x0000797e       0x12 c:/program files (x86)/atmel/studio/7.0/toolchain/avr8/avr8-gnu-toolchain/bin/../lib/gcc/avr/5.4.0/../../../../avr/lib/avr6\libc.a(memcpy.o)
                0x0000797e                memcpy
 .text.avr-libc
                0x00007990        0xe c:/program files (x86)/atmel/studio/7.0/toolchain/avr8/avr8-gnu-toolchain/bin/../lib/gcc/avr/5.4.0/../../../../avr/lib/avr6\libc.a(memset.o)
                0x00007990                memset
 .text.avr-libc
                0x0000799e        0xe c:/program files (x86)/atmel/studio/7.0/toolchain/avr8/avr8-gnu-toolchain/bin/../lib/gcc/avr/5.4.0/../../../../avr/lib/avr6\libc.a(strcpy.o)
                0x0000799e                strcpy
 .text.avr-libc
                0x000079ac       0x14 c:/program files (x86)/atmel/studio/7.0/toolchain/avr8/avr8-gnu-toolchain/bin/../lib/gcc/avr/5.4.0/../../../../avr/lib/avr6\libc.a(itoa_ncheck.o)
                0x000079ac                __itoa_ncheck
 .text.avr-libc
                0x000079c0       0x1c c:/program files (x86)/atmel/studio/7.0/toolchain/avr8/avr8-gnu-toolchain/bin/../lib/gcc/avr/5.4.0/../../../../avr/lib/avr6\libc.a(ltoa_ncheck.o)
                0x000079c0                __ltoa_ncheck
 .text.avr-libc
                0x000079dc       0x42 c:/program files (x86)/atmel/studio/7.0/toolchain/avr8/avr8-gnu-toolchain/bin/../lib/gcc/avr/5.4.0/../../../../avr/lib/avr6\libc.a(ultoa_ncheck.o)
                0x000079dc                __ultoa_ncheck
                0x000079de                __ultoa_common
 .text.avr-libc
                0x00007a1e       0x32 c:/program files (x86)/atmel/studio/7.0/toolchain/avr8/avr8-gnu-toolchain/bin/../lib/gcc/avr/5.4.0/../../../../avr/lib/avr6\libc.a(utoa_ncheck.o)
                0x00007a1e                __utoa_ncheck
                0x00007a20                __utoa_common
 .text.avr-libc
                0x00007a50      0x2ec c:/program files (x86)/atmel/studio/7.0/toolchain/avr8/avr8-gnu-toolchain/bin/../lib/gcc/avr/5.4.0/../../../../avr/lib/avr6\libc.a(dtoa_prf.o)
                0x00007a50                dtoa_prf
 .text.avr-libc
                0x00007d3c      0x1b0 c:/program files (x86)/atmel/studio/7.0/toolchain/avr8/avr8-gnu-toolchain/bin/../lib/gcc/avr/5.4.0/../../../../avr/lib/avr6\libc.a(ftoa_engine.o)
                0x00007d3c                __ftoa_engine
 .text.avr-libc
                0x00007eec       0x20 c:/program files (x86)/atmel/studio/7.0/toolchain/avr8/avr8-gnu-toolchain/bin/../lib/gcc/avr/5.4.0/../../../../avr/lib/avr6\libc.a(strrev.o)
                0x00007eec                strrev
                0x00007f0c                . = ALIGN (0x2)
 *(.fini9)
 .fini9         0x00007f0c        0x0 c:/program files (x86)/atmel/studio/7.0/toolchain/avr8/avr8-gnu-toolchain/bin/../lib/gcc/avr/5.4.0/avr6\libgcc.a(_exit.o)
                0x00007f0c                _exit
                0x00007f0c                exit
 *(.fini9)
 *(.fini8)
 *(.fini8)
 *(.fini7)
 *(.fini7)
 *(.fini6)
 .fini6         0x00007f0c       0x1e c:/program files (x86)/atmel/studio/7.0/toolchain/avr8/avr8-gnu-toolchain/bin/../lib/gcc/avr/5.4.0/avr6\libgcc.a(_dtors.o)
                0x00007f0c                __do_global_dtors
 *(.fini6)
 *(.fini5)
 *(.fini5)
 *(.fini4)
 *(.fini4)
 *(.fini3)
 *(.fini3)
 *(.fini2)
 *(.fini2)
 *(.fini1)
 *(.fini1)
 *(.fini0)
 .fini0         0x00007f2a        0x4 c:/program files (x86)/atmel/studio/7.0/toolchain/avr8/avr8-gnu-toolchain/bin/../lib/gcc/avr/5.4.0/avr6\libgcc.a(_exit.o)
 *(.fini0)
                0x00007f2e                _etext = .

.data           0x00800200      0x84a load address 0x00007f2e
                0x00800200                PROVIDE (__data_start, .)
 *(.data)
 .data          0x00800200        0x6 c:/program files (x86)/atmel/studio/7.0/toolchain/avr8/avr8-gnu-toolchain/bin/../lib/gcc/avr/5.4.0/../../../../avr/lib/avr6\libc.a(malloc.o)
                0x00800200                __malloc_heap_end
                0x00800202                __malloc_heap_start
                0x00800204                __malloc_margin
 *(.data*)
 .data._ZN5Drink23defaultDrinkDefinitionsE
                0x00800206       0x18 Drink.o
                0x00800206                _ZN5Drink23defaultDrinkDefinitionsE
 *(.gnu.linkonce.d*)
 *(.rodata)
 *(.rodata*)
 .rodata._ZTV21ATMegaApplicationBase
                0x0080021e        0x8 ATMegaApplicationBase.o
                0x0080021e                _ZTV21ATMegaApplicationBase
 .rodata._ZTV11BagConveyor
                0x00800226        0x8 BagConveyor.o
                0x00800226                _ZTV11BagConveyor
 .rodata.str1.1
                0x0080022e       0x18 Boiler.o
                                 0x1a (size before relaxing)
 .rodata._ZTV6Boiler
                0x00800246        0x8 Boiler.o
                0x00800246                _ZTV6Boiler
 .rodata.str1.1
                0x0080024e      0x1c1 BrewManager.o
                                0x1c3 (size before relaxing)
 .rodata._ZTV11BrewManager
                0x0080040f       0x10 BrewManager.o
                0x0080040f                _ZTV11BrewManager
 .rodata.str1.1
                0x0080041f       0x5e ConveyorManager.o
                                 0x6f (size before relaxing)
 .rodata._ZTV15ConveyorManager
                0x0080047d       0x10 ConveyorManager.o
                0x0080047d                _ZTV15ConveyorManager
 .rodata._ZTV11CupConveyor
                0x0080048d        0x8 CupConveyor.o
                0x0080048d                _ZTV11CupConveyor
 .rodata.str1.1
                0x00800495        0x4 CupDetector.o
                                  0x5 (size before relaxing)
 .rodata._ZZN11CupDetector6UpdateEvE12scanSequence
                0x00800499       0x12 CupDetector.o
 .rodata._ZTV11CupDetector
                0x008004ab        0x8 CupDetector.o
                0x008004ab                _ZTV11CupDetector
 .rodata.str1.1
                0x008004b3       0x41 CupLevelProbe.o
 .rodata._ZTV13CupLevelProbe
                0x008004f4        0x8 CupLevelProbe.o
                0x008004f4                _ZTV13CupLevelProbe
 .rodata.CSWTCH.67
                0x008004fc        0x6 DallasTemperature.o
 .rodata.str1.1
                0x00800502       0x7f Display.o
                                 0x81 (size before relaxing)
 .rodata._ZTV7Display
                0x00800581        0x8 Display.o
                0x00800581                _ZTV7Display
 .rodata._ZTV9Extractor
                0x00800589        0x8 Extractor.o
                0x00800589                _ZTV9Extractor
 .rodata._ZTV6Masher
                0x00800591        0x8 Masher.o
                0x00800591                _ZTV6Masher
 .rodata._ZTV13MilkDispenser
                0x00800599        0x8 MilkDispenser.o
                0x00800599                _ZTV13MilkDispenser
 .rodata.str1.1
                0x008005a1       0xdd MilkManager.o
                                 0xee (size before relaxing)
 .rodata._ZTV11MilkManager
                0x0080067e       0x10 MilkManager.o
                0x0080067e                _ZTV11MilkManager
 .rodata.str1.1
                0x0080068e        0x8 ProcessManagerBase.o
                                  0xb (size before relaxing)
 .rodata._ZTV18ProcessManagerBase
                0x00800696       0x10 ProcessManagerBase.o
                0x00800696                _ZTV18ProcessManagerBase
 .rodata.str1.1
                0x008006a6      0x12f StirManager.o
                                0x140 (size before relaxing)
 .rodata._ZTV11StirManager
                0x008007d5       0x10 StirManager.o
                0x008007d5                _ZTV11StirManager
 .rodata.str1.1
                0x008007e5       0x1e Stirrer.o
 .rodata._ZTV7Stirrer
                0x00800803        0x8 Stirrer.o
                0x00800803                _ZTV7Stirrer
 .rodata._ZTV14SugarDispenser
                0x0080080b        0x8 SugarDispenser.o
                0x0080080b                _ZTV14SugarDispenser
 .rodata.str1.1
                0x00800813       0x1a TeaMachineApp.o
 .rodata._ZTV10TeaMachine
                0x0080082d        0x8 TeaMachineApp.o
                0x0080082d                _ZTV10TeaMachine
 .rodata._ZTV19TeaMachineComponent
                0x00800835        0x8 TeaMachineComponent.o
                0x00800835                _ZTV19TeaMachineComponent
 .rodata.str1.1
                0x0080083d       0x7c TeaMachineController.o
 .rodata.str1.1
                0x008008b9       0x28 UIManager.o
                                 0x39 (size before relaxing)
 .rodata._ZTV9UIManager
                0x008008e1       0x10 UIManager.o
                0x008008e1                _ZTV9UIManager
 .rodata.str1.1
                0x008008f1      0x130 UserControls.o
 .rodata._ZTV12UserControls
                0x00800a21        0x8 UserControls.o
                0x00800a21                _ZTV12UserControls
 .rodata._ZTV14HardwareSerial
                0x00800a29       0x10 C:\Users\NICK\Documents\Arduino Projects\TeaMachine\TeaMachine\ArduinoCore\Debug\libArduinoCore.a(HardwareSerial.o)
                0x00800a29                _ZTV14HardwareSerial
 .rodata.str1.1
                0x00800a39       0x11 C:\Users\NICK\Documents\Arduino Projects\TeaMachine\TeaMachine\ArduinoCore\Debug\libArduinoCore.a(Print.o)
 *(.gnu.linkonce.r*)
                0x00800a4a                . = ALIGN (0x2)
                0x00800a4a                _edata = .
                0x00800a4a                PROVIDE (__data_end, .)

.bss            0x00800a4a       0xb5
                0x00800a4a                PROVIDE (__bss_start, .)
 *(.bss)
 *(.bss*)
 .bss.g_bInitialised
                0x00800a4a        0x1 Main.o
                0x00800a4a                g_bInitialised
 .bss.gApplication
                0x00800a4b        0x8 Main.o
                0x00800a4b                gApplication
 .bss.intFunc   0x00800a53        0x2 NewPing.o
                0x00800a53                intFunc
 .bss.Serial    0x00800a55       0x9d C:\Users\NICK\Documents\Arduino Projects\TeaMachine\TeaMachine\ArduinoCore\Debug\libArduinoCore.a(HardwareSerial0.o)
                0x00800a55                Serial
 .bss.timer0_fract
                0x00800af2        0x1 C:\Users\NICK\Documents\Arduino Projects\TeaMachine\TeaMachine\ArduinoCore\Debug\libArduinoCore.a(wiring.o)
 .bss.timer0_millis
                0x00800af3        0x4 C:\Users\NICK\Documents\Arduino Projects\TeaMachine\TeaMachine\ArduinoCore\Debug\libArduinoCore.a(wiring.o)
                0x00800af3                timer0_millis
 .bss.timer0_overflow_count
                0x00800af7        0x4 C:\Users\NICK\Documents\Arduino Projects\TeaMachine\TeaMachine\ArduinoCore\Debug\libArduinoCore.a(wiring.o)
                0x00800af7                timer0_overflow_count
 *(COMMON)
 COMMON         0x00800afb        0x4 c:/program files (x86)/atmel/studio/7.0/toolchain/avr8/avr8-gnu-toolchain/bin/../lib/gcc/avr/5.4.0/../../../../avr/lib/avr6\libc.a(malloc.o)
                0x00800afb                __brkval
                0x00800afd                __flp
                0x00800aff                PROVIDE (__bss_end, .)
                0x00007f2e                __data_load_start = LOADADDR (.data)
                0x00008778                __data_load_end = (__data_load_start + SIZEOF (.data))

.noinit         0x00800aff        0x0
                [!provide]                PROVIDE (__noinit_start, .)
 *(.noinit*)
                [!provide]                PROVIDE (__noinit_end, .)
                0x00800aff                _end = .
                0x00800aff                PROVIDE (__heap_start, .)

.eeprom         0x00810000        0x0
 *(.eeprom*)
                0x00810000                __eeprom_end = .

.fuse
 *(.fuse)
 *(.lfuse)
 *(.hfuse)
 *(.efuse)

.lock
 *(.lock*)

.signature
 *(.signature*)

.user_signatures
 *(.user_signatures*)

.stab
 *(.stab)

.stabstr
 *(.stabstr)

.stab.excl
 *(.stab.excl)

.stab.exclstr
 *(.stab.exclstr)

.stab.index
 *(.stab.index)

.stab.indexstr
 *(.stab.indexstr)

.comment        0x00000000       0x30
 *(.comment)
 .comment       0x00000000       0x30 ATMegaApplicationBase.o
                                 0x31 (size before relaxing)
 .comment       0x00000030       0x31 BagConveyor.o
 .comment       0x00000030       0x31 Boiler.o
 .comment       0x00000030       0x31 BrewManager.o
 .comment       0x00000030       0x31 ConveyorManager.o
 .comment       0x00000030       0x31 CupConveyor.o
 .comment       0x00000030       0x31 CupDetector.o
 .comment       0x00000030       0x31 CupLevelProbe.o
 .comment       0x00000030       0x31 DallasTemperature.o
 .comment       0x00000030       0x31 Display.o
 .comment       0x00000030       0x31 Drink.o
 .comment       0x00000030       0x31 Extractor.o
 .comment       0x00000030       0x31 Main.o
 .comment       0x00000030       0x31 Masher.o
 .comment       0x00000030       0x31 MilkDispenser.o
 .comment       0x00000030       0x31 MilkManager.o
 .comment       0x00000030       0x31 NewPing.o
 .comment       0x00000030       0x31 OneWire.o
 .comment       0x00000030       0x31 ProcessManagerBase.o
 .comment       0x00000030       0x31 StirManager.o
 .comment       0x00000030       0x31 Stirrer.o
 .comment       0x00000030       0x31 SugarDispenser.o
 .comment       0x00000030       0x31 System.o
 .comment       0x00000030       0x31 TeaMachineApp.o
 .comment       0x00000030       0x31 TeaMachineComponent.o
 .comment       0x00000030       0x31 TeaMachineController.o
 .comment       0x00000030       0x31 UIManager.o
 .comment       0x00000030       0x31 UserControls.o
 .comment       0x00000030       0x31 C:\Users\NICK\Documents\Arduino Projects\TeaMachine\TeaMachine\ArduinoCore\Debug\libArduinoCore.a(abi.o)
 .comment       0x00000030       0x31 C:\Users\NICK\Documents\Arduino Projects\TeaMachine\TeaMachine\ArduinoCore\Debug\libArduinoCore.a(HardwareSerial.o)
 .comment       0x00000030       0x31 C:\Users\NICK\Documents\Arduino Projects\TeaMachine\TeaMachine\ArduinoCore\Debug\libArduinoCore.a(HardwareSerial0.o)
 .comment       0x00000030       0x31 C:\Users\NICK\Documents\Arduino Projects\TeaMachine\TeaMachine\ArduinoCore\Debug\libArduinoCore.a(main.o)
 .comment       0x00000030       0x31 C:\Users\NICK\Documents\Arduino Projects\TeaMachine\TeaMachine\ArduinoCore\Debug\libArduinoCore.a(new.o)
 .comment       0x00000030       0x31 C:\Users\NICK\Documents\Arduino Projects\TeaMachine\TeaMachine\ArduinoCore\Debug\libArduinoCore.a(Print.o)
 .comment       0x00000030       0x31 C:\Users\NICK\Documents\Arduino Projects\TeaMachine\TeaMachine\ArduinoCore\Debug\libArduinoCore.a(wiring.o)
 .comment       0x00000030       0x31 C:\Users\NICK\Documents\Arduino Projects\TeaMachine\TeaMachine\ArduinoCore\Debug\libArduinoCore.a(wiring_digital.o)
 .comment       0x00000030       0x31 C:\Users\NICK\Documents\Arduino Projects\TeaMachine\TeaMachine\ArduinoCore\Debug\libArduinoCore.a(wiring_shift.o)
 .comment       0x00000030       0x31 C:\Users\NICK\Documents\Arduino Projects\TeaMachine\TeaMachine\ArduinoCore\Debug\libArduinoCore.a(WString.o)
 .comment       0x00000030       0x31 C:\Users\NICK\Documents\Arduino Projects\TeaMachine\TeaMachine\ArduinoCore\Debug\libArduinoCore.a(hooks.o)
 .comment       0x00000030       0x31 c:/program files (x86)/atmel/studio/7.0/toolchain/avr8/avr8-gnu-toolchain/bin/../lib/gcc/avr/5.4.0/../../../../avr/lib/avr6\libc.a(dtostrf.o)
 .comment       0x00000030       0x31 c:/program files (x86)/atmel/studio/7.0/toolchain/avr8/avr8-gnu-toolchain/bin/../lib/gcc/avr/5.4.0/../../../../avr/lib/avr6\libc.a(malloc.o)
 .comment       0x00000030       0x31 c:/program files (x86)/atmel/studio/7.0/toolchain/avr8/avr8-gnu-toolchain/bin/../lib/gcc/avr/5.4.0/../../../../avr/lib/avr6\libc.a(realloc.o)
 .comment       0x00000030       0x31 c:/program files (x86)/atmel/studio/7.0/toolchain/avr8/avr8-gnu-toolchain/bin/../lib/gcc/avr/5.4.0/../../../../avr/lib/avr6\libc.a(dtoa_prf.o)

.note.gnu.avr.deviceinfo
                0x00000000       0x40
 .note.gnu.avr.deviceinfo
                0x00000000       0x40 C:/Program Files (x86)/Atmel/Studio/7.0/Packs/atmel/ATmega_DFP/1.1.130/gcc/dev/atmega2560/avr6/crtatmega2560.o

.note.gnu.build-id
 *(.note.gnu.build-id)

.debug
 *(.debug)

.line
 *(.line)

.debug_srcinfo
 *(.debug_srcinfo)

.debug_sfnames
 *(.debug_sfnames)

.debug_aranges  0x00000000     0x1318
 *(.debug_aranges)
 .debug_aranges
                0x00000000       0x38 ATMegaApplicationBase.o